// Jest Snapshot v1, https://goo.gl/fbAQLP

exports[`Spacing renders correctly 1`] = `
Object {
  "asFragment": [Function],
  "baseElement": <body>
    <div>
      <div
        class="root-0-2-1"
      >
        <table
          class="table-0-2-2"
        >
          <caption
            class="zep-visually-hidden"
          >
            Spacing Scale
          </caption>
          <thead
            class="header-0-2-6"
          >
            <tr
              class="tr-0-2-4"
            >
              <th
                class="th-0-2-3 zep-typo--normal-1 capitalize-0-2-8"
                scope="col"
              >
                name
              </th>
              <th
                class="th-0-2-3 zep-typo--normal-1 lowercase-0-2-7"
                scope="col"
              >
                px
              </th>
              <th
                class="th-0-2-3 zep-typo--normal-1 lowercase-0-2-7"
                scope="col"
              >
                rem
              </th>
              <th
                class="th-0-2-3 zep-typo--normal-1 capitalize-0-2-8"
                scope="col"
              >
                actual size
              </th>
            </tr>
          </thead>
          <tbody
            class="tbody-0-2-5"
          >
            <tr
              class="tr-0-2-4"
            >
              <td
                class="th-0-2-3 borderBottom-0-2-9 zep-typo--normal-body2"
                scope="row"
              >
                zep-spacing--xxs
              </td>
              <td
                class="th-0-2-3 borderBottom-0-2-9 zep-typo--normal-body2"
              >
                4px
              </td>
              <td
                class="th-0-2-3 borderBottom-0-2-9 zep-typo--normal-body2"
              >
                0.25rem
              </td>
              <td
                class="th-0-2-3 borderBottom-0-2-9 zep-typo--normal-body2"
              >
                <div
                  class="square-0-2-10"
                  style="width: 4px; height: 4px; color: green;"
                />
              </td>
            </tr>
            <tr
              class="tr-0-2-4"
            >
              <td
                class="th-0-2-3 borderBottom-0-2-9 zep-typo--normal-body2"
                scope="row"
              >
                zep-spacing--xs
              </td>
              <td
                class="th-0-2-3 borderBottom-0-2-9 zep-typo--normal-body2"
              >
                8px
              </td>
              <td
                class="th-0-2-3 borderBottom-0-2-9 zep-typo--normal-body2"
              >
                0.5rem
              </td>
              <td
                class="th-0-2-3 borderBottom-0-2-9 zep-typo--normal-body2"
              >
                <div
                  class="square-0-2-10"
                  style="width: 8px; height: 8px; color: green;"
                />
              </td>
            </tr>
            <tr
              class="tr-0-2-4"
            >
              <td
                class="th-0-2-3 borderBottom-0-2-9 zep-typo--normal-body2"
                scope="row"
              >
                zep-spacing--s
              </td>
              <td
                class="th-0-2-3 borderBottom-0-2-9 zep-typo--normal-body2"
              >
                12px
              </td>
              <td
                class="th-0-2-3 borderBottom-0-2-9 zep-typo--normal-body2"
              >
                0.75rem
              </td>
              <td
                class="th-0-2-3 borderBottom-0-2-9 zep-typo--normal-body2"
              >
                <div
                  class="square-0-2-10"
                  style="width: 12px; height: 12px; color: green;"
                />
              </td>
            </tr>
            <tr
              class="tr-0-2-4"
            >
              <td
                class="th-0-2-3 borderBottom-0-2-9 zep-typo--normal-body2"
                scope="row"
              >
                zep-spacing--m
              </td>
              <td
                class="th-0-2-3 borderBottom-0-2-9 zep-typo--normal-body2"
              >
                16px
              </td>
              <td
                class="th-0-2-3 borderBottom-0-2-9 zep-typo--normal-body2"
              >
                1rem
              </td>
              <td
                class="th-0-2-3 borderBottom-0-2-9 zep-typo--normal-body2"
              >
                <div
                  class="square-0-2-10"
                  style="width: 16px; height: 16px; color: green;"
                />
              </td>
            </tr>
            <tr
              class="tr-0-2-4"
            >
              <td
                class="th-0-2-3 borderBottom-0-2-9 zep-typo--normal-body2"
                scope="row"
              >
                zep-spacing--l
              </td>
              <td
                class="th-0-2-3 borderBottom-0-2-9 zep-typo--normal-body2"
              >
                24px
              </td>
              <td
                class="th-0-2-3 borderBottom-0-2-9 zep-typo--normal-body2"
              >
                1.5rem
              </td>
              <td
                class="th-0-2-3 borderBottom-0-2-9 zep-typo--normal-body2"
              >
                <div
                  class="square-0-2-10"
                  style="width: 24px; height: 24px; color: green;"
                />
              </td>
            </tr>
            <tr
              class="tr-0-2-4"
            >
              <td
                class="th-0-2-3 borderBottom-0-2-9 zep-typo--normal-body2"
                scope="row"
              >
                zep-spacing--xl
              </td>
              <td
                class="th-0-2-3 borderBottom-0-2-9 zep-typo--normal-body2"
              >
                32px
              </td>
              <td
                class="th-0-2-3 borderBottom-0-2-9 zep-typo--normal-body2"
              >
                2rem
              </td>
              <td
                class="th-0-2-3 borderBottom-0-2-9 zep-typo--normal-body2"
              >
                <div
                  class="square-0-2-10"
                  style="width: 32px; height: 32px; color: green;"
                />
              </td>
            </tr>
            <tr
              class="tr-0-2-4"
            >
              <td
                class="th-0-2-3 borderBottom-0-2-9 zep-typo--normal-body2"
                scope="row"
              >
                zep-spacing--xxl
              </td>
              <td
                class="th-0-2-3 borderBottom-0-2-9 zep-typo--normal-body2"
              >
                48px
              </td>
              <td
                class="th-0-2-3 borderBottom-0-2-9 zep-typo--normal-body2"
              >
                3rem
              </td>
              <td
                class="th-0-2-3 borderBottom-0-2-9 zep-typo--normal-body2"
              >
                <div
                  class="square-0-2-10"
                  style="width: 48px; height: 48px; color: green;"
                />
              </td>
            </tr>
          </tbody>
        </table>
      </div>
    </div>
  </body>,
  "container": <div>
    <div
      class="root-0-2-1"
    >
      <table
        class="table-0-2-2"
      >
        <caption
          class="zep-visually-hidden"
        >
          Spacing Scale
        </caption>
        <thead
          class="header-0-2-6"
        >
          <tr
            class="tr-0-2-4"
          >
            <th
              class="th-0-2-3 zep-typo--normal-1 capitalize-0-2-8"
              scope="col"
            >
              name
            </th>
            <th
              class="th-0-2-3 zep-typo--normal-1 lowercase-0-2-7"
              scope="col"
            >
              px
            </th>
            <th
              class="th-0-2-3 zep-typo--normal-1 lowercase-0-2-7"
              scope="col"
            >
              rem
            </th>
            <th
              class="th-0-2-3 zep-typo--normal-1 capitalize-0-2-8"
              scope="col"
            >
              actual size
            </th>
          </tr>
        </thead>
        <tbody
          class="tbody-0-2-5"
        >
          <tr
            class="tr-0-2-4"
          >
            <td
              class="th-0-2-3 borderBottom-0-2-9 zep-typo--normal-body2"
              scope="row"
            >
              zep-spacing--xxs
            </td>
            <td
              class="th-0-2-3 borderBottom-0-2-9 zep-typo--normal-body2"
            >
              4px
            </td>
            <td
              class="th-0-2-3 borderBottom-0-2-9 zep-typo--normal-body2"
            >
              0.25rem
            </td>
            <td
              class="th-0-2-3 borderBottom-0-2-9 zep-typo--normal-body2"
            >
              <div
                class="square-0-2-10"
                style="width: 4px; height: 4px; color: green;"
              />
            </td>
          </tr>
          <tr
            class="tr-0-2-4"
          >
            <td
              class="th-0-2-3 borderBottom-0-2-9 zep-typo--normal-body2"
              scope="row"
            >
              zep-spacing--xs
            </td>
            <td
              class="th-0-2-3 borderBottom-0-2-9 zep-typo--normal-body2"
            >
              8px
            </td>
            <td
              class="th-0-2-3 borderBottom-0-2-9 zep-typo--normal-body2"
            >
              0.5rem
            </td>
            <td
              class="th-0-2-3 borderBottom-0-2-9 zep-typo--normal-body2"
            >
              <div
                class="square-0-2-10"
                style="width: 8px; height: 8px; color: green;"
              />
            </td>
          </tr>
          <tr
            class="tr-0-2-4"
          >
            <td
              class="th-0-2-3 borderBottom-0-2-9 zep-typo--normal-body2"
              scope="row"
            >
              zep-spacing--s
            </td>
            <td
              class="th-0-2-3 borderBottom-0-2-9 zep-typo--normal-body2"
            >
              12px
            </td>
            <td
              class="th-0-2-3 borderBottom-0-2-9 zep-typo--normal-body2"
            >
              0.75rem
            </td>
            <td
              class="th-0-2-3 borderBottom-0-2-9 zep-typo--normal-body2"
            >
              <div
                class="square-0-2-10"
                style="width: 12px; height: 12px; color: green;"
              />
            </td>
          </tr>
          <tr
            class="tr-0-2-4"
          >
            <td
              class="th-0-2-3 borderBottom-0-2-9 zep-typo--normal-body2"
              scope="row"
            >
              zep-spacing--m
            </td>
            <td
              class="th-0-2-3 borderBottom-0-2-9 zep-typo--normal-body2"
            >
              16px
            </td>
            <td
              class="th-0-2-3 borderBottom-0-2-9 zep-typo--normal-body2"
            >
              1rem
            </td>
            <td
              class="th-0-2-3 borderBottom-0-2-9 zep-typo--normal-body2"
            >
              <div
                class="square-0-2-10"
                style="width: 16px; height: 16px; color: green;"
              />
            </td>
          </tr>
          <tr
            class="tr-0-2-4"
          >
            <td
              class="th-0-2-3 borderBottom-0-2-9 zep-typo--normal-body2"
              scope="row"
            >
              zep-spacing--l
            </td>
            <td
              class="th-0-2-3 borderBottom-0-2-9 zep-typo--normal-body2"
            >
              24px
            </td>
            <td
              class="th-0-2-3 borderBottom-0-2-9 zep-typo--normal-body2"
            >
              1.5rem
            </td>
            <td
              class="th-0-2-3 borderBottom-0-2-9 zep-typo--normal-body2"
            >
              <div
                class="square-0-2-10"
                style="width: 24px; height: 24px; color: green;"
              />
            </td>
          </tr>
          <tr
            class="tr-0-2-4"
          >
            <td
              class="th-0-2-3 borderBottom-0-2-9 zep-typo--normal-body2"
              scope="row"
            >
              zep-spacing--xl
            </td>
            <td
              class="th-0-2-3 borderBottom-0-2-9 zep-typo--normal-body2"
            >
              32px
            </td>
            <td
              class="th-0-2-3 borderBottom-0-2-9 zep-typo--normal-body2"
            >
              2rem
            </td>
            <td
              class="th-0-2-3 borderBottom-0-2-9 zep-typo--normal-body2"
            >
              <div
                class="square-0-2-10"
                style="width: 32px; height: 32px; color: green;"
              />
            </td>
          </tr>
          <tr
            class="tr-0-2-4"
          >
            <td
              class="th-0-2-3 borderBottom-0-2-9 zep-typo--normal-body2"
              scope="row"
            >
              zep-spacing--xxl
            </td>
            <td
              class="th-0-2-3 borderBottom-0-2-9 zep-typo--normal-body2"
            >
              48px
            </td>
            <td
              class="th-0-2-3 borderBottom-0-2-9 zep-typo--normal-body2"
            >
              3rem
            </td>
            <td
              class="th-0-2-3 borderBottom-0-2-9 zep-typo--normal-body2"
            >
              <div
                class="square-0-2-10"
                style="width: 48px; height: 48px; color: green;"
              />
            </td>
          </tr>
        </tbody>
      </table>
    </div>
  </div>,
  "debug": [Function],
  "findAllByAltText": [Function],
  "findAllByDisplayValue": [Function],
  "findAllByLabelText": [Function],
  "findAllByPlaceholderText": [Function],
  "findAllByRole": [Function],
  "findAllByTestId": [Function],
  "findAllByText": [Function],
  "findAllByTitle": [Function],
  "findByAltText": [Function],
  "findByDisplayValue": [Function],
  "findByLabelText": [Function],
  "findByPlaceholderText": [Function],
  "findByRole": [Function],
  "findByTestId": [Function],
  "findByText": [Function],
  "findByTitle": [Function],
  "getAllByAltText": [Function],
  "getAllByDisplayValue": [Function],
  "getAllByLabelText": [Function],
  "getAllByPlaceholderText": [Function],
  "getAllByRole": [Function],
  "getAllByTestId": [Function],
  "getAllByText": [Function],
  "getAllByTitle": [Function],
  "getByAltText": [Function],
  "getByDisplayValue": [Function],
  "getByLabelText": [Function],
  "getByPlaceholderText": [Function],
  "getByRole": [Function],
  "getByTestId": [Function],
  "getByText": [Function],
  "getByTitle": [Function],
  "queryAllByAltText": [Function],
  "queryAllByDisplayValue": [Function],
  "queryAllByLabelText": [Function],
  "queryAllByPlaceholderText": [Function],
  "queryAllByRole": [Function],
  "queryAllByTestId": [Function],
  "queryAllByText": [Function],
  "queryAllByTitle": [Function],
  "queryByAltText": [Function],
  "queryByDisplayValue": [Function],
  "queryByLabelText": [Function],
  "queryByPlaceholderText": [Function],
  "queryByRole": [Function],
  "queryByTestId": [Function],
  "queryByText": [Function],
  "queryByTitle": [Function],
  "rerender": [Function],
  "unmount": [Function],
}
`;
