// Jest Snapshot v1, https://goo.gl/fbAQLP

exports[`Typefaces renders correctly 1`] = `
Object {
  "asFragment": [Function],
  "baseElement": <body>
    <div>
      <div
        class="makeStyles-root-1"
      >
        <div
          class="makeStyles-container-2"
        >
          <div
            class="makeStyles-titleContainer-3"
          >
            <p
              class="makeStyles-title-4"
              style="font-family: Roboto, sans-serif;"
            >
              Lorem Ipsum
            </p>
          </div>
          <div
            class="makeStyles-buttonContainer-5"
          >
            <p
              class="makeStyles-text-6"
            >
              roboto
               Font Family
            </p>
            <a
              aria-label="Launch"
              class="makeStyles-link-7"
              href="https://fonts.google.com/specimen/Roboto"
              rel="noopener"
              target="_blank"
            >
              <svg
                aria-labelledby="title_launch"
                height="24"
                viewBox="0 0 24 24"
                width="24"
                xmlns="http://www.w3.org/2000/svg"
              >
                <title
                  id="title_launch"
                >
                  Open In New
                </title>
                <path
                  d="M14,3 L14,5 L17.59,5 L7.76,14.83 L9.17,16.24 L19,6.41 L19,10 L21,10 L21,3 L14,3 Z M19,19 L5,19 L5,5 L12,5 L12,3 L5,3 C3.89,3 3,3.9 3,5 L3,19 C3,20.1045695 3.8954305,21 5,21 L19,21 C20.1045695,21 21,20.1045695 21,19 L21,12 L19,12 L19,19 Z"
                  fill="currentColor"
                />
              </svg>
            </a>
          </div>
        </div>
        <div
          class="makeStyles-container-2"
        >
          <div
            class="makeStyles-titleContainer-3"
          >
            <p
              class="makeStyles-title-4"
              style="font-family: Roboto Condensed, sans-serif;"
            >
              Lorem Ipsum
            </p>
          </div>
          <div
            class="makeStyles-buttonContainer-5"
          >
            <p
              class="makeStyles-text-6"
            >
              robotoCondensed
               Font Family
            </p>
            <a
              aria-label="Launch"
              class="makeStyles-link-7"
              href="https://fonts.google.com/specimen/Roboto+Condensed"
              rel="noopener"
              target="_blank"
            >
              <svg
                aria-labelledby="title_launch"
                height="24"
                viewBox="0 0 24 24"
                width="24"
                xmlns="http://www.w3.org/2000/svg"
              >
                <title
                  id="title_launch"
                >
                  Open In New
                </title>
                <path
                  d="M14,3 L14,5 L17.59,5 L7.76,14.83 L9.17,16.24 L19,6.41 L19,10 L21,10 L21,3 L14,3 Z M19,19 L5,19 L5,5 L12,5 L12,3 L5,3 C3.89,3 3,3.9 3,5 L3,19 C3,20.1045695 3.8954305,21 5,21 L19,21 C20.1045695,21 21,20.1045695 21,19 L21,12 L19,12 L19,19 Z"
                  fill="currentColor"
                />
              </svg>
            </a>
          </div>
        </div>
      </div>
    </div>
  </body>,
  "container": <div>
    <div
      class="makeStyles-root-1"
    >
      <div
        class="makeStyles-container-2"
      >
        <div
          class="makeStyles-titleContainer-3"
        >
          <p
            class="makeStyles-title-4"
            style="font-family: Roboto, sans-serif;"
          >
            Lorem Ipsum
          </p>
        </div>
        <div
          class="makeStyles-buttonContainer-5"
        >
          <p
            class="makeStyles-text-6"
          >
            roboto
             Font Family
          </p>
          <a
            aria-label="Launch"
            class="makeStyles-link-7"
            href="https://fonts.google.com/specimen/Roboto"
            rel="noopener"
            target="_blank"
          >
            <svg
              aria-labelledby="title_launch"
              height="24"
              viewBox="0 0 24 24"
              width="24"
              xmlns="http://www.w3.org/2000/svg"
            >
              <title
                id="title_launch"
              >
                Open In New
              </title>
              <path
                d="M14,3 L14,5 L17.59,5 L7.76,14.83 L9.17,16.24 L19,6.41 L19,10 L21,10 L21,3 L14,3 Z M19,19 L5,19 L5,5 L12,5 L12,3 L5,3 C3.89,3 3,3.9 3,5 L3,19 C3,20.1045695 3.8954305,21 5,21 L19,21 C20.1045695,21 21,20.1045695 21,19 L21,12 L19,12 L19,19 Z"
                fill="currentColor"
              />
            </svg>
          </a>
        </div>
      </div>
      <div
        class="makeStyles-container-2"
      >
        <div
          class="makeStyles-titleContainer-3"
        >
          <p
            class="makeStyles-title-4"
            style="font-family: Roboto Condensed, sans-serif;"
          >
            Lorem Ipsum
          </p>
        </div>
        <div
          class="makeStyles-buttonContainer-5"
        >
          <p
            class="makeStyles-text-6"
          >
            robotoCondensed
             Font Family
          </p>
          <a
            aria-label="Launch"
            class="makeStyles-link-7"
            href="https://fonts.google.com/specimen/Roboto+Condensed"
            rel="noopener"
            target="_blank"
          >
            <svg
              aria-labelledby="title_launch"
              height="24"
              viewBox="0 0 24 24"
              width="24"
              xmlns="http://www.w3.org/2000/svg"
            >
              <title
                id="title_launch"
              >
                Open In New
              </title>
              <path
                d="M14,3 L14,5 L17.59,5 L7.76,14.83 L9.17,16.24 L19,6.41 L19,10 L21,10 L21,3 L14,3 Z M19,19 L5,19 L5,5 L12,5 L12,3 L5,3 C3.89,3 3,3.9 3,5 L3,19 C3,20.1045695 3.8954305,21 5,21 L19,21 C20.1045695,21 21,20.1045695 21,19 L21,12 L19,12 L19,19 Z"
                fill="currentColor"
              />
            </svg>
          </a>
        </div>
      </div>
    </div>
  </div>,
  "debug": [Function],
  "findAllByAltText": [Function],
  "findAllByDisplayValue": [Function],
  "findAllByLabelText": [Function],
  "findAllByPlaceholderText": [Function],
  "findAllByRole": [Function],
  "findAllByTestId": [Function],
  "findAllByText": [Function],
  "findAllByTitle": [Function],
  "findByAltText": [Function],
  "findByDisplayValue": [Function],
  "findByLabelText": [Function],
  "findByPlaceholderText": [Function],
  "findByRole": [Function],
  "findByTestId": [Function],
  "findByText": [Function],
  "findByTitle": [Function],
  "getAllByAltText": [Function],
  "getAllByDisplayValue": [Function],
  "getAllByLabelText": [Function],
  "getAllByPlaceholderText": [Function],
  "getAllByRole": [Function],
  "getAllByTestId": [Function],
  "getAllByText": [Function],
  "getAllByTitle": [Function],
  "getByAltText": [Function],
  "getByDisplayValue": [Function],
  "getByLabelText": [Function],
  "getByPlaceholderText": [Function],
  "getByRole": [Function],
  "getByTestId": [Function],
  "getByText": [Function],
  "getByTitle": [Function],
  "queryAllByAltText": [Function],
  "queryAllByDisplayValue": [Function],
  "queryAllByLabelText": [Function],
  "queryAllByPlaceholderText": [Function],
  "queryAllByRole": [Function],
  "queryAllByTestId": [Function],
  "queryAllByText": [Function],
  "queryAllByTitle": [Function],
  "queryByAltText": [Function],
  "queryByDisplayValue": [Function],
  "queryByLabelText": [Function],
  "queryByPlaceholderText": [Function],
  "queryByRole": [Function],
  "queryByTestId": [Function],
  "queryByText": [Function],
  "queryByTitle": [Function],
  "rerender": [Function],
  "unmount": [Function],
}
`;
