// Jest Snapshot v1, https://goo.gl/fbAQLP

exports[`NumberInput renders correctly 1`] = `
Object {
  "asFragment": [Function],
  "baseElement": <body>
    <div>
      <div
        class="zep-numberinput"
      >
        <button
          class="zep-button zep-button--icon"
          data-testid="minus"
        >
          <svg
            aria-labelledby="title_menu"
            class="zep-button__icon"
            height="32"
            viewBox="0 0 24 24"
            width="32"
            xmlns="http://www.w3.org/2000/svg"
          >
            <title
              id="title_menu"
            >
              Minus
            </title>
            <path
              d="M25.333 17.333h-18.667v-2.667h18.667z"
              fill="currentColor"
            />
          </svg>
        </button>
        <label
          class="zep-visually-hidden"
          for="numberInput_mockLabel"
        >
          mockLabel
        </label>
        <input
          class="zep-input zep-input--number"
          id="numberInput_mockLabel"
          type="text"
          value="0"
        />
        <button
          class="zep-button zep-button--icon"
          data-testid="plus"
        >
          <svg
            aria-labelledby="title_menu"
            class="zep-button__icon"
            height="32"
            viewBox="0 0 24 24"
            width="32"
            xmlns="http://www.w3.org/2000/svg"
          >
            <title
              id="title_menu"
            >
              Plus
            </title>
            <path
              d="M25.333 17.333h-8v8h-2.667v-8h-8v-2.667h8v-8h2.667v8h8z"
              fill="currentColor"
            />
          </svg>
        </button>
      </div>
    </div>
  </body>,
  "container": <div>
    <div
      class="zep-numberinput"
    >
      <button
        class="zep-button zep-button--icon"
        data-testid="minus"
      >
        <svg
          aria-labelledby="title_menu"
          class="zep-button__icon"
          height="32"
          viewBox="0 0 24 24"
          width="32"
          xmlns="http://www.w3.org/2000/svg"
        >
          <title
            id="title_menu"
          >
            Minus
          </title>
          <path
            d="M25.333 17.333h-18.667v-2.667h18.667z"
            fill="currentColor"
          />
        </svg>
      </button>
      <label
        class="zep-visually-hidden"
        for="numberInput_mockLabel"
      >
        mockLabel
      </label>
      <input
        class="zep-input zep-input--number"
        id="numberInput_mockLabel"
        type="text"
        value="0"
      />
      <button
        class="zep-button zep-button--icon"
        data-testid="plus"
      >
        <svg
          aria-labelledby="title_menu"
          class="zep-button__icon"
          height="32"
          viewBox="0 0 24 24"
          width="32"
          xmlns="http://www.w3.org/2000/svg"
        >
          <title
            id="title_menu"
          >
            Plus
          </title>
          <path
            d="M25.333 17.333h-8v8h-2.667v-8h-8v-2.667h8v-8h2.667v8h8z"
            fill="currentColor"
          />
        </svg>
      </button>
    </div>
  </div>,
  "debug": [Function],
  "findAllByAltText": [Function],
  "findAllByDisplayValue": [Function],
  "findAllByLabelText": [Function],
  "findAllByPlaceholderText": [Function],
  "findAllByRole": [Function],
  "findAllByTestId": [Function],
  "findAllByText": [Function],
  "findAllByTitle": [Function],
  "findByAltText": [Function],
  "findByDisplayValue": [Function],
  "findByLabelText": [Function],
  "findByPlaceholderText": [Function],
  "findByRole": [Function],
  "findByTestId": [Function],
  "findByText": [Function],
  "findByTitle": [Function],
  "getAllByAltText": [Function],
  "getAllByDisplayValue": [Function],
  "getAllByLabelText": [Function],
  "getAllByPlaceholderText": [Function],
  "getAllByRole": [Function],
  "getAllByTestId": [Function],
  "getAllByText": [Function],
  "getAllByTitle": [Function],
  "getByAltText": [Function],
  "getByDisplayValue": [Function],
  "getByLabelText": [Function],
  "getByPlaceholderText": [Function],
  "getByRole": [Function],
  "getByTestId": [Function],
  "getByText": [Function],
  "getByTitle": [Function],
  "queryAllByAltText": [Function],
  "queryAllByDisplayValue": [Function],
  "queryAllByLabelText": [Function],
  "queryAllByPlaceholderText": [Function],
  "queryAllByRole": [Function],
  "queryAllByTestId": [Function],
  "queryAllByText": [Function],
  "queryAllByTitle": [Function],
  "queryByAltText": [Function],
  "queryByDisplayValue": [Function],
  "queryByLabelText": [Function],
  "queryByPlaceholderText": [Function],
  "queryByRole": [Function],
  "queryByTestId": [Function],
  "queryByText": [Function],
  "queryByTitle": [Function],
  "rerender": [Function],
  "unmount": [Function],
}
`;
