// Jest Snapshot v1, https://goo.gl/fbAQLP

exports[`SearchExampleMui renders correctly 1`] = `
Object {
  "asFragment": [Function],
  "baseElement": <body>
    <div>
      <div>
        <div
          aria-expanded="false"
          class="MuiAutocomplete-root"
          role="combobox"
          style="width: 300px;"
        >
          <div>
            <div
              abel="Search box"
              aria-autocomplete="list"
              autocapitalize="none"
              class="MuiInputBase-root MuiOutlinedInput-root MuiAutocomplete-input MuiAutocomplete-inputFocused MuiInputBase-adornedEnd MuiOutlinedInput-adornedEnd"
              spellcheck="false"
              style="border-radius: 0;"
              variant="outlined"
            >
              <input
                autocomplete="off"
                class="MuiInputBase-input MuiOutlinedInput-input MuiInputBase-inputAdornedEnd MuiOutlinedInput-inputAdornedEnd"
                id="-example"
                type="text"
                value=""
              />
              <div
                class="MuiInputAdornment-root MuiInputAdornment-positionEnd"
              >
                <svg
                  aria-hidden="true"
                  data-testid="ZepIconEssentialSearchIcon"
                  focusable="false"
                  height="24"
                  viewBox="0 0 24 24"
                  width="24"
                >
                  <path
                    d="M12.1706 3.0598a8.1775 8.1775 0 016.533 4.9185c1.2563 2.9562.639 6.2387-1.3176 8.5235l5.431 5.4313a.625.625 0 01-.7974.9561l-.0866-.0723-5.4306-5.431a8.1734 8.1734 0 01-2.1264 1.317c-4.1565 1.7664-8.958-.1711-10.7245-4.3276a8.1775 8.1775 0 018.519-11.3155zM5.6432 7.0101a6.9275 6.9275 0 00-.8413 6.8763c1.4965 3.5211 5.564 5.1624 9.0852 3.666 3.5212-1.4965 5.1625-5.564 3.666-9.0852a6.9275 6.9275 0 00-11.91-1.457z"
                    fill="#000"
                    fill-opacity=".84"
                    fill-rule="evenodd"
                    transform="scale(Infinity, Infinity)"
                  />
                </svg>
              </div>
              <fieldset
                aria-hidden="true"
                class="PrivateNotchedOutline-root-1 MuiOutlinedInput-notchedOutline"
                style="padding-left: 8px;"
              >
                <legend
                  class="PrivateNotchedOutline-legend-2"
                  style="width: 0.01px;"
                >
                  <span>
                    ​
                  </span>
                </legend>
              </fieldset>
            </div>
          </div>
        </div>
      </div>
    </div>
  </body>,
  "container": <div>
    <div>
      <div
        aria-expanded="false"
        class="MuiAutocomplete-root"
        role="combobox"
        style="width: 300px;"
      >
        <div>
          <div
            abel="Search box"
            aria-autocomplete="list"
            autocapitalize="none"
            class="MuiInputBase-root MuiOutlinedInput-root MuiAutocomplete-input MuiAutocomplete-inputFocused MuiInputBase-adornedEnd MuiOutlinedInput-adornedEnd"
            spellcheck="false"
            style="border-radius: 0;"
            variant="outlined"
          >
            <input
              autocomplete="off"
              class="MuiInputBase-input MuiOutlinedInput-input MuiInputBase-inputAdornedEnd MuiOutlinedInput-inputAdornedEnd"
              id="-example"
              type="text"
              value=""
            />
            <div
              class="MuiInputAdornment-root MuiInputAdornment-positionEnd"
            >
              <svg
                aria-hidden="true"
                data-testid="ZepIconEssentialSearchIcon"
                focusable="false"
                height="24"
                viewBox="0 0 24 24"
                width="24"
              >
                <path
                  d="M12.1706 3.0598a8.1775 8.1775 0 016.533 4.9185c1.2563 2.9562.639 6.2387-1.3176 8.5235l5.431 5.4313a.625.625 0 01-.7974.9561l-.0866-.0723-5.4306-5.431a8.1734 8.1734 0 01-2.1264 1.317c-4.1565 1.7664-8.958-.1711-10.7245-4.3276a8.1775 8.1775 0 018.519-11.3155zM5.6432 7.0101a6.9275 6.9275 0 00-.8413 6.8763c1.4965 3.5211 5.564 5.1624 9.0852 3.666 3.5212-1.4965 5.1625-5.564 3.666-9.0852a6.9275 6.9275 0 00-11.91-1.457z"
                  fill="#000"
                  fill-opacity=".84"
                  fill-rule="evenodd"
                  transform="scale(Infinity, Infinity)"
                />
              </svg>
            </div>
            <fieldset
              aria-hidden="true"
              class="PrivateNotchedOutline-root-1 MuiOutlinedInput-notchedOutline"
              style="padding-left: 8px;"
            >
              <legend
                class="PrivateNotchedOutline-legend-2"
                style="width: 0.01px;"
              >
                <span>
                  ​
                </span>
              </legend>
            </fieldset>
          </div>
        </div>
      </div>
    </div>
  </div>,
  "debug": [Function],
  "findAllByAltText": [Function],
  "findAllByDisplayValue": [Function],
  "findAllByLabelText": [Function],
  "findAllByPlaceholderText": [Function],
  "findAllByRole": [Function],
  "findAllByTestId": [Function],
  "findAllByText": [Function],
  "findAllByTitle": [Function],
  "findByAltText": [Function],
  "findByDisplayValue": [Function],
  "findByLabelText": [Function],
  "findByPlaceholderText": [Function],
  "findByRole": [Function],
  "findByTestId": [Function],
  "findByText": [Function],
  "findByTitle": [Function],
  "getAllByAltText": [Function],
  "getAllByDisplayValue": [Function],
  "getAllByLabelText": [Function],
  "getAllByPlaceholderText": [Function],
  "getAllByRole": [Function],
  "getAllByTestId": [Function],
  "getAllByText": [Function],
  "getAllByTitle": [Function],
  "getByAltText": [Function],
  "getByDisplayValue": [Function],
  "getByLabelText": [Function],
  "getByPlaceholderText": [Function],
  "getByRole": [Function],
  "getByTestId": [Function],
  "getByText": [Function],
  "getByTitle": [Function],
  "queryAllByAltText": [Function],
  "queryAllByDisplayValue": [Function],
  "queryAllByLabelText": [Function],
  "queryAllByPlaceholderText": [Function],
  "queryAllByRole": [Function],
  "queryAllByTestId": [Function],
  "queryAllByText": [Function],
  "queryAllByTitle": [Function],
  "queryByAltText": [Function],
  "queryByDisplayValue": [Function],
  "queryByLabelText": [Function],
  "queryByPlaceholderText": [Function],
  "queryByRole": [Function],
  "queryByTestId": [Function],
  "queryByText": [Function],
  "queryByTitle": [Function],
  "rerender": [Function],
  "unmount": [Function],
}
`;
