// Jest Snapshot v1, https://goo.gl/fbAQLP

exports[`DownloadFile renders correctly 1`] = `
Object {
  "asFragment": [Function],
  "baseElement": <body>
    <div>
      <div
        class="makeStyles-root-1"
      >
        <p
          class="zep-typo--body-default makeStyles-text-4"
        >
          mockTitle
        </p>
        <div
          class="makeStyles-container-2"
        >
          <button
            class="makeStyles-button-7 makeStyles-button-9"
            data-testid="downloadButton"
          >
            <svg
              aria-hidden="true"
              class="makeStyles-icon-8"
              data-testid="ZepIconEssentialDownloadIcon"
              focusable="false"
              height="24"
              viewBox="0 0 24 24"
              width="24"
            >
              <path
                d="M21.25 14.375a.6251.6251 0 01.6182.5326L21.875 15v1.25c0 1.6664-1.3043 3.0281-2.9477 3.12l-.1773.005H5c-1.6664 0-3.0281-1.3043-3.12-2.9477l-.005-.1773V15a.625.625 0 011.2432-.0924L3.125 15v1.25c0 .9862.7614 1.7946 1.7285 1.8694L5 18.125h13.75c.9862 0 1.7946-.7614 1.8694-1.7285l.0056-.1465V15a.625.625 0 01.625-.625zm-9.375-10a.6251.6251 0 01.6182.5326L12.5 5v8.492l2.683-2.684a.6252.6252 0 01.7974-.0723l.0865.0724c.217.217.2411.5537.0724.7973l-.0724.0865-3.7927 3.789-.0664.0482-.0636.0351-.0802.0317a.6273.6273 0 01-.323.0147l-.0892-.0266-.0832-.0391-.049-.0306-.0523-.0407-3.7842-3.7817a.625.625 0 01.7973-.9562l.0865.0724L11.25 13.492V5a.625.625 0 01.625-.625z"
                fill="#000"
                fill-opacity=".84"
                fill-rule="evenodd"
                transform="scale(Infinity, Infinity)"
              />
            </svg>
          </button>
        </div>
      </div>
    </div>
  </body>,
  "container": <div>
    <div
      class="makeStyles-root-1"
    >
      <p
        class="zep-typo--body-default makeStyles-text-4"
      >
        mockTitle
      </p>
      <div
        class="makeStyles-container-2"
      >
        <button
          class="makeStyles-button-7 makeStyles-button-9"
          data-testid="downloadButton"
        >
          <svg
            aria-hidden="true"
            class="makeStyles-icon-8"
            data-testid="ZepIconEssentialDownloadIcon"
            focusable="false"
            height="24"
            viewBox="0 0 24 24"
            width="24"
          >
            <path
              d="M21.25 14.375a.6251.6251 0 01.6182.5326L21.875 15v1.25c0 1.6664-1.3043 3.0281-2.9477 3.12l-.1773.005H5c-1.6664 0-3.0281-1.3043-3.12-2.9477l-.005-.1773V15a.625.625 0 011.2432-.0924L3.125 15v1.25c0 .9862.7614 1.7946 1.7285 1.8694L5 18.125h13.75c.9862 0 1.7946-.7614 1.8694-1.7285l.0056-.1465V15a.625.625 0 01.625-.625zm-9.375-10a.6251.6251 0 01.6182.5326L12.5 5v8.492l2.683-2.684a.6252.6252 0 01.7974-.0723l.0865.0724c.217.217.2411.5537.0724.7973l-.0724.0865-3.7927 3.789-.0664.0482-.0636.0351-.0802.0317a.6273.6273 0 01-.323.0147l-.0892-.0266-.0832-.0391-.049-.0306-.0523-.0407-3.7842-3.7817a.625.625 0 01.7973-.9562l.0865.0724L11.25 13.492V5a.625.625 0 01.625-.625z"
              fill="#000"
              fill-opacity=".84"
              fill-rule="evenodd"
              transform="scale(Infinity, Infinity)"
            />
          </svg>
        </button>
      </div>
    </div>
  </div>,
  "debug": [Function],
  "findAllByAltText": [Function],
  "findAllByDisplayValue": [Function],
  "findAllByLabelText": [Function],
  "findAllByPlaceholderText": [Function],
  "findAllByRole": [Function],
  "findAllByTestId": [Function],
  "findAllByText": [Function],
  "findAllByTitle": [Function],
  "findByAltText": [Function],
  "findByDisplayValue": [Function],
  "findByLabelText": [Function],
  "findByPlaceholderText": [Function],
  "findByRole": [Function],
  "findByTestId": [Function],
  "findByText": [Function],
  "findByTitle": [Function],
  "getAllByAltText": [Function],
  "getAllByDisplayValue": [Function],
  "getAllByLabelText": [Function],
  "getAllByPlaceholderText": [Function],
  "getAllByRole": [Function],
  "getAllByTestId": [Function],
  "getAllByText": [Function],
  "getAllByTitle": [Function],
  "getByAltText": [Function],
  "getByDisplayValue": [Function],
  "getByLabelText": [Function],
  "getByPlaceholderText": [Function],
  "getByRole": [Function],
  "getByTestId": [Function],
  "getByText": [Function],
  "getByTitle": [Function],
  "queryAllByAltText": [Function],
  "queryAllByDisplayValue": [Function],
  "queryAllByLabelText": [Function],
  "queryAllByPlaceholderText": [Function],
  "queryAllByRole": [Function],
  "queryAllByTestId": [Function],
  "queryAllByText": [Function],
  "queryAllByTitle": [Function],
  "queryByAltText": [Function],
  "queryByDisplayValue": [Function],
  "queryByLabelText": [Function],
  "queryByPlaceholderText": [Function],
  "queryByRole": [Function],
  "queryByTestId": [Function],
  "queryByText": [Function],
  "queryByTitle": [Function],
  "rerender": [Function],
  "unmount": [Function],
}
`;
