// Jest Snapshot v1, https://goo.gl/fbAQLP

exports[`Colors renders correctly 1`] = `
Object {
  "asFragment": [Function],
  "baseElement": <body>
    <div>
      <div
        class="Colors-root-0-1-1"
      >
        <div
          class="Swatch-root-0-1-2"
        >
          <button
            class="zds-button Swatch-button-0-1-3"
            style="background: rgb(39, 22, 111);"
          >
            <span
              class="Swatch-backdrop-0-1-4"
            />
            <span
              class="Swatch-backdropContent-0-1-5"
            >
              <svg
                aria-labelledby="title"
                class="Swatch-icon-0-1-6"
                height="32"
                viewBox="0 0 24 24"
                width="32"
                xmlns="http://www.w3.org/2000/svg"
              >
                <title
                  id="title"
                >
                  Copy Icon
                </title>
                <path
                  d="M0 0h24v24H0V0z"
                  fill="none"
                />
                <path
                  d="M16 1H4c-1.1 0-2 .9-2 2v14h2V3h12V1zm-1 4H8c-1.1 0-1.99.9-1.99 2L6 21c0 1.1.89 2 1.99 2H19c1.1 0 2-.9 2-2V11l-6-6zM8 21V7h6v5h5v9H8z"
                  fill="currentColor"
                />
              </svg>
              <span
                class="Swatch-text-0-1-7"
                data-testid="swatch-text"
              >
                #27166f
              </span>
            </span>
          </button>
          <p>
            purple
          </p>
        </div>
        <div
          class="Swatch-root-0-1-2"
        >
          <button
            class="zds-button Swatch-button-0-1-3"
            style="background: rgb(50, 56, 72);"
          >
            <span
              class="Swatch-backdrop-0-1-4"
            />
            <span
              class="Swatch-backdropContent-0-1-5"
            >
              <svg
                aria-labelledby="title"
                class="Swatch-icon-0-1-6"
                height="32"
                viewBox="0 0 24 24"
                width="32"
                xmlns="http://www.w3.org/2000/svg"
              >
                <title
                  id="title"
                >
                  Copy Icon
                </title>
                <path
                  d="M0 0h24v24H0V0z"
                  fill="none"
                />
                <path
                  d="M16 1H4c-1.1 0-2 .9-2 2v14h2V3h12V1zm-1 4H8c-1.1 0-1.99.9-1.99 2L6 21c0 1.1.89 2 1.99 2H19c1.1 0 2-.9 2-2V11l-6-6zM8 21V7h6v5h5v9H8z"
                  fill="currentColor"
                />
              </svg>
              <span
                class="Swatch-text-0-1-7"
                data-testid="swatch-text"
              >
                #323848
              </span>
            </span>
          </button>
          <p>
            grey1
          </p>
        </div>
        <div
          class="Swatch-root-0-1-2"
        >
          <button
            class="zds-button Swatch-button-0-1-3"
            style="background: rgb(93, 99, 115);"
          >
            <span
              class="Swatch-backdrop-0-1-4"
            />
            <span
              class="Swatch-backdropContent-0-1-5"
            >
              <svg
                aria-labelledby="title"
                class="Swatch-icon-0-1-6"
                height="32"
                viewBox="0 0 24 24"
                width="32"
                xmlns="http://www.w3.org/2000/svg"
              >
                <title
                  id="title"
                >
                  Copy Icon
                </title>
                <path
                  d="M0 0h24v24H0V0z"
                  fill="none"
                />
                <path
                  d="M16 1H4c-1.1 0-2 .9-2 2v14h2V3h12V1zm-1 4H8c-1.1 0-1.99.9-1.99 2L6 21c0 1.1.89 2 1.99 2H19c1.1 0 2-.9 2-2V11l-6-6zM8 21V7h6v5h5v9H8z"
                  fill="currentColor"
                />
              </svg>
              <span
                class="Swatch-text-0-1-7"
                data-testid="swatch-text"
              >
                #5d6373
              </span>
            </span>
          </button>
          <p>
            grey2
          </p>
        </div>
        <div
          class="Swatch-root-0-1-2"
        >
          <button
            class="zds-button Swatch-button-0-1-3"
            style="background: rgb(157, 163, 180);"
          >
            <span
              class="Swatch-backdrop-0-1-4"
            />
            <span
              class="Swatch-backdropContent-0-1-5"
            >
              <svg
                aria-labelledby="title"
                class="Swatch-icon-0-1-6"
                height="32"
                viewBox="0 0 24 24"
                width="32"
                xmlns="http://www.w3.org/2000/svg"
              >
                <title
                  id="title"
                >
                  Copy Icon
                </title>
                <path
                  d="M0 0h24v24H0V0z"
                  fill="none"
                />
                <path
                  d="M16 1H4c-1.1 0-2 .9-2 2v14h2V3h12V1zm-1 4H8c-1.1 0-1.99.9-1.99 2L6 21c0 1.1.89 2 1.99 2H19c1.1 0 2-.9 2-2V11l-6-6zM8 21V7h6v5h5v9H8z"
                  fill="currentColor"
                />
              </svg>
              <span
                class="Swatch-text-0-1-7"
                data-testid="swatch-text"
              >
                #9da3b4
              </span>
            </span>
          </button>
          <p>
            grey3
          </p>
        </div>
        <div
          class="Swatch-root-0-1-2"
        >
          <button
            class="zds-button Swatch-button-0-1-3"
            style="background: rgb(205, 208, 217);"
          >
            <span
              class="Swatch-backdrop-0-1-4"
            />
            <span
              class="Swatch-backdropContent-0-1-5"
            >
              <svg
                aria-labelledby="title"
                class="Swatch-icon-0-1-6"
                height="32"
                viewBox="0 0 24 24"
                width="32"
                xmlns="http://www.w3.org/2000/svg"
              >
                <title
                  id="title"
                >
                  Copy Icon
                </title>
                <path
                  d="M0 0h24v24H0V0z"
                  fill="none"
                />
                <path
                  d="M16 1H4c-1.1 0-2 .9-2 2v14h2V3h12V1zm-1 4H8c-1.1 0-1.99.9-1.99 2L6 21c0 1.1.89 2 1.99 2H19c1.1 0 2-.9 2-2V11l-6-6zM8 21V7h6v5h5v9H8z"
                  fill="currentColor"
                />
              </svg>
              <span
                class="Swatch-text-0-1-7"
                data-testid="swatch-text"
              >
                #cdd0d9
              </span>
            </span>
          </button>
          <p>
            grey4
          </p>
        </div>
        <div
          class="Swatch-root-0-1-2"
        >
          <button
            class="zds-button Swatch-button-0-1-3"
            style="background: rgb(230, 231, 235);"
          >
            <span
              class="Swatch-backdrop-0-1-4"
            />
            <span
              class="Swatch-backdropContent-0-1-5"
            >
              <svg
                aria-labelledby="title"
                class="Swatch-icon-0-1-6"
                height="32"
                viewBox="0 0 24 24"
                width="32"
                xmlns="http://www.w3.org/2000/svg"
              >
                <title
                  id="title"
                >
                  Copy Icon
                </title>
                <path
                  d="M0 0h24v24H0V0z"
                  fill="none"
                />
                <path
                  d="M16 1H4c-1.1 0-2 .9-2 2v14h2V3h12V1zm-1 4H8c-1.1 0-1.99.9-1.99 2L6 21c0 1.1.89 2 1.99 2H19c1.1 0 2-.9 2-2V11l-6-6zM8 21V7h6v5h5v9H8z"
                  fill="currentColor"
                />
              </svg>
              <span
                class="Swatch-text-0-1-7"
                data-testid="swatch-text"
              >
                #e6e7eb
              </span>
            </span>
          </button>
          <p>
            grey5
          </p>
        </div>
        <div
          class="Swatch-root-0-1-2"
        >
          <button
            class="zds-button Swatch-button-0-1-3"
            style="background: rgb(244, 245, 247);"
          >
            <span
              class="Swatch-backdrop-0-1-4"
            />
            <span
              class="Swatch-backdropContent-0-1-5"
            >
              <svg
                aria-labelledby="title"
                class="Swatch-icon-0-1-6"
                height="32"
                viewBox="0 0 24 24"
                width="32"
                xmlns="http://www.w3.org/2000/svg"
              >
                <title
                  id="title"
                >
                  Copy Icon
                </title>
                <path
                  d="M0 0h24v24H0V0z"
                  fill="none"
                />
                <path
                  d="M16 1H4c-1.1 0-2 .9-2 2v14h2V3h12V1zm-1 4H8c-1.1 0-1.99.9-1.99 2L6 21c0 1.1.89 2 1.99 2H19c1.1 0 2-.9 2-2V11l-6-6zM8 21V7h6v5h5v9H8z"
                  fill="currentColor"
                />
              </svg>
              <span
                class="Swatch-text-0-1-7"
                data-testid="swatch-text"
              >
                #f4f5f7
              </span>
            </span>
          </button>
          <p>
            grey6
          </p>
        </div>
        <div
          class="Swatch-root-0-1-2"
        >
          <button
            class="zds-button Swatch-button-0-1-3"
            style="background: rgb(249, 249, 250);"
          >
            <span
              class="Swatch-backdrop-0-1-4"
            />
            <span
              class="Swatch-backdropContent-0-1-5"
            >
              <svg
                aria-labelledby="title"
                class="Swatch-icon-0-1-6"
                height="32"
                viewBox="0 0 24 24"
                width="32"
                xmlns="http://www.w3.org/2000/svg"
              >
                <title
                  id="title"
                >
                  Copy Icon
                </title>
                <path
                  d="M0 0h24v24H0V0z"
                  fill="none"
                />
                <path
                  d="M16 1H4c-1.1 0-2 .9-2 2v14h2V3h12V1zm-1 4H8c-1.1 0-1.99.9-1.99 2L6 21c0 1.1.89 2 1.99 2H19c1.1 0 2-.9 2-2V11l-6-6zM8 21V7h6v5h5v9H8z"
                  fill="currentColor"
                />
              </svg>
              <span
                class="Swatch-text-0-1-7"
                data-testid="swatch-text"
              >
                #f9f9fa
              </span>
            </span>
          </button>
          <p>
            grey7
          </p>
        </div>
        <div
          class="Swatch-root-0-1-2"
        >
          <button
            class="zds-button Swatch-button-0-1-3"
            style="background: rgb(255, 255, 255);"
          >
            <span
              class="Swatch-backdrop-0-1-4"
            />
            <span
              class="Swatch-backdropContent-0-1-5"
            >
              <svg
                aria-labelledby="title"
                class="Swatch-icon-0-1-6"
                height="32"
                viewBox="0 0 24 24"
                width="32"
                xmlns="http://www.w3.org/2000/svg"
              >
                <title
                  id="title"
                >
                  Copy Icon
                </title>
                <path
                  d="M0 0h24v24H0V0z"
                  fill="none"
                />
                <path
                  d="M16 1H4c-1.1 0-2 .9-2 2v14h2V3h12V1zm-1 4H8c-1.1 0-1.99.9-1.99 2L6 21c0 1.1.89 2 1.99 2H19c1.1 0 2-.9 2-2V11l-6-6zM8 21V7h6v5h5v9H8z"
                  fill="currentColor"
                />
              </svg>
              <span
                class="Swatch-text-0-1-7"
                data-testid="swatch-text"
              >
                #ffffff
              </span>
            </span>
          </button>
          <p>
            white
          </p>
        </div>
      </div>
    </div>
  </body>,
  "container": <div>
    <div
      class="Colors-root-0-1-1"
    >
      <div
        class="Swatch-root-0-1-2"
      >
        <button
          class="zds-button Swatch-button-0-1-3"
          style="background: rgb(39, 22, 111);"
        >
          <span
            class="Swatch-backdrop-0-1-4"
          />
          <span
            class="Swatch-backdropContent-0-1-5"
          >
            <svg
              aria-labelledby="title"
              class="Swatch-icon-0-1-6"
              height="32"
              viewBox="0 0 24 24"
              width="32"
              xmlns="http://www.w3.org/2000/svg"
            >
              <title
                id="title"
              >
                Copy Icon
              </title>
              <path
                d="M0 0h24v24H0V0z"
                fill="none"
              />
              <path
                d="M16 1H4c-1.1 0-2 .9-2 2v14h2V3h12V1zm-1 4H8c-1.1 0-1.99.9-1.99 2L6 21c0 1.1.89 2 1.99 2H19c1.1 0 2-.9 2-2V11l-6-6zM8 21V7h6v5h5v9H8z"
                fill="currentColor"
              />
            </svg>
            <span
              class="Swatch-text-0-1-7"
              data-testid="swatch-text"
            >
              #27166f
            </span>
          </span>
        </button>
        <p>
          purple
        </p>
      </div>
      <div
        class="Swatch-root-0-1-2"
      >
        <button
          class="zds-button Swatch-button-0-1-3"
          style="background: rgb(50, 56, 72);"
        >
          <span
            class="Swatch-backdrop-0-1-4"
          />
          <span
            class="Swatch-backdropContent-0-1-5"
          >
            <svg
              aria-labelledby="title"
              class="Swatch-icon-0-1-6"
              height="32"
              viewBox="0 0 24 24"
              width="32"
              xmlns="http://www.w3.org/2000/svg"
            >
              <title
                id="title"
              >
                Copy Icon
              </title>
              <path
                d="M0 0h24v24H0V0z"
                fill="none"
              />
              <path
                d="M16 1H4c-1.1 0-2 .9-2 2v14h2V3h12V1zm-1 4H8c-1.1 0-1.99.9-1.99 2L6 21c0 1.1.89 2 1.99 2H19c1.1 0 2-.9 2-2V11l-6-6zM8 21V7h6v5h5v9H8z"
                fill="currentColor"
              />
            </svg>
            <span
              class="Swatch-text-0-1-7"
              data-testid="swatch-text"
            >
              #323848
            </span>
          </span>
        </button>
        <p>
          grey1
        </p>
      </div>
      <div
        class="Swatch-root-0-1-2"
      >
        <button
          class="zds-button Swatch-button-0-1-3"
          style="background: rgb(93, 99, 115);"
        >
          <span
            class="Swatch-backdrop-0-1-4"
          />
          <span
            class="Swatch-backdropContent-0-1-5"
          >
            <svg
              aria-labelledby="title"
              class="Swatch-icon-0-1-6"
              height="32"
              viewBox="0 0 24 24"
              width="32"
              xmlns="http://www.w3.org/2000/svg"
            >
              <title
                id="title"
              >
                Copy Icon
              </title>
              <path
                d="M0 0h24v24H0V0z"
                fill="none"
              />
              <path
                d="M16 1H4c-1.1 0-2 .9-2 2v14h2V3h12V1zm-1 4H8c-1.1 0-1.99.9-1.99 2L6 21c0 1.1.89 2 1.99 2H19c1.1 0 2-.9 2-2V11l-6-6zM8 21V7h6v5h5v9H8z"
                fill="currentColor"
              />
            </svg>
            <span
              class="Swatch-text-0-1-7"
              data-testid="swatch-text"
            >
              #5d6373
            </span>
          </span>
        </button>
        <p>
          grey2
        </p>
      </div>
      <div
        class="Swatch-root-0-1-2"
      >
        <button
          class="zds-button Swatch-button-0-1-3"
          style="background: rgb(157, 163, 180);"
        >
          <span
            class="Swatch-backdrop-0-1-4"
          />
          <span
            class="Swatch-backdropContent-0-1-5"
          >
            <svg
              aria-labelledby="title"
              class="Swatch-icon-0-1-6"
              height="32"
              viewBox="0 0 24 24"
              width="32"
              xmlns="http://www.w3.org/2000/svg"
            >
              <title
                id="title"
              >
                Copy Icon
              </title>
              <path
                d="M0 0h24v24H0V0z"
                fill="none"
              />
              <path
                d="M16 1H4c-1.1 0-2 .9-2 2v14h2V3h12V1zm-1 4H8c-1.1 0-1.99.9-1.99 2L6 21c0 1.1.89 2 1.99 2H19c1.1 0 2-.9 2-2V11l-6-6zM8 21V7h6v5h5v9H8z"
                fill="currentColor"
              />
            </svg>
            <span
              class="Swatch-text-0-1-7"
              data-testid="swatch-text"
            >
              #9da3b4
            </span>
          </span>
        </button>
        <p>
          grey3
        </p>
      </div>
      <div
        class="Swatch-root-0-1-2"
      >
        <button
          class="zds-button Swatch-button-0-1-3"
          style="background: rgb(205, 208, 217);"
        >
          <span
            class="Swatch-backdrop-0-1-4"
          />
          <span
            class="Swatch-backdropContent-0-1-5"
          >
            <svg
              aria-labelledby="title"
              class="Swatch-icon-0-1-6"
              height="32"
              viewBox="0 0 24 24"
              width="32"
              xmlns="http://www.w3.org/2000/svg"
            >
              <title
                id="title"
              >
                Copy Icon
              </title>
              <path
                d="M0 0h24v24H0V0z"
                fill="none"
              />
              <path
                d="M16 1H4c-1.1 0-2 .9-2 2v14h2V3h12V1zm-1 4H8c-1.1 0-1.99.9-1.99 2L6 21c0 1.1.89 2 1.99 2H19c1.1 0 2-.9 2-2V11l-6-6zM8 21V7h6v5h5v9H8z"
                fill="currentColor"
              />
            </svg>
            <span
              class="Swatch-text-0-1-7"
              data-testid="swatch-text"
            >
              #cdd0d9
            </span>
          </span>
        </button>
        <p>
          grey4
        </p>
      </div>
      <div
        class="Swatch-root-0-1-2"
      >
        <button
          class="zds-button Swatch-button-0-1-3"
          style="background: rgb(230, 231, 235);"
        >
          <span
            class="Swatch-backdrop-0-1-4"
          />
          <span
            class="Swatch-backdropContent-0-1-5"
          >
            <svg
              aria-labelledby="title"
              class="Swatch-icon-0-1-6"
              height="32"
              viewBox="0 0 24 24"
              width="32"
              xmlns="http://www.w3.org/2000/svg"
            >
              <title
                id="title"
              >
                Copy Icon
              </title>
              <path
                d="M0 0h24v24H0V0z"
                fill="none"
              />
              <path
                d="M16 1H4c-1.1 0-2 .9-2 2v14h2V3h12V1zm-1 4H8c-1.1 0-1.99.9-1.99 2L6 21c0 1.1.89 2 1.99 2H19c1.1 0 2-.9 2-2V11l-6-6zM8 21V7h6v5h5v9H8z"
                fill="currentColor"
              />
            </svg>
            <span
              class="Swatch-text-0-1-7"
              data-testid="swatch-text"
            >
              #e6e7eb
            </span>
          </span>
        </button>
        <p>
          grey5
        </p>
      </div>
      <div
        class="Swatch-root-0-1-2"
      >
        <button
          class="zds-button Swatch-button-0-1-3"
          style="background: rgb(244, 245, 247);"
        >
          <span
            class="Swatch-backdrop-0-1-4"
          />
          <span
            class="Swatch-backdropContent-0-1-5"
          >
            <svg
              aria-labelledby="title"
              class="Swatch-icon-0-1-6"
              height="32"
              viewBox="0 0 24 24"
              width="32"
              xmlns="http://www.w3.org/2000/svg"
            >
              <title
                id="title"
              >
                Copy Icon
              </title>
              <path
                d="M0 0h24v24H0V0z"
                fill="none"
              />
              <path
                d="M16 1H4c-1.1 0-2 .9-2 2v14h2V3h12V1zm-1 4H8c-1.1 0-1.99.9-1.99 2L6 21c0 1.1.89 2 1.99 2H19c1.1 0 2-.9 2-2V11l-6-6zM8 21V7h6v5h5v9H8z"
                fill="currentColor"
              />
            </svg>
            <span
              class="Swatch-text-0-1-7"
              data-testid="swatch-text"
            >
              #f4f5f7
            </span>
          </span>
        </button>
        <p>
          grey6
        </p>
      </div>
      <div
        class="Swatch-root-0-1-2"
      >
        <button
          class="zds-button Swatch-button-0-1-3"
          style="background: rgb(249, 249, 250);"
        >
          <span
            class="Swatch-backdrop-0-1-4"
          />
          <span
            class="Swatch-backdropContent-0-1-5"
          >
            <svg
              aria-labelledby="title"
              class="Swatch-icon-0-1-6"
              height="32"
              viewBox="0 0 24 24"
              width="32"
              xmlns="http://www.w3.org/2000/svg"
            >
              <title
                id="title"
              >
                Copy Icon
              </title>
              <path
                d="M0 0h24v24H0V0z"
                fill="none"
              />
              <path
                d="M16 1H4c-1.1 0-2 .9-2 2v14h2V3h12V1zm-1 4H8c-1.1 0-1.99.9-1.99 2L6 21c0 1.1.89 2 1.99 2H19c1.1 0 2-.9 2-2V11l-6-6zM8 21V7h6v5h5v9H8z"
                fill="currentColor"
              />
            </svg>
            <span
              class="Swatch-text-0-1-7"
              data-testid="swatch-text"
            >
              #f9f9fa
            </span>
          </span>
        </button>
        <p>
          grey7
        </p>
      </div>
      <div
        class="Swatch-root-0-1-2"
      >
        <button
          class="zds-button Swatch-button-0-1-3"
          style="background: rgb(255, 255, 255);"
        >
          <span
            class="Swatch-backdrop-0-1-4"
          />
          <span
            class="Swatch-backdropContent-0-1-5"
          >
            <svg
              aria-labelledby="title"
              class="Swatch-icon-0-1-6"
              height="32"
              viewBox="0 0 24 24"
              width="32"
              xmlns="http://www.w3.org/2000/svg"
            >
              <title
                id="title"
              >
                Copy Icon
              </title>
              <path
                d="M0 0h24v24H0V0z"
                fill="none"
              />
              <path
                d="M16 1H4c-1.1 0-2 .9-2 2v14h2V3h12V1zm-1 4H8c-1.1 0-1.99.9-1.99 2L6 21c0 1.1.89 2 1.99 2H19c1.1 0 2-.9 2-2V11l-6-6zM8 21V7h6v5h5v9H8z"
                fill="currentColor"
              />
            </svg>
            <span
              class="Swatch-text-0-1-7"
              data-testid="swatch-text"
            >
              #ffffff
            </span>
          </span>
        </button>
        <p>
          white
        </p>
      </div>
    </div>
  </div>,
  "debug": [Function],
  "getAllByAltText": [Function],
  "getAllByDisplayValue": [Function],
  "getAllByLabelText": [Function],
  "getAllByPlaceholderText": [Function],
  "getAllByRole": [Function],
  "getAllBySelectText": [Function],
  "getAllByTestId": [Function],
  "getAllByText": [Function],
  "getAllByTitle": [Function],
  "getAllByValue": [Function],
  "getByAltText": [Function],
  "getByDisplayValue": [Function],
  "getByLabelText": [Function],
  "getByPlaceholderText": [Function],
  "getByRole": [Function],
  "getBySelectText": [Function],
  "getByTestId": [Function],
  "getByText": [Function],
  "getByTitle": [Function],
  "getByValue": [Function],
  "queryAllByAltText": [Function],
  "queryAllByDisplayValue": [Function],
  "queryAllByLabelText": [Function],
  "queryAllByPlaceholderText": [Function],
  "queryAllByRole": [Function],
  "queryAllBySelectText": [Function],
  "queryAllByTestId": [Function],
  "queryAllByText": [Function],
  "queryAllByTitle": [Function],
  "queryAllByValue": [Function],
  "queryByAltText": [Function],
  "queryByDisplayValue": [Function],
  "queryByLabelText": [Function],
  "queryByPlaceholderText": [Function],
  "queryByRole": [Function],
  "queryBySelectText": [Function],
  "queryByTestId": [Function],
  "queryByText": [Function],
  "queryByTitle": [Function],
  "queryByValue": [Function],
  "rerender": [Function],
  "unmount": [Function],
}
`;
