// Jest Snapshot v1, https://goo.gl/fbAQLP

exports[`GridExample renders correctly 1`] = `
Object {
  "asFragment": [Function],
  "baseElement": <body>
    <div>
      <div
        class="GridExample-root-0-2-1"
      >
        <div
          class="zep-grid GridExample-gridContainer-0-2-2"
        >
          <div
            class="zep-grid__row zep-grid__row--align-items-baseline GridExample-gridRow-0-2-3"
          >
            <div
              class="zep-grid__col zep-grid__col--align-self-null zep-grid__col--xxs-1-4 zep-grid__col--xs-1-6 zep-grid__col--s-1-6 zep-grid__col--m-1-8 zep-grid__col--l-1-12 zep-grid__col--xl-1-12 GridExample-gridCol-0-2-4"
            >
              Col 
              1
            </div>
            <div
              class="zep-grid__col zep-grid__col--align-self-null zep-grid__col--xxs-1-4 zep-grid__col--xs-1-6 zep-grid__col--s-1-6 zep-grid__col--m-1-8 zep-grid__col--l-1-12 zep-grid__col--xl-1-12 GridExample-gridCol-0-2-4"
            >
              Col 
              2
            </div>
            <div
              class="zep-grid__col zep-grid__col--align-self-null zep-grid__col--xxs-1-4 zep-grid__col--xs-1-6 zep-grid__col--s-1-6 zep-grid__col--m-1-8 zep-grid__col--l-1-12 zep-grid__col--xl-1-12 GridExample-gridCol-0-2-4"
            >
              Col 
              3
            </div>
            <div
              class="zep-grid__col zep-grid__col--align-self-null zep-grid__col--xxs-1-4 zep-grid__col--xs-1-6 zep-grid__col--s-1-6 zep-grid__col--m-1-8 zep-grid__col--l-1-12 zep-grid__col--xl-1-12 GridExample-gridCol-0-2-4"
            >
              Col 
              4
            </div>
          </div>
        </div>
        <div>
          <fieldset
            aria-labelledby="radio_Align All Cols = 'zep-grid__row--align-items-baseline'"
            class="zep-typo--normal-body1 GridExample-radioGroup-0-2-5"
            role="group"
          >
            <legend
              class="GridExample-radioGroupLegend-0-2-7"
              id="radio_Align All Cols = 'zep-grid__row--align-items-baseline'"
            >
              Align All Cols = 'zep-grid__row--align-items-baseline'
            </legend>
            <label
              class="zep-radio GridExample-radio-0-2-6"
            >
              <input
                class="zep-radio__input"
                name="alignRowstretch"
                type="radio"
                value="stretch"
              />
              <span
                class="zep-radio__indicator"
              />
              <span
                class="zep-radio__label"
              >
                stretch
              </span>
            </label>
            <label
              class="zep-radio GridExample-radio-0-2-6"
            >
              <input
                class="zep-radio__input"
                name="alignRowflex-end"
                type="radio"
                value="flex-end"
              />
              <span
                class="zep-radio__indicator"
              />
              <span
                class="zep-radio__label"
              >
                flex-end
              </span>
            </label>
            <label
              class="zep-radio GridExample-radio-0-2-6"
            >
              <input
                class="zep-radio__input"
                name="alignRowcenter"
                type="radio"
                value="center"
              />
              <span
                class="zep-radio__indicator"
              />
              <span
                class="zep-radio__label"
              >
                center
              </span>
            </label>
            <label
              class="zep-radio GridExample-radio-0-2-6"
            >
              <input
                class="zep-radio__input"
                name="alignRowflex-start"
                type="radio"
                value="flex-start"
              />
              <span
                class="zep-radio__indicator"
              />
              <span
                class="zep-radio__label"
              >
                flex-start
              </span>
            </label>
            <label
              class="zep-radio GridExample-radio-0-2-6"
            >
              <input
                checked=""
                class="zep-radio__input"
                name="alignRowbaseline"
                type="radio"
                value="baseline"
              />
              <span
                class="zep-radio__indicator"
              />
              <span
                class="zep-radio__label"
              >
                baseline
              </span>
            </label>
            <label
              class="zep-radio GridExample-radio-0-2-6"
            >
              <input
                class="zep-radio__input"
                name="alignRownone"
                type="radio"
                value="none"
              />
              <span
                class="zep-radio__indicator"
              />
              <span
                class="zep-radio__label"
              >
                none
              </span>
            </label>
          </fieldset>
          <fieldset
            aria-labelledby="radio_Align Col 1 = 'zep-grid__col--align-items-none'"
            class="zep-typo--normal-body1 GridExample-radioGroup-0-2-5"
            role="group"
          >
            <legend
              class="GridExample-radioGroupLegend-0-2-7"
              id="radio_Align Col 1 = 'zep-grid__col--align-items-none'"
            >
              Align Col 1 = 'zep-grid__col--align-items-none'
            </legend>
            <label
              class="zep-radio GridExample-radio-0-2-6"
            >
              <input
                class="zep-radio__input"
                name="alignColstretch"
                type="radio"
                value="stretch"
              />
              <span
                class="zep-radio__indicator"
              />
              <span
                class="zep-radio__label"
              >
                stretch
              </span>
            </label>
            <label
              class="zep-radio GridExample-radio-0-2-6"
            >
              <input
                class="zep-radio__input"
                name="alignColflex-end"
                type="radio"
                value="flex-end"
              />
              <span
                class="zep-radio__indicator"
              />
              <span
                class="zep-radio__label"
              >
                flex-end
              </span>
            </label>
            <label
              class="zep-radio GridExample-radio-0-2-6"
            >
              <input
                class="zep-radio__input"
                name="alignColcenter"
                type="radio"
                value="center"
              />
              <span
                class="zep-radio__indicator"
              />
              <span
                class="zep-radio__label"
              >
                center
              </span>
            </label>
            <label
              class="zep-radio GridExample-radio-0-2-6"
            >
              <input
                class="zep-radio__input"
                name="alignColflex-start"
                type="radio"
                value="flex-start"
              />
              <span
                class="zep-radio__indicator"
              />
              <span
                class="zep-radio__label"
              >
                flex-start
              </span>
            </label>
            <label
              class="zep-radio GridExample-radio-0-2-6"
            >
              <input
                class="zep-radio__input"
                name="alignColbaseline"
                type="radio"
                value="baseline"
              />
              <span
                class="zep-radio__indicator"
              />
              <span
                class="zep-radio__label"
              >
                baseline
              </span>
            </label>
            <label
              class="zep-radio GridExample-radio-0-2-6"
            >
              <input
                checked=""
                class="zep-radio__input"
                name="alignColnone"
                type="radio"
                value="none"
              />
              <span
                class="zep-radio__indicator"
              />
              <span
                class="zep-radio__label"
              >
                none
              </span>
            </label>
          </fieldset>
          <fieldset
            aria-labelledby="radio_XXS = 'zep-grid__col--xxs-1-4'"
            class="zep-typo--normal-body1 GridExample-radioGroup-0-2-5"
            role="group"
          >
            <legend
              class="GridExample-radioGroupLegend-0-2-7"
              id="radio_XXS = 'zep-grid__col--xxs-1-4'"
            >
              XXS = 'zep-grid__col--xxs-1-4'
            </legend>
            <label
              class="zep-radio GridExample-radio-0-2-6"
            >
              <input
                checked=""
                class="zep-radio__input"
                name="xxs1"
                type="radio"
                value="1"
              />
              <span
                class="zep-radio__indicator"
              />
              <span
                class="zep-radio__label"
              >
                1
              </span>
            </label>
            <label
              class="zep-radio GridExample-radio-0-2-6"
            >
              <input
                class="zep-radio__input"
                name="xxs2"
                type="radio"
                value="2"
              />
              <span
                class="zep-radio__indicator"
              />
              <span
                class="zep-radio__label"
              >
                2
              </span>
            </label>
            <label
              class="zep-radio GridExample-radio-0-2-6"
            >
              <input
                class="zep-radio__input"
                name="xxs3"
                type="radio"
                value="3"
              />
              <span
                class="zep-radio__indicator"
              />
              <span
                class="zep-radio__label"
              >
                3
              </span>
            </label>
            <label
              class="zep-radio GridExample-radio-0-2-6"
            >
              <input
                class="zep-radio__input"
                name="xxs4"
                type="radio"
                value="4"
              />
              <span
                class="zep-radio__indicator"
              />
              <span
                class="zep-radio__label"
              >
                4
              </span>
            </label>
          </fieldset>
          <fieldset
            aria-labelledby="radio_XS = 'zep-grid__col--xs-1-6'"
            class="zep-typo--normal-body1 GridExample-radioGroup-0-2-5"
            role="group"
          >
            <legend
              class="GridExample-radioGroupLegend-0-2-7"
              id="radio_XS = 'zep-grid__col--xs-1-6'"
            >
              XS = 'zep-grid__col--xs-1-6'
            </legend>
            <label
              class="zep-radio GridExample-radio-0-2-6"
            >
              <input
                checked=""
                class="zep-radio__input"
                name="xs1"
                type="radio"
                value="1"
              />
              <span
                class="zep-radio__indicator"
              />
              <span
                class="zep-radio__label"
              >
                1
              </span>
            </label>
            <label
              class="zep-radio GridExample-radio-0-2-6"
            >
              <input
                class="zep-radio__input"
                name="xs2"
                type="radio"
                value="2"
              />
              <span
                class="zep-radio__indicator"
              />
              <span
                class="zep-radio__label"
              >
                2
              </span>
            </label>
            <label
              class="zep-radio GridExample-radio-0-2-6"
            >
              <input
                class="zep-radio__input"
                name="xs3"
                type="radio"
                value="3"
              />
              <span
                class="zep-radio__indicator"
              />
              <span
                class="zep-radio__label"
              >
                3
              </span>
            </label>
            <label
              class="zep-radio GridExample-radio-0-2-6"
            >
              <input
                class="zep-radio__input"
                name="xs4"
                type="radio"
                value="4"
              />
              <span
                class="zep-radio__indicator"
              />
              <span
                class="zep-radio__label"
              >
                4
              </span>
            </label>
            <label
              class="zep-radio GridExample-radio-0-2-6"
            >
              <input
                class="zep-radio__input"
                name="xs5"
                type="radio"
                value="5"
              />
              <span
                class="zep-radio__indicator"
              />
              <span
                class="zep-radio__label"
              >
                5
              </span>
            </label>
            <label
              class="zep-radio GridExample-radio-0-2-6"
            >
              <input
                class="zep-radio__input"
                name="xs6"
                type="radio"
                value="6"
              />
              <span
                class="zep-radio__indicator"
              />
              <span
                class="zep-radio__label"
              >
                6
              </span>
            </label>
          </fieldset>
          <fieldset
            aria-labelledby="radio_S = 'zep-grid__col--s-1-6'"
            class="zep-typo--normal-body1 GridExample-radioGroup-0-2-5"
            role="group"
          >
            <legend
              class="GridExample-radioGroupLegend-0-2-7"
              id="radio_S = 'zep-grid__col--s-1-6'"
            >
              S = 'zep-grid__col--s-1-6'
            </legend>
            <label
              class="zep-radio GridExample-radio-0-2-6"
            >
              <input
                checked=""
                class="zep-radio__input"
                name="s1"
                type="radio"
                value="1"
              />
              <span
                class="zep-radio__indicator"
              />
              <span
                class="zep-radio__label"
              >
                1
              </span>
            </label>
            <label
              class="zep-radio GridExample-radio-0-2-6"
            >
              <input
                class="zep-radio__input"
                name="s2"
                type="radio"
                value="2"
              />
              <span
                class="zep-radio__indicator"
              />
              <span
                class="zep-radio__label"
              >
                2
              </span>
            </label>
            <label
              class="zep-radio GridExample-radio-0-2-6"
            >
              <input
                class="zep-radio__input"
                name="s3"
                type="radio"
                value="3"
              />
              <span
                class="zep-radio__indicator"
              />
              <span
                class="zep-radio__label"
              >
                3
              </span>
            </label>
            <label
              class="zep-radio GridExample-radio-0-2-6"
            >
              <input
                class="zep-radio__input"
                name="s4"
                type="radio"
                value="4"
              />
              <span
                class="zep-radio__indicator"
              />
              <span
                class="zep-radio__label"
              >
                4
              </span>
            </label>
            <label
              class="zep-radio GridExample-radio-0-2-6"
            >
              <input
                class="zep-radio__input"
                name="s5"
                type="radio"
                value="5"
              />
              <span
                class="zep-radio__indicator"
              />
              <span
                class="zep-radio__label"
              >
                5
              </span>
            </label>
            <label
              class="zep-radio GridExample-radio-0-2-6"
            >
              <input
                class="zep-radio__input"
                name="s6"
                type="radio"
                value="6"
              />
              <span
                class="zep-radio__indicator"
              />
              <span
                class="zep-radio__label"
              >
                6
              </span>
            </label>
          </fieldset>
          <fieldset
            aria-labelledby="radio_M = 'zep-grid__col--m-1-8'"
            class="zep-typo--normal-body1 GridExample-radioGroup-0-2-5"
            role="group"
          >
            <legend
              class="GridExample-radioGroupLegend-0-2-7"
              id="radio_M = 'zep-grid__col--m-1-8'"
            >
              M = 'zep-grid__col--m-1-8'
            </legend>
            <label
              class="zep-radio GridExample-radio-0-2-6"
            >
              <input
                checked=""
                class="zep-radio__input"
                name="1"
                type="radio"
                value="1"
              />
              <span
                class="zep-radio__indicator"
              />
              <span
                class="zep-radio__label"
              >
                1
              </span>
            </label>
            <label
              class="zep-radio GridExample-radio-0-2-6"
            >
              <input
                class="zep-radio__input"
                name="2"
                type="radio"
                value="2"
              />
              <span
                class="zep-radio__indicator"
              />
              <span
                class="zep-radio__label"
              >
                2
              </span>
            </label>
            <label
              class="zep-radio GridExample-radio-0-2-6"
            >
              <input
                class="zep-radio__input"
                name="3"
                type="radio"
                value="3"
              />
              <span
                class="zep-radio__indicator"
              />
              <span
                class="zep-radio__label"
              >
                3
              </span>
            </label>
            <label
              class="zep-radio GridExample-radio-0-2-6"
            >
              <input
                class="zep-radio__input"
                name="4"
                type="radio"
                value="4"
              />
              <span
                class="zep-radio__indicator"
              />
              <span
                class="zep-radio__label"
              >
                4
              </span>
            </label>
            <label
              class="zep-radio GridExample-radio-0-2-6"
            >
              <input
                class="zep-radio__input"
                name="5"
                type="radio"
                value="5"
              />
              <span
                class="zep-radio__indicator"
              />
              <span
                class="zep-radio__label"
              >
                5
              </span>
            </label>
            <label
              class="zep-radio GridExample-radio-0-2-6"
            >
              <input
                class="zep-radio__input"
                name="6"
                type="radio"
                value="6"
              />
              <span
                class="zep-radio__indicator"
              />
              <span
                class="zep-radio__label"
              >
                6
              </span>
            </label>
            <label
              class="zep-radio GridExample-radio-0-2-6"
            >
              <input
                class="zep-radio__input"
                name="7"
                type="radio"
                value="7"
              />
              <span
                class="zep-radio__indicator"
              />
              <span
                class="zep-radio__label"
              >
                7
              </span>
            </label>
            <label
              class="zep-radio GridExample-radio-0-2-6"
            >
              <input
                class="zep-radio__input"
                name="8"
                type="radio"
                value="8"
              />
              <span
                class="zep-radio__indicator"
              />
              <span
                class="zep-radio__label"
              >
                8
              </span>
            </label>
          </fieldset>
          <fieldset
            aria-labelledby="radio_L = 'zep-grid__col--l-1-12'"
            class="zep-typo--normal-body1 GridExample-radioGroup-0-2-5"
            role="group"
          >
            <legend
              class="GridExample-radioGroupLegend-0-2-7"
              id="radio_L = 'zep-grid__col--l-1-12'"
            >
              L = 'zep-grid__col--l-1-12'
            </legend>
            <label
              class="zep-radio GridExample-radio-0-2-6"
            >
              <input
                checked=""
                class="zep-radio__input"
                name="l1"
                type="radio"
                value="1"
              />
              <span
                class="zep-radio__indicator"
              />
              <span
                class="zep-radio__label"
              >
                1
              </span>
            </label>
            <label
              class="zep-radio GridExample-radio-0-2-6"
            >
              <input
                class="zep-radio__input"
                name="l2"
                type="radio"
                value="2"
              />
              <span
                class="zep-radio__indicator"
              />
              <span
                class="zep-radio__label"
              >
                2
              </span>
            </label>
            <label
              class="zep-radio GridExample-radio-0-2-6"
            >
              <input
                class="zep-radio__input"
                name="l3"
                type="radio"
                value="3"
              />
              <span
                class="zep-radio__indicator"
              />
              <span
                class="zep-radio__label"
              >
                3
              </span>
            </label>
            <label
              class="zep-radio GridExample-radio-0-2-6"
            >
              <input
                class="zep-radio__input"
                name="l4"
                type="radio"
                value="4"
              />
              <span
                class="zep-radio__indicator"
              />
              <span
                class="zep-radio__label"
              >
                4
              </span>
            </label>
            <label
              class="zep-radio GridExample-radio-0-2-6"
            >
              <input
                class="zep-radio__input"
                name="l5"
                type="radio"
                value="5"
              />
              <span
                class="zep-radio__indicator"
              />
              <span
                class="zep-radio__label"
              >
                5
              </span>
            </label>
            <label
              class="zep-radio GridExample-radio-0-2-6"
            >
              <input
                class="zep-radio__input"
                name="l6"
                type="radio"
                value="6"
              />
              <span
                class="zep-radio__indicator"
              />
              <span
                class="zep-radio__label"
              >
                6
              </span>
            </label>
            <label
              class="zep-radio GridExample-radio-0-2-6"
            >
              <input
                class="zep-radio__input"
                name="l7"
                type="radio"
                value="7"
              />
              <span
                class="zep-radio__indicator"
              />
              <span
                class="zep-radio__label"
              >
                7
              </span>
            </label>
            <label
              class="zep-radio GridExample-radio-0-2-6"
            >
              <input
                class="zep-radio__input"
                name="l8"
                type="radio"
                value="8"
              />
              <span
                class="zep-radio__indicator"
              />
              <span
                class="zep-radio__label"
              >
                8
              </span>
            </label>
            <label
              class="zep-radio GridExample-radio-0-2-6"
            >
              <input
                class="zep-radio__input"
                name="l9"
                type="radio"
                value="9"
              />
              <span
                class="zep-radio__indicator"
              />
              <span
                class="zep-radio__label"
              >
                9
              </span>
            </label>
            <label
              class="zep-radio GridExample-radio-0-2-6"
            >
              <input
                class="zep-radio__input"
                name="l10"
                type="radio"
                value="10"
              />
              <span
                class="zep-radio__indicator"
              />
              <span
                class="zep-radio__label"
              >
                10
              </span>
            </label>
            <label
              class="zep-radio GridExample-radio-0-2-6"
            >
              <input
                class="zep-radio__input"
                name="l11"
                type="radio"
                value="11"
              />
              <span
                class="zep-radio__indicator"
              />
              <span
                class="zep-radio__label"
              >
                11
              </span>
            </label>
            <label
              class="zep-radio GridExample-radio-0-2-6"
            >
              <input
                class="zep-radio__input"
                name="l12"
                type="radio"
                value="12"
              />
              <span
                class="zep-radio__indicator"
              />
              <span
                class="zep-radio__label"
              >
                12
              </span>
            </label>
          </fieldset>
          <fieldset
            aria-labelledby="radio_XL = 'zep-grid__col--x-1-12'"
            class="zep-typo--normal-body1 GridExample-radioGroup-0-2-5"
            role="group"
          >
            <legend
              class="GridExample-radioGroupLegend-0-2-7"
              id="radio_XL = 'zep-grid__col--x-1-12'"
            >
              XL = 'zep-grid__col--x-1-12'
            </legend>
            <label
              class="zep-radio GridExample-radio-0-2-6"
            >
              <input
                checked=""
                class="zep-radio__input"
                name="xl1"
                type="radio"
                value="1"
              />
              <span
                class="zep-radio__indicator"
              />
              <span
                class="zep-radio__label"
              >
                1
              </span>
            </label>
            <label
              class="zep-radio GridExample-radio-0-2-6"
            >
              <input
                class="zep-radio__input"
                name="xl2"
                type="radio"
                value="2"
              />
              <span
                class="zep-radio__indicator"
              />
              <span
                class="zep-radio__label"
              >
                2
              </span>
            </label>
            <label
              class="zep-radio GridExample-radio-0-2-6"
            >
              <input
                class="zep-radio__input"
                name="xl3"
                type="radio"
                value="3"
              />
              <span
                class="zep-radio__indicator"
              />
              <span
                class="zep-radio__label"
              >
                3
              </span>
            </label>
            <label
              class="zep-radio GridExample-radio-0-2-6"
            >
              <input
                class="zep-radio__input"
                name="xl4"
                type="radio"
                value="4"
              />
              <span
                class="zep-radio__indicator"
              />
              <span
                class="zep-radio__label"
              >
                4
              </span>
            </label>
            <label
              class="zep-radio GridExample-radio-0-2-6"
            >
              <input
                class="zep-radio__input"
                name="xl5"
                type="radio"
                value="5"
              />
              <span
                class="zep-radio__indicator"
              />
              <span
                class="zep-radio__label"
              >
                5
              </span>
            </label>
            <label
              class="zep-radio GridExample-radio-0-2-6"
            >
              <input
                class="zep-radio__input"
                name="xl6"
                type="radio"
                value="6"
              />
              <span
                class="zep-radio__indicator"
              />
              <span
                class="zep-radio__label"
              >
                6
              </span>
            </label>
            <label
              class="zep-radio GridExample-radio-0-2-6"
            >
              <input
                class="zep-radio__input"
                name="xl7"
                type="radio"
                value="7"
              />
              <span
                class="zep-radio__indicator"
              />
              <span
                class="zep-radio__label"
              >
                7
              </span>
            </label>
            <label
              class="zep-radio GridExample-radio-0-2-6"
            >
              <input
                class="zep-radio__input"
                name="xl8"
                type="radio"
                value="8"
              />
              <span
                class="zep-radio__indicator"
              />
              <span
                class="zep-radio__label"
              >
                8
              </span>
            </label>
            <label
              class="zep-radio GridExample-radio-0-2-6"
            >
              <input
                class="zep-radio__input"
                name="xl9"
                type="radio"
                value="9"
              />
              <span
                class="zep-radio__indicator"
              />
              <span
                class="zep-radio__label"
              >
                9
              </span>
            </label>
            <label
              class="zep-radio GridExample-radio-0-2-6"
            >
              <input
                class="zep-radio__input"
                name="xl10"
                type="radio"
                value="10"
              />
              <span
                class="zep-radio__indicator"
              />
              <span
                class="zep-radio__label"
              >
                10
              </span>
            </label>
            <label
              class="zep-radio GridExample-radio-0-2-6"
            >
              <input
                class="zep-radio__input"
                name="xl11"
                type="radio"
                value="11"
              />
              <span
                class="zep-radio__indicator"
              />
              <span
                class="zep-radio__label"
              >
                11
              </span>
            </label>
            <label
              class="zep-radio GridExample-radio-0-2-6"
            >
              <input
                class="zep-radio__input"
                name="xl12"
                type="radio"
                value="12"
              />
              <span
                class="zep-radio__indicator"
              />
              <span
                class="zep-radio__label"
              >
                12
              </span>
            </label>
          </fieldset>
        </div>
      </div>
    </div>
  </body>,
  "container": <div>
    <div
      class="GridExample-root-0-2-1"
    >
      <div
        class="zep-grid GridExample-gridContainer-0-2-2"
      >
        <div
          class="zep-grid__row zep-grid__row--align-items-baseline GridExample-gridRow-0-2-3"
        >
          <div
            class="zep-grid__col zep-grid__col--align-self-null zep-grid__col--xxs-1-4 zep-grid__col--xs-1-6 zep-grid__col--s-1-6 zep-grid__col--m-1-8 zep-grid__col--l-1-12 zep-grid__col--xl-1-12 GridExample-gridCol-0-2-4"
          >
            Col 
            1
          </div>
          <div
            class="zep-grid__col zep-grid__col--align-self-null zep-grid__col--xxs-1-4 zep-grid__col--xs-1-6 zep-grid__col--s-1-6 zep-grid__col--m-1-8 zep-grid__col--l-1-12 zep-grid__col--xl-1-12 GridExample-gridCol-0-2-4"
          >
            Col 
            2
          </div>
          <div
            class="zep-grid__col zep-grid__col--align-self-null zep-grid__col--xxs-1-4 zep-grid__col--xs-1-6 zep-grid__col--s-1-6 zep-grid__col--m-1-8 zep-grid__col--l-1-12 zep-grid__col--xl-1-12 GridExample-gridCol-0-2-4"
          >
            Col 
            3
          </div>
          <div
            class="zep-grid__col zep-grid__col--align-self-null zep-grid__col--xxs-1-4 zep-grid__col--xs-1-6 zep-grid__col--s-1-6 zep-grid__col--m-1-8 zep-grid__col--l-1-12 zep-grid__col--xl-1-12 GridExample-gridCol-0-2-4"
          >
            Col 
            4
          </div>
        </div>
      </div>
      <div>
        <fieldset
          aria-labelledby="radio_Align All Cols = 'zep-grid__row--align-items-baseline'"
          class="zep-typo--normal-body1 GridExample-radioGroup-0-2-5"
          role="group"
        >
          <legend
            class="GridExample-radioGroupLegend-0-2-7"
            id="radio_Align All Cols = 'zep-grid__row--align-items-baseline'"
          >
            Align All Cols = 'zep-grid__row--align-items-baseline'
          </legend>
          <label
            class="zep-radio GridExample-radio-0-2-6"
          >
            <input
              class="zep-radio__input"
              name="alignRowstretch"
              type="radio"
              value="stretch"
            />
            <span
              class="zep-radio__indicator"
            />
            <span
              class="zep-radio__label"
            >
              stretch
            </span>
          </label>
          <label
            class="zep-radio GridExample-radio-0-2-6"
          >
            <input
              class="zep-radio__input"
              name="alignRowflex-end"
              type="radio"
              value="flex-end"
            />
            <span
              class="zep-radio__indicator"
            />
            <span
              class="zep-radio__label"
            >
              flex-end
            </span>
          </label>
          <label
            class="zep-radio GridExample-radio-0-2-6"
          >
            <input
              class="zep-radio__input"
              name="alignRowcenter"
              type="radio"
              value="center"
            />
            <span
              class="zep-radio__indicator"
            />
            <span
              class="zep-radio__label"
            >
              center
            </span>
          </label>
          <label
            class="zep-radio GridExample-radio-0-2-6"
          >
            <input
              class="zep-radio__input"
              name="alignRowflex-start"
              type="radio"
              value="flex-start"
            />
            <span
              class="zep-radio__indicator"
            />
            <span
              class="zep-radio__label"
            >
              flex-start
            </span>
          </label>
          <label
            class="zep-radio GridExample-radio-0-2-6"
          >
            <input
              checked=""
              class="zep-radio__input"
              name="alignRowbaseline"
              type="radio"
              value="baseline"
            />
            <span
              class="zep-radio__indicator"
            />
            <span
              class="zep-radio__label"
            >
              baseline
            </span>
          </label>
          <label
            class="zep-radio GridExample-radio-0-2-6"
          >
            <input
              class="zep-radio__input"
              name="alignRownone"
              type="radio"
              value="none"
            />
            <span
              class="zep-radio__indicator"
            />
            <span
              class="zep-radio__label"
            >
              none
            </span>
          </label>
        </fieldset>
        <fieldset
          aria-labelledby="radio_Align Col 1 = 'zep-grid__col--align-items-none'"
          class="zep-typo--normal-body1 GridExample-radioGroup-0-2-5"
          role="group"
        >
          <legend
            class="GridExample-radioGroupLegend-0-2-7"
            id="radio_Align Col 1 = 'zep-grid__col--align-items-none'"
          >
            Align Col 1 = 'zep-grid__col--align-items-none'
          </legend>
          <label
            class="zep-radio GridExample-radio-0-2-6"
          >
            <input
              class="zep-radio__input"
              name="alignColstretch"
              type="radio"
              value="stretch"
            />
            <span
              class="zep-radio__indicator"
            />
            <span
              class="zep-radio__label"
            >
              stretch
            </span>
          </label>
          <label
            class="zep-radio GridExample-radio-0-2-6"
          >
            <input
              class="zep-radio__input"
              name="alignColflex-end"
              type="radio"
              value="flex-end"
            />
            <span
              class="zep-radio__indicator"
            />
            <span
              class="zep-radio__label"
            >
              flex-end
            </span>
          </label>
          <label
            class="zep-radio GridExample-radio-0-2-6"
          >
            <input
              class="zep-radio__input"
              name="alignColcenter"
              type="radio"
              value="center"
            />
            <span
              class="zep-radio__indicator"
            />
            <span
              class="zep-radio__label"
            >
              center
            </span>
          </label>
          <label
            class="zep-radio GridExample-radio-0-2-6"
          >
            <input
              class="zep-radio__input"
              name="alignColflex-start"
              type="radio"
              value="flex-start"
            />
            <span
              class="zep-radio__indicator"
            />
            <span
              class="zep-radio__label"
            >
              flex-start
            </span>
          </label>
          <label
            class="zep-radio GridExample-radio-0-2-6"
          >
            <input
              class="zep-radio__input"
              name="alignColbaseline"
              type="radio"
              value="baseline"
            />
            <span
              class="zep-radio__indicator"
            />
            <span
              class="zep-radio__label"
            >
              baseline
            </span>
          </label>
          <label
            class="zep-radio GridExample-radio-0-2-6"
          >
            <input
              checked=""
              class="zep-radio__input"
              name="alignColnone"
              type="radio"
              value="none"
            />
            <span
              class="zep-radio__indicator"
            />
            <span
              class="zep-radio__label"
            >
              none
            </span>
          </label>
        </fieldset>
        <fieldset
          aria-labelledby="radio_XXS = 'zep-grid__col--xxs-1-4'"
          class="zep-typo--normal-body1 GridExample-radioGroup-0-2-5"
          role="group"
        >
          <legend
            class="GridExample-radioGroupLegend-0-2-7"
            id="radio_XXS = 'zep-grid__col--xxs-1-4'"
          >
            XXS = 'zep-grid__col--xxs-1-4'
          </legend>
          <label
            class="zep-radio GridExample-radio-0-2-6"
          >
            <input
              checked=""
              class="zep-radio__input"
              name="xxs1"
              type="radio"
              value="1"
            />
            <span
              class="zep-radio__indicator"
            />
            <span
              class="zep-radio__label"
            >
              1
            </span>
          </label>
          <label
            class="zep-radio GridExample-radio-0-2-6"
          >
            <input
              class="zep-radio__input"
              name="xxs2"
              type="radio"
              value="2"
            />
            <span
              class="zep-radio__indicator"
            />
            <span
              class="zep-radio__label"
            >
              2
            </span>
          </label>
          <label
            class="zep-radio GridExample-radio-0-2-6"
          >
            <input
              class="zep-radio__input"
              name="xxs3"
              type="radio"
              value="3"
            />
            <span
              class="zep-radio__indicator"
            />
            <span
              class="zep-radio__label"
            >
              3
            </span>
          </label>
          <label
            class="zep-radio GridExample-radio-0-2-6"
          >
            <input
              class="zep-radio__input"
              name="xxs4"
              type="radio"
              value="4"
            />
            <span
              class="zep-radio__indicator"
            />
            <span
              class="zep-radio__label"
            >
              4
            </span>
          </label>
        </fieldset>
        <fieldset
          aria-labelledby="radio_XS = 'zep-grid__col--xs-1-6'"
          class="zep-typo--normal-body1 GridExample-radioGroup-0-2-5"
          role="group"
        >
          <legend
            class="GridExample-radioGroupLegend-0-2-7"
            id="radio_XS = 'zep-grid__col--xs-1-6'"
          >
            XS = 'zep-grid__col--xs-1-6'
          </legend>
          <label
            class="zep-radio GridExample-radio-0-2-6"
          >
            <input
              checked=""
              class="zep-radio__input"
              name="xs1"
              type="radio"
              value="1"
            />
            <span
              class="zep-radio__indicator"
            />
            <span
              class="zep-radio__label"
            >
              1
            </span>
          </label>
          <label
            class="zep-radio GridExample-radio-0-2-6"
          >
            <input
              class="zep-radio__input"
              name="xs2"
              type="radio"
              value="2"
            />
            <span
              class="zep-radio__indicator"
            />
            <span
              class="zep-radio__label"
            >
              2
            </span>
          </label>
          <label
            class="zep-radio GridExample-radio-0-2-6"
          >
            <input
              class="zep-radio__input"
              name="xs3"
              type="radio"
              value="3"
            />
            <span
              class="zep-radio__indicator"
            />
            <span
              class="zep-radio__label"
            >
              3
            </span>
          </label>
          <label
            class="zep-radio GridExample-radio-0-2-6"
          >
            <input
              class="zep-radio__input"
              name="xs4"
              type="radio"
              value="4"
            />
            <span
              class="zep-radio__indicator"
            />
            <span
              class="zep-radio__label"
            >
              4
            </span>
          </label>
          <label
            class="zep-radio GridExample-radio-0-2-6"
          >
            <input
              class="zep-radio__input"
              name="xs5"
              type="radio"
              value="5"
            />
            <span
              class="zep-radio__indicator"
            />
            <span
              class="zep-radio__label"
            >
              5
            </span>
          </label>
          <label
            class="zep-radio GridExample-radio-0-2-6"
          >
            <input
              class="zep-radio__input"
              name="xs6"
              type="radio"
              value="6"
            />
            <span
              class="zep-radio__indicator"
            />
            <span
              class="zep-radio__label"
            >
              6
            </span>
          </label>
        </fieldset>
        <fieldset
          aria-labelledby="radio_S = 'zep-grid__col--s-1-6'"
          class="zep-typo--normal-body1 GridExample-radioGroup-0-2-5"
          role="group"
        >
          <legend
            class="GridExample-radioGroupLegend-0-2-7"
            id="radio_S = 'zep-grid__col--s-1-6'"
          >
            S = 'zep-grid__col--s-1-6'
          </legend>
          <label
            class="zep-radio GridExample-radio-0-2-6"
          >
            <input
              checked=""
              class="zep-radio__input"
              name="s1"
              type="radio"
              value="1"
            />
            <span
              class="zep-radio__indicator"
            />
            <span
              class="zep-radio__label"
            >
              1
            </span>
          </label>
          <label
            class="zep-radio GridExample-radio-0-2-6"
          >
            <input
              class="zep-radio__input"
              name="s2"
              type="radio"
              value="2"
            />
            <span
              class="zep-radio__indicator"
            />
            <span
              class="zep-radio__label"
            >
              2
            </span>
          </label>
          <label
            class="zep-radio GridExample-radio-0-2-6"
          >
            <input
              class="zep-radio__input"
              name="s3"
              type="radio"
              value="3"
            />
            <span
              class="zep-radio__indicator"
            />
            <span
              class="zep-radio__label"
            >
              3
            </span>
          </label>
          <label
            class="zep-radio GridExample-radio-0-2-6"
          >
            <input
              class="zep-radio__input"
              name="s4"
              type="radio"
              value="4"
            />
            <span
              class="zep-radio__indicator"
            />
            <span
              class="zep-radio__label"
            >
              4
            </span>
          </label>
          <label
            class="zep-radio GridExample-radio-0-2-6"
          >
            <input
              class="zep-radio__input"
              name="s5"
              type="radio"
              value="5"
            />
            <span
              class="zep-radio__indicator"
            />
            <span
              class="zep-radio__label"
            >
              5
            </span>
          </label>
          <label
            class="zep-radio GridExample-radio-0-2-6"
          >
            <input
              class="zep-radio__input"
              name="s6"
              type="radio"
              value="6"
            />
            <span
              class="zep-radio__indicator"
            />
            <span
              class="zep-radio__label"
            >
              6
            </span>
          </label>
        </fieldset>
        <fieldset
          aria-labelledby="radio_M = 'zep-grid__col--m-1-8'"
          class="zep-typo--normal-body1 GridExample-radioGroup-0-2-5"
          role="group"
        >
          <legend
            class="GridExample-radioGroupLegend-0-2-7"
            id="radio_M = 'zep-grid__col--m-1-8'"
          >
            M = 'zep-grid__col--m-1-8'
          </legend>
          <label
            class="zep-radio GridExample-radio-0-2-6"
          >
            <input
              checked=""
              class="zep-radio__input"
              name="1"
              type="radio"
              value="1"
            />
            <span
              class="zep-radio__indicator"
            />
            <span
              class="zep-radio__label"
            >
              1
            </span>
          </label>
          <label
            class="zep-radio GridExample-radio-0-2-6"
          >
            <input
              class="zep-radio__input"
              name="2"
              type="radio"
              value="2"
            />
            <span
              class="zep-radio__indicator"
            />
            <span
              class="zep-radio__label"
            >
              2
            </span>
          </label>
          <label
            class="zep-radio GridExample-radio-0-2-6"
          >
            <input
              class="zep-radio__input"
              name="3"
              type="radio"
              value="3"
            />
            <span
              class="zep-radio__indicator"
            />
            <span
              class="zep-radio__label"
            >
              3
            </span>
          </label>
          <label
            class="zep-radio GridExample-radio-0-2-6"
          >
            <input
              class="zep-radio__input"
              name="4"
              type="radio"
              value="4"
            />
            <span
              class="zep-radio__indicator"
            />
            <span
              class="zep-radio__label"
            >
              4
            </span>
          </label>
          <label
            class="zep-radio GridExample-radio-0-2-6"
          >
            <input
              class="zep-radio__input"
              name="5"
              type="radio"
              value="5"
            />
            <span
              class="zep-radio__indicator"
            />
            <span
              class="zep-radio__label"
            >
              5
            </span>
          </label>
          <label
            class="zep-radio GridExample-radio-0-2-6"
          >
            <input
              class="zep-radio__input"
              name="6"
              type="radio"
              value="6"
            />
            <span
              class="zep-radio__indicator"
            />
            <span
              class="zep-radio__label"
            >
              6
            </span>
          </label>
          <label
            class="zep-radio GridExample-radio-0-2-6"
          >
            <input
              class="zep-radio__input"
              name="7"
              type="radio"
              value="7"
            />
            <span
              class="zep-radio__indicator"
            />
            <span
              class="zep-radio__label"
            >
              7
            </span>
          </label>
          <label
            class="zep-radio GridExample-radio-0-2-6"
          >
            <input
              class="zep-radio__input"
              name="8"
              type="radio"
              value="8"
            />
            <span
              class="zep-radio__indicator"
            />
            <span
              class="zep-radio__label"
            >
              8
            </span>
          </label>
        </fieldset>
        <fieldset
          aria-labelledby="radio_L = 'zep-grid__col--l-1-12'"
          class="zep-typo--normal-body1 GridExample-radioGroup-0-2-5"
          role="group"
        >
          <legend
            class="GridExample-radioGroupLegend-0-2-7"
            id="radio_L = 'zep-grid__col--l-1-12'"
          >
            L = 'zep-grid__col--l-1-12'
          </legend>
          <label
            class="zep-radio GridExample-radio-0-2-6"
          >
            <input
              checked=""
              class="zep-radio__input"
              name="l1"
              type="radio"
              value="1"
            />
            <span
              class="zep-radio__indicator"
            />
            <span
              class="zep-radio__label"
            >
              1
            </span>
          </label>
          <label
            class="zep-radio GridExample-radio-0-2-6"
          >
            <input
              class="zep-radio__input"
              name="l2"
              type="radio"
              value="2"
            />
            <span
              class="zep-radio__indicator"
            />
            <span
              class="zep-radio__label"
            >
              2
            </span>
          </label>
          <label
            class="zep-radio GridExample-radio-0-2-6"
          >
            <input
              class="zep-radio__input"
              name="l3"
              type="radio"
              value="3"
            />
            <span
              class="zep-radio__indicator"
            />
            <span
              class="zep-radio__label"
            >
              3
            </span>
          </label>
          <label
            class="zep-radio GridExample-radio-0-2-6"
          >
            <input
              class="zep-radio__input"
              name="l4"
              type="radio"
              value="4"
            />
            <span
              class="zep-radio__indicator"
            />
            <span
              class="zep-radio__label"
            >
              4
            </span>
          </label>
          <label
            class="zep-radio GridExample-radio-0-2-6"
          >
            <input
              class="zep-radio__input"
              name="l5"
              type="radio"
              value="5"
            />
            <span
              class="zep-radio__indicator"
            />
            <span
              class="zep-radio__label"
            >
              5
            </span>
          </label>
          <label
            class="zep-radio GridExample-radio-0-2-6"
          >
            <input
              class="zep-radio__input"
              name="l6"
              type="radio"
              value="6"
            />
            <span
              class="zep-radio__indicator"
            />
            <span
              class="zep-radio__label"
            >
              6
            </span>
          </label>
          <label
            class="zep-radio GridExample-radio-0-2-6"
          >
            <input
              class="zep-radio__input"
              name="l7"
              type="radio"
              value="7"
            />
            <span
              class="zep-radio__indicator"
            />
            <span
              class="zep-radio__label"
            >
              7
            </span>
          </label>
          <label
            class="zep-radio GridExample-radio-0-2-6"
          >
            <input
              class="zep-radio__input"
              name="l8"
              type="radio"
              value="8"
            />
            <span
              class="zep-radio__indicator"
            />
            <span
              class="zep-radio__label"
            >
              8
            </span>
          </label>
          <label
            class="zep-radio GridExample-radio-0-2-6"
          >
            <input
              class="zep-radio__input"
              name="l9"
              type="radio"
              value="9"
            />
            <span
              class="zep-radio__indicator"
            />
            <span
              class="zep-radio__label"
            >
              9
            </span>
          </label>
          <label
            class="zep-radio GridExample-radio-0-2-6"
          >
            <input
              class="zep-radio__input"
              name="l10"
              type="radio"
              value="10"
            />
            <span
              class="zep-radio__indicator"
            />
            <span
              class="zep-radio__label"
            >
              10
            </span>
          </label>
          <label
            class="zep-radio GridExample-radio-0-2-6"
          >
            <input
              class="zep-radio__input"
              name="l11"
              type="radio"
              value="11"
            />
            <span
              class="zep-radio__indicator"
            />
            <span
              class="zep-radio__label"
            >
              11
            </span>
          </label>
          <label
            class="zep-radio GridExample-radio-0-2-6"
          >
            <input
              class="zep-radio__input"
              name="l12"
              type="radio"
              value="12"
            />
            <span
              class="zep-radio__indicator"
            />
            <span
              class="zep-radio__label"
            >
              12
            </span>
          </label>
        </fieldset>
        <fieldset
          aria-labelledby="radio_XL = 'zep-grid__col--x-1-12'"
          class="zep-typo--normal-body1 GridExample-radioGroup-0-2-5"
          role="group"
        >
          <legend
            class="GridExample-radioGroupLegend-0-2-7"
            id="radio_XL = 'zep-grid__col--x-1-12'"
          >
            XL = 'zep-grid__col--x-1-12'
          </legend>
          <label
            class="zep-radio GridExample-radio-0-2-6"
          >
            <input
              checked=""
              class="zep-radio__input"
              name="xl1"
              type="radio"
              value="1"
            />
            <span
              class="zep-radio__indicator"
            />
            <span
              class="zep-radio__label"
            >
              1
            </span>
          </label>
          <label
            class="zep-radio GridExample-radio-0-2-6"
          >
            <input
              class="zep-radio__input"
              name="xl2"
              type="radio"
              value="2"
            />
            <span
              class="zep-radio__indicator"
            />
            <span
              class="zep-radio__label"
            >
              2
            </span>
          </label>
          <label
            class="zep-radio GridExample-radio-0-2-6"
          >
            <input
              class="zep-radio__input"
              name="xl3"
              type="radio"
              value="3"
            />
            <span
              class="zep-radio__indicator"
            />
            <span
              class="zep-radio__label"
            >
              3
            </span>
          </label>
          <label
            class="zep-radio GridExample-radio-0-2-6"
          >
            <input
              class="zep-radio__input"
              name="xl4"
              type="radio"
              value="4"
            />
            <span
              class="zep-radio__indicator"
            />
            <span
              class="zep-radio__label"
            >
              4
            </span>
          </label>
          <label
            class="zep-radio GridExample-radio-0-2-6"
          >
            <input
              class="zep-radio__input"
              name="xl5"
              type="radio"
              value="5"
            />
            <span
              class="zep-radio__indicator"
            />
            <span
              class="zep-radio__label"
            >
              5
            </span>
          </label>
          <label
            class="zep-radio GridExample-radio-0-2-6"
          >
            <input
              class="zep-radio__input"
              name="xl6"
              type="radio"
              value="6"
            />
            <span
              class="zep-radio__indicator"
            />
            <span
              class="zep-radio__label"
            >
              6
            </span>
          </label>
          <label
            class="zep-radio GridExample-radio-0-2-6"
          >
            <input
              class="zep-radio__input"
              name="xl7"
              type="radio"
              value="7"
            />
            <span
              class="zep-radio__indicator"
            />
            <span
              class="zep-radio__label"
            >
              7
            </span>
          </label>
          <label
            class="zep-radio GridExample-radio-0-2-6"
          >
            <input
              class="zep-radio__input"
              name="xl8"
              type="radio"
              value="8"
            />
            <span
              class="zep-radio__indicator"
            />
            <span
              class="zep-radio__label"
            >
              8
            </span>
          </label>
          <label
            class="zep-radio GridExample-radio-0-2-6"
          >
            <input
              class="zep-radio__input"
              name="xl9"
              type="radio"
              value="9"
            />
            <span
              class="zep-radio__indicator"
            />
            <span
              class="zep-radio__label"
            >
              9
            </span>
          </label>
          <label
            class="zep-radio GridExample-radio-0-2-6"
          >
            <input
              class="zep-radio__input"
              name="xl10"
              type="radio"
              value="10"
            />
            <span
              class="zep-radio__indicator"
            />
            <span
              class="zep-radio__label"
            >
              10
            </span>
          </label>
          <label
            class="zep-radio GridExample-radio-0-2-6"
          >
            <input
              class="zep-radio__input"
              name="xl11"
              type="radio"
              value="11"
            />
            <span
              class="zep-radio__indicator"
            />
            <span
              class="zep-radio__label"
            >
              11
            </span>
          </label>
          <label
            class="zep-radio GridExample-radio-0-2-6"
          >
            <input
              class="zep-radio__input"
              name="xl12"
              type="radio"
              value="12"
            />
            <span
              class="zep-radio__indicator"
            />
            <span
              class="zep-radio__label"
            >
              12
            </span>
          </label>
        </fieldset>
      </div>
    </div>
  </div>,
  "debug": [Function],
  "findAllByAltText": [Function],
  "findAllByDisplayValue": [Function],
  "findAllByLabelText": [Function],
  "findAllByPlaceholderText": [Function],
  "findAllByRole": [Function],
  "findAllByTestId": [Function],
  "findAllByText": [Function],
  "findAllByTitle": [Function],
  "findByAltText": [Function],
  "findByDisplayValue": [Function],
  "findByLabelText": [Function],
  "findByPlaceholderText": [Function],
  "findByRole": [Function],
  "findByTestId": [Function],
  "findByText": [Function],
  "findByTitle": [Function],
  "getAllByAltText": [Function],
  "getAllByDisplayValue": [Function],
  "getAllByLabelText": [Function],
  "getAllByPlaceholderText": [Function],
  "getAllByRole": [Function],
  "getAllByTestId": [Function],
  "getAllByText": [Function],
  "getAllByTitle": [Function],
  "getByAltText": [Function],
  "getByDisplayValue": [Function],
  "getByLabelText": [Function],
  "getByPlaceholderText": [Function],
  "getByRole": [Function],
  "getByTestId": [Function],
  "getByText": [Function],
  "getByTitle": [Function],
  "queryAllByAltText": [Function],
  "queryAllByDisplayValue": [Function],
  "queryAllByLabelText": [Function],
  "queryAllByPlaceholderText": [Function],
  "queryAllByRole": [Function],
  "queryAllByTestId": [Function],
  "queryAllByText": [Function],
  "queryAllByTitle": [Function],
  "queryByAltText": [Function],
  "queryByDisplayValue": [Function],
  "queryByLabelText": [Function],
  "queryByPlaceholderText": [Function],
  "queryByRole": [Function],
  "queryByTestId": [Function],
  "queryByText": [Function],
  "queryByTitle": [Function],
  "rerender": [Function],
  "unmount": [Function],
}
`;
