// Jest Snapshot v1, https://goo.gl/fbAQLP

exports[`GridExample renders correctly 1`] = `
Object {
  "asFragment": [Function],
  "baseElement": <body>
    <div>
      <div
        class="makeStyles-root-1"
      >
        <div
          class="zep-grid makeStyles-gridContainer-2"
        >
          <div
            class="zep-grid__row zep-grid__row--align-items-baseline makeStyles-gridRow-3"
          >
            <div
              class="zep-grid__col zep-grid__col--align-self-null zep-grid__col--xxs-1-4 zep-grid__col--xs-1-6 zep-grid__col--s-1-6 zep-grid__col--m-1-8 zep-grid__col--l-1-12 zep-grid__col--xl-1-12 makeStyles-gridCol-4"
            >
              Col 
              1
            </div>
            <div
              class="zep-grid__col zep-grid__col--align-self-null zep-grid__col--xxs-1-4 zep-grid__col--xs-1-6 zep-grid__col--s-1-6 zep-grid__col--m-1-8 zep-grid__col--l-1-12 zep-grid__col--xl-1-12 makeStyles-gridCol-4"
            >
              Col 
              2
            </div>
            <div
              class="zep-grid__col zep-grid__col--align-self-null zep-grid__col--xxs-1-4 zep-grid__col--xs-1-6 zep-grid__col--s-1-6 zep-grid__col--m-1-8 zep-grid__col--l-1-12 zep-grid__col--xl-1-12 makeStyles-gridCol-4"
            >
              Col 
              3
            </div>
            <div
              class="zep-grid__col zep-grid__col--align-self-null zep-grid__col--xxs-1-4 zep-grid__col--xs-1-6 zep-grid__col--s-1-6 zep-grid__col--m-1-8 zep-grid__col--l-1-12 zep-grid__col--xl-1-12 makeStyles-gridCol-4"
            >
              Col 
              4
            </div>
          </div>
        </div>
        <div>
          <fieldset
            aria-labelledby="radio_Align All Cols = 'zep-grid__row--align-items-baseline'"
            class="zep-typo--body-default makeStyles-radioGroup-5"
            role="group"
          >
            <legend
              class="makeStyles-radioGroupLegend-7"
              id="radio_Align All Cols = 'zep-grid__row--align-items-baseline'"
            >
              Align All Cols = 'zep-grid__row--align-items-baseline'
            </legend>
            <div
              class="zep-radio"
            >
              <input
                class="makeStyles-radio-6"
                name="alignRowstretch"
                type="radio"
                value="stretch"
              />
              <label>
                stretch
              </label>
            </div>
            <div
              class="zep-radio"
            >
              <input
                class="makeStyles-radio-6"
                name="alignRowflex-end"
                type="radio"
                value="flex-end"
              />
              <label>
                flex-end
              </label>
            </div>
            <div
              class="zep-radio"
            >
              <input
                class="makeStyles-radio-6"
                name="alignRowcenter"
                type="radio"
                value="center"
              />
              <label>
                center
              </label>
            </div>
            <div
              class="zep-radio"
            >
              <input
                class="makeStyles-radio-6"
                name="alignRowflex-start"
                type="radio"
                value="flex-start"
              />
              <label>
                flex-start
              </label>
            </div>
            <div
              class="zep-radio"
            >
              <input
                checked=""
                class="makeStyles-radio-6"
                name="alignRowbaseline"
                type="radio"
                value="baseline"
              />
              <label>
                baseline
              </label>
            </div>
            <div
              class="zep-radio"
            >
              <input
                class="makeStyles-radio-6"
                name="alignRownone"
                type="radio"
                value="none"
              />
              <label>
                none
              </label>
            </div>
          </fieldset>
          <fieldset
            aria-labelledby="radio_Align Col 1 = 'zep-grid__col--align-items-none'"
            class="zep-typo--body-default makeStyles-radioGroup-5"
            role="group"
          >
            <legend
              class="makeStyles-radioGroupLegend-7"
              id="radio_Align Col 1 = 'zep-grid__col--align-items-none'"
            >
              Align Col 1 = 'zep-grid__col--align-items-none'
            </legend>
            <div
              class="zep-radio"
            >
              <input
                class="makeStyles-radio-6"
                name="alignColstretch"
                type="radio"
                value="stretch"
              />
              <label>
                stretch
              </label>
            </div>
            <div
              class="zep-radio"
            >
              <input
                class="makeStyles-radio-6"
                name="alignColflex-end"
                type="radio"
                value="flex-end"
              />
              <label>
                flex-end
              </label>
            </div>
            <div
              class="zep-radio"
            >
              <input
                class="makeStyles-radio-6"
                name="alignColcenter"
                type="radio"
                value="center"
              />
              <label>
                center
              </label>
            </div>
            <div
              class="zep-radio"
            >
              <input
                class="makeStyles-radio-6"
                name="alignColflex-start"
                type="radio"
                value="flex-start"
              />
              <label>
                flex-start
              </label>
            </div>
            <div
              class="zep-radio"
            >
              <input
                class="makeStyles-radio-6"
                name="alignColbaseline"
                type="radio"
                value="baseline"
              />
              <label>
                baseline
              </label>
            </div>
            <div
              class="zep-radio"
            >
              <input
                checked=""
                class="makeStyles-radio-6"
                name="alignColnone"
                type="radio"
                value="none"
              />
              <label>
                none
              </label>
            </div>
          </fieldset>
          <fieldset
            aria-labelledby="radio_XXS = 'zep-grid__col--xxs-1-4'"
            class="zep-typo--body-default makeStyles-radioGroup-5"
            role="group"
          >
            <legend
              class="makeStyles-radioGroupLegend-7"
              id="radio_XXS = 'zep-grid__col--xxs-1-4'"
            >
              XXS = 'zep-grid__col--xxs-1-4'
            </legend>
            <div
              class="zep-radio"
            >
              <input
                checked=""
                class="makeStyles-radio-6"
                name="xxs1"
                type="radio"
                value="1"
              />
              <label>
                1
              </label>
            </div>
            <div
              class="zep-radio"
            >
              <input
                class="makeStyles-radio-6"
                name="xxs2"
                type="radio"
                value="2"
              />
              <label>
                2
              </label>
            </div>
            <div
              class="zep-radio"
            >
              <input
                class="makeStyles-radio-6"
                name="xxs3"
                type="radio"
                value="3"
              />
              <label>
                3
              </label>
            </div>
            <div
              class="zep-radio"
            >
              <input
                class="makeStyles-radio-6"
                name="xxs4"
                type="radio"
                value="4"
              />
              <label>
                4
              </label>
            </div>
          </fieldset>
          <fieldset
            aria-labelledby="radio_XS = 'zep-grid__col--xs-1-6'"
            class="zep-typo--body-default makeStyles-radioGroup-5"
            role="group"
          >
            <legend
              class="makeStyles-radioGroupLegend-7"
              id="radio_XS = 'zep-grid__col--xs-1-6'"
            >
              XS = 'zep-grid__col--xs-1-6'
            </legend>
            <div
              class="zep-radio"
            >
              <input
                checked=""
                class="makeStyles-radio-6"
                name="xs1"
                type="radio"
                value="1"
              />
              <label>
                1
              </label>
            </div>
            <div
              class="zep-radio"
            >
              <input
                class="makeStyles-radio-6"
                name="xs2"
                type="radio"
                value="2"
              />
              <label>
                2
              </label>
            </div>
            <div
              class="zep-radio"
            >
              <input
                class="makeStyles-radio-6"
                name="xs3"
                type="radio"
                value="3"
              />
              <label>
                3
              </label>
            </div>
            <div
              class="zep-radio"
            >
              <input
                class="makeStyles-radio-6"
                name="xs4"
                type="radio"
                value="4"
              />
              <label>
                4
              </label>
            </div>
            <div
              class="zep-radio"
            >
              <input
                class="makeStyles-radio-6"
                name="xs5"
                type="radio"
                value="5"
              />
              <label>
                5
              </label>
            </div>
            <div
              class="zep-radio"
            >
              <input
                class="makeStyles-radio-6"
                name="xs6"
                type="radio"
                value="6"
              />
              <label>
                6
              </label>
            </div>
          </fieldset>
          <fieldset
            aria-labelledby="radio_S = 'zep-grid__col--s-1-6'"
            class="zep-typo--body-default makeStyles-radioGroup-5"
            role="group"
          >
            <legend
              class="makeStyles-radioGroupLegend-7"
              id="radio_S = 'zep-grid__col--s-1-6'"
            >
              S = 'zep-grid__col--s-1-6'
            </legend>
            <div
              class="zep-radio"
            >
              <input
                checked=""
                class="makeStyles-radio-6"
                name="s1"
                type="radio"
                value="1"
              />
              <label>
                1
              </label>
            </div>
            <div
              class="zep-radio"
            >
              <input
                class="makeStyles-radio-6"
                name="s2"
                type="radio"
                value="2"
              />
              <label>
                2
              </label>
            </div>
            <div
              class="zep-radio"
            >
              <input
                class="makeStyles-radio-6"
                name="s3"
                type="radio"
                value="3"
              />
              <label>
                3
              </label>
            </div>
            <div
              class="zep-radio"
            >
              <input
                class="makeStyles-radio-6"
                name="s4"
                type="radio"
                value="4"
              />
              <label>
                4
              </label>
            </div>
            <div
              class="zep-radio"
            >
              <input
                class="makeStyles-radio-6"
                name="s5"
                type="radio"
                value="5"
              />
              <label>
                5
              </label>
            </div>
            <div
              class="zep-radio"
            >
              <input
                class="makeStyles-radio-6"
                name="s6"
                type="radio"
                value="6"
              />
              <label>
                6
              </label>
            </div>
          </fieldset>
          <fieldset
            aria-labelledby="radio_M = 'zep-grid__col--m-1-8'"
            class="zep-typo--body-default makeStyles-radioGroup-5"
            role="group"
          >
            <legend
              class="makeStyles-radioGroupLegend-7"
              id="radio_M = 'zep-grid__col--m-1-8'"
            >
              M = 'zep-grid__col--m-1-8'
            </legend>
            <div
              class="zep-radio"
            >
              <input
                checked=""
                class="makeStyles-radio-6"
                name="1"
                type="radio"
                value="1"
              />
              <label>
                1
              </label>
            </div>
            <div
              class="zep-radio"
            >
              <input
                class="makeStyles-radio-6"
                name="2"
                type="radio"
                value="2"
              />
              <label>
                2
              </label>
            </div>
            <div
              class="zep-radio"
            >
              <input
                class="makeStyles-radio-6"
                name="3"
                type="radio"
                value="3"
              />
              <label>
                3
              </label>
            </div>
            <div
              class="zep-radio"
            >
              <input
                class="makeStyles-radio-6"
                name="4"
                type="radio"
                value="4"
              />
              <label>
                4
              </label>
            </div>
            <div
              class="zep-radio"
            >
              <input
                class="makeStyles-radio-6"
                name="5"
                type="radio"
                value="5"
              />
              <label>
                5
              </label>
            </div>
            <div
              class="zep-radio"
            >
              <input
                class="makeStyles-radio-6"
                name="6"
                type="radio"
                value="6"
              />
              <label>
                6
              </label>
            </div>
            <div
              class="zep-radio"
            >
              <input
                class="makeStyles-radio-6"
                name="7"
                type="radio"
                value="7"
              />
              <label>
                7
              </label>
            </div>
            <div
              class="zep-radio"
            >
              <input
                class="makeStyles-radio-6"
                name="8"
                type="radio"
                value="8"
              />
              <label>
                8
              </label>
            </div>
          </fieldset>
          <fieldset
            aria-labelledby="radio_L = 'zep-grid__col--l-1-12'"
            class="zep-typo--body-default makeStyles-radioGroup-5"
            role="group"
          >
            <legend
              class="makeStyles-radioGroupLegend-7"
              id="radio_L = 'zep-grid__col--l-1-12'"
            >
              L = 'zep-grid__col--l-1-12'
            </legend>
            <div
              class="zep-radio"
            >
              <input
                checked=""
                class="makeStyles-radio-6"
                name="l1"
                type="radio"
                value="1"
              />
              <label>
                1
              </label>
            </div>
            <div
              class="zep-radio"
            >
              <input
                class="makeStyles-radio-6"
                name="l2"
                type="radio"
                value="2"
              />
              <label>
                2
              </label>
            </div>
            <div
              class="zep-radio"
            >
              <input
                class="makeStyles-radio-6"
                name="l3"
                type="radio"
                value="3"
              />
              <label>
                3
              </label>
            </div>
            <div
              class="zep-radio"
            >
              <input
                class="makeStyles-radio-6"
                name="l4"
                type="radio"
                value="4"
              />
              <label>
                4
              </label>
            </div>
            <div
              class="zep-radio"
            >
              <input
                class="makeStyles-radio-6"
                name="l5"
                type="radio"
                value="5"
              />
              <label>
                5
              </label>
            </div>
            <div
              class="zep-radio"
            >
              <input
                class="makeStyles-radio-6"
                name="l6"
                type="radio"
                value="6"
              />
              <label>
                6
              </label>
            </div>
            <div
              class="zep-radio"
            >
              <input
                class="makeStyles-radio-6"
                name="l7"
                type="radio"
                value="7"
              />
              <label>
                7
              </label>
            </div>
            <div
              class="zep-radio"
            >
              <input
                class="makeStyles-radio-6"
                name="l8"
                type="radio"
                value="8"
              />
              <label>
                8
              </label>
            </div>
            <div
              class="zep-radio"
            >
              <input
                class="makeStyles-radio-6"
                name="l9"
                type="radio"
                value="9"
              />
              <label>
                9
              </label>
            </div>
            <div
              class="zep-radio"
            >
              <input
                class="makeStyles-radio-6"
                name="l10"
                type="radio"
                value="10"
              />
              <label>
                10
              </label>
            </div>
            <div
              class="zep-radio"
            >
              <input
                class="makeStyles-radio-6"
                name="l11"
                type="radio"
                value="11"
              />
              <label>
                11
              </label>
            </div>
            <div
              class="zep-radio"
            >
              <input
                class="makeStyles-radio-6"
                name="l12"
                type="radio"
                value="12"
              />
              <label>
                12
              </label>
            </div>
          </fieldset>
          <fieldset
            aria-labelledby="radio_XL = 'zep-grid__col--x-1-12'"
            class="zep-typo--body-default makeStyles-radioGroup-5"
            role="group"
          >
            <legend
              class="makeStyles-radioGroupLegend-7"
              id="radio_XL = 'zep-grid__col--x-1-12'"
            >
              XL = 'zep-grid__col--x-1-12'
            </legend>
            <div
              class="zep-radio"
            >
              <input
                checked=""
                class="makeStyles-radio-6"
                name="xl1"
                type="radio"
                value="1"
              />
              <label>
                1
              </label>
            </div>
            <div
              class="zep-radio"
            >
              <input
                class="makeStyles-radio-6"
                name="xl2"
                type="radio"
                value="2"
              />
              <label>
                2
              </label>
            </div>
            <div
              class="zep-radio"
            >
              <input
                class="makeStyles-radio-6"
                name="xl3"
                type="radio"
                value="3"
              />
              <label>
                3
              </label>
            </div>
            <div
              class="zep-radio"
            >
              <input
                class="makeStyles-radio-6"
                name="xl4"
                type="radio"
                value="4"
              />
              <label>
                4
              </label>
            </div>
            <div
              class="zep-radio"
            >
              <input
                class="makeStyles-radio-6"
                name="xl5"
                type="radio"
                value="5"
              />
              <label>
                5
              </label>
            </div>
            <div
              class="zep-radio"
            >
              <input
                class="makeStyles-radio-6"
                name="xl6"
                type="radio"
                value="6"
              />
              <label>
                6
              </label>
            </div>
            <div
              class="zep-radio"
            >
              <input
                class="makeStyles-radio-6"
                name="xl7"
                type="radio"
                value="7"
              />
              <label>
                7
              </label>
            </div>
            <div
              class="zep-radio"
            >
              <input
                class="makeStyles-radio-6"
                name="xl8"
                type="radio"
                value="8"
              />
              <label>
                8
              </label>
            </div>
            <div
              class="zep-radio"
            >
              <input
                class="makeStyles-radio-6"
                name="xl9"
                type="radio"
                value="9"
              />
              <label>
                9
              </label>
            </div>
            <div
              class="zep-radio"
            >
              <input
                class="makeStyles-radio-6"
                name="xl10"
                type="radio"
                value="10"
              />
              <label>
                10
              </label>
            </div>
            <div
              class="zep-radio"
            >
              <input
                class="makeStyles-radio-6"
                name="xl11"
                type="radio"
                value="11"
              />
              <label>
                11
              </label>
            </div>
            <div
              class="zep-radio"
            >
              <input
                class="makeStyles-radio-6"
                name="xl12"
                type="radio"
                value="12"
              />
              <label>
                12
              </label>
            </div>
          </fieldset>
        </div>
      </div>
    </div>
  </body>,
  "container": <div>
    <div
      class="makeStyles-root-1"
    >
      <div
        class="zep-grid makeStyles-gridContainer-2"
      >
        <div
          class="zep-grid__row zep-grid__row--align-items-baseline makeStyles-gridRow-3"
        >
          <div
            class="zep-grid__col zep-grid__col--align-self-null zep-grid__col--xxs-1-4 zep-grid__col--xs-1-6 zep-grid__col--s-1-6 zep-grid__col--m-1-8 zep-grid__col--l-1-12 zep-grid__col--xl-1-12 makeStyles-gridCol-4"
          >
            Col 
            1
          </div>
          <div
            class="zep-grid__col zep-grid__col--align-self-null zep-grid__col--xxs-1-4 zep-grid__col--xs-1-6 zep-grid__col--s-1-6 zep-grid__col--m-1-8 zep-grid__col--l-1-12 zep-grid__col--xl-1-12 makeStyles-gridCol-4"
          >
            Col 
            2
          </div>
          <div
            class="zep-grid__col zep-grid__col--align-self-null zep-grid__col--xxs-1-4 zep-grid__col--xs-1-6 zep-grid__col--s-1-6 zep-grid__col--m-1-8 zep-grid__col--l-1-12 zep-grid__col--xl-1-12 makeStyles-gridCol-4"
          >
            Col 
            3
          </div>
          <div
            class="zep-grid__col zep-grid__col--align-self-null zep-grid__col--xxs-1-4 zep-grid__col--xs-1-6 zep-grid__col--s-1-6 zep-grid__col--m-1-8 zep-grid__col--l-1-12 zep-grid__col--xl-1-12 makeStyles-gridCol-4"
          >
            Col 
            4
          </div>
        </div>
      </div>
      <div>
        <fieldset
          aria-labelledby="radio_Align All Cols = 'zep-grid__row--align-items-baseline'"
          class="zep-typo--body-default makeStyles-radioGroup-5"
          role="group"
        >
          <legend
            class="makeStyles-radioGroupLegend-7"
            id="radio_Align All Cols = 'zep-grid__row--align-items-baseline'"
          >
            Align All Cols = 'zep-grid__row--align-items-baseline'
          </legend>
          <div
            class="zep-radio"
          >
            <input
              class="makeStyles-radio-6"
              name="alignRowstretch"
              type="radio"
              value="stretch"
            />
            <label>
              stretch
            </label>
          </div>
          <div
            class="zep-radio"
          >
            <input
              class="makeStyles-radio-6"
              name="alignRowflex-end"
              type="radio"
              value="flex-end"
            />
            <label>
              flex-end
            </label>
          </div>
          <div
            class="zep-radio"
          >
            <input
              class="makeStyles-radio-6"
              name="alignRowcenter"
              type="radio"
              value="center"
            />
            <label>
              center
            </label>
          </div>
          <div
            class="zep-radio"
          >
            <input
              class="makeStyles-radio-6"
              name="alignRowflex-start"
              type="radio"
              value="flex-start"
            />
            <label>
              flex-start
            </label>
          </div>
          <div
            class="zep-radio"
          >
            <input
              checked=""
              class="makeStyles-radio-6"
              name="alignRowbaseline"
              type="radio"
              value="baseline"
            />
            <label>
              baseline
            </label>
          </div>
          <div
            class="zep-radio"
          >
            <input
              class="makeStyles-radio-6"
              name="alignRownone"
              type="radio"
              value="none"
            />
            <label>
              none
            </label>
          </div>
        </fieldset>
        <fieldset
          aria-labelledby="radio_Align Col 1 = 'zep-grid__col--align-items-none'"
          class="zep-typo--body-default makeStyles-radioGroup-5"
          role="group"
        >
          <legend
            class="makeStyles-radioGroupLegend-7"
            id="radio_Align Col 1 = 'zep-grid__col--align-items-none'"
          >
            Align Col 1 = 'zep-grid__col--align-items-none'
          </legend>
          <div
            class="zep-radio"
          >
            <input
              class="makeStyles-radio-6"
              name="alignColstretch"
              type="radio"
              value="stretch"
            />
            <label>
              stretch
            </label>
          </div>
          <div
            class="zep-radio"
          >
            <input
              class="makeStyles-radio-6"
              name="alignColflex-end"
              type="radio"
              value="flex-end"
            />
            <label>
              flex-end
            </label>
          </div>
          <div
            class="zep-radio"
          >
            <input
              class="makeStyles-radio-6"
              name="alignColcenter"
              type="radio"
              value="center"
            />
            <label>
              center
            </label>
          </div>
          <div
            class="zep-radio"
          >
            <input
              class="makeStyles-radio-6"
              name="alignColflex-start"
              type="radio"
              value="flex-start"
            />
            <label>
              flex-start
            </label>
          </div>
          <div
            class="zep-radio"
          >
            <input
              class="makeStyles-radio-6"
              name="alignColbaseline"
              type="radio"
              value="baseline"
            />
            <label>
              baseline
            </label>
          </div>
          <div
            class="zep-radio"
          >
            <input
              checked=""
              class="makeStyles-radio-6"
              name="alignColnone"
              type="radio"
              value="none"
            />
            <label>
              none
            </label>
          </div>
        </fieldset>
        <fieldset
          aria-labelledby="radio_XXS = 'zep-grid__col--xxs-1-4'"
          class="zep-typo--body-default makeStyles-radioGroup-5"
          role="group"
        >
          <legend
            class="makeStyles-radioGroupLegend-7"
            id="radio_XXS = 'zep-grid__col--xxs-1-4'"
          >
            XXS = 'zep-grid__col--xxs-1-4'
          </legend>
          <div
            class="zep-radio"
          >
            <input
              checked=""
              class="makeStyles-radio-6"
              name="xxs1"
              type="radio"
              value="1"
            />
            <label>
              1
            </label>
          </div>
          <div
            class="zep-radio"
          >
            <input
              class="makeStyles-radio-6"
              name="xxs2"
              type="radio"
              value="2"
            />
            <label>
              2
            </label>
          </div>
          <div
            class="zep-radio"
          >
            <input
              class="makeStyles-radio-6"
              name="xxs3"
              type="radio"
              value="3"
            />
            <label>
              3
            </label>
          </div>
          <div
            class="zep-radio"
          >
            <input
              class="makeStyles-radio-6"
              name="xxs4"
              type="radio"
              value="4"
            />
            <label>
              4
            </label>
          </div>
        </fieldset>
        <fieldset
          aria-labelledby="radio_XS = 'zep-grid__col--xs-1-6'"
          class="zep-typo--body-default makeStyles-radioGroup-5"
          role="group"
        >
          <legend
            class="makeStyles-radioGroupLegend-7"
            id="radio_XS = 'zep-grid__col--xs-1-6'"
          >
            XS = 'zep-grid__col--xs-1-6'
          </legend>
          <div
            class="zep-radio"
          >
            <input
              checked=""
              class="makeStyles-radio-6"
              name="xs1"
              type="radio"
              value="1"
            />
            <label>
              1
            </label>
          </div>
          <div
            class="zep-radio"
          >
            <input
              class="makeStyles-radio-6"
              name="xs2"
              type="radio"
              value="2"
            />
            <label>
              2
            </label>
          </div>
          <div
            class="zep-radio"
          >
            <input
              class="makeStyles-radio-6"
              name="xs3"
              type="radio"
              value="3"
            />
            <label>
              3
            </label>
          </div>
          <div
            class="zep-radio"
          >
            <input
              class="makeStyles-radio-6"
              name="xs4"
              type="radio"
              value="4"
            />
            <label>
              4
            </label>
          </div>
          <div
            class="zep-radio"
          >
            <input
              class="makeStyles-radio-6"
              name="xs5"
              type="radio"
              value="5"
            />
            <label>
              5
            </label>
          </div>
          <div
            class="zep-radio"
          >
            <input
              class="makeStyles-radio-6"
              name="xs6"
              type="radio"
              value="6"
            />
            <label>
              6
            </label>
          </div>
        </fieldset>
        <fieldset
          aria-labelledby="radio_S = 'zep-grid__col--s-1-6'"
          class="zep-typo--body-default makeStyles-radioGroup-5"
          role="group"
        >
          <legend
            class="makeStyles-radioGroupLegend-7"
            id="radio_S = 'zep-grid__col--s-1-6'"
          >
            S = 'zep-grid__col--s-1-6'
          </legend>
          <div
            class="zep-radio"
          >
            <input
              checked=""
              class="makeStyles-radio-6"
              name="s1"
              type="radio"
              value="1"
            />
            <label>
              1
            </label>
          </div>
          <div
            class="zep-radio"
          >
            <input
              class="makeStyles-radio-6"
              name="s2"
              type="radio"
              value="2"
            />
            <label>
              2
            </label>
          </div>
          <div
            class="zep-radio"
          >
            <input
              class="makeStyles-radio-6"
              name="s3"
              type="radio"
              value="3"
            />
            <label>
              3
            </label>
          </div>
          <div
            class="zep-radio"
          >
            <input
              class="makeStyles-radio-6"
              name="s4"
              type="radio"
              value="4"
            />
            <label>
              4
            </label>
          </div>
          <div
            class="zep-radio"
          >
            <input
              class="makeStyles-radio-6"
              name="s5"
              type="radio"
              value="5"
            />
            <label>
              5
            </label>
          </div>
          <div
            class="zep-radio"
          >
            <input
              class="makeStyles-radio-6"
              name="s6"
              type="radio"
              value="6"
            />
            <label>
              6
            </label>
          </div>
        </fieldset>
        <fieldset
          aria-labelledby="radio_M = 'zep-grid__col--m-1-8'"
          class="zep-typo--body-default makeStyles-radioGroup-5"
          role="group"
        >
          <legend
            class="makeStyles-radioGroupLegend-7"
            id="radio_M = 'zep-grid__col--m-1-8'"
          >
            M = 'zep-grid__col--m-1-8'
          </legend>
          <div
            class="zep-radio"
          >
            <input
              checked=""
              class="makeStyles-radio-6"
              name="1"
              type="radio"
              value="1"
            />
            <label>
              1
            </label>
          </div>
          <div
            class="zep-radio"
          >
            <input
              class="makeStyles-radio-6"
              name="2"
              type="radio"
              value="2"
            />
            <label>
              2
            </label>
          </div>
          <div
            class="zep-radio"
          >
            <input
              class="makeStyles-radio-6"
              name="3"
              type="radio"
              value="3"
            />
            <label>
              3
            </label>
          </div>
          <div
            class="zep-radio"
          >
            <input
              class="makeStyles-radio-6"
              name="4"
              type="radio"
              value="4"
            />
            <label>
              4
            </label>
          </div>
          <div
            class="zep-radio"
          >
            <input
              class="makeStyles-radio-6"
              name="5"
              type="radio"
              value="5"
            />
            <label>
              5
            </label>
          </div>
          <div
            class="zep-radio"
          >
            <input
              class="makeStyles-radio-6"
              name="6"
              type="radio"
              value="6"
            />
            <label>
              6
            </label>
          </div>
          <div
            class="zep-radio"
          >
            <input
              class="makeStyles-radio-6"
              name="7"
              type="radio"
              value="7"
            />
            <label>
              7
            </label>
          </div>
          <div
            class="zep-radio"
          >
            <input
              class="makeStyles-radio-6"
              name="8"
              type="radio"
              value="8"
            />
            <label>
              8
            </label>
          </div>
        </fieldset>
        <fieldset
          aria-labelledby="radio_L = 'zep-grid__col--l-1-12'"
          class="zep-typo--body-default makeStyles-radioGroup-5"
          role="group"
        >
          <legend
            class="makeStyles-radioGroupLegend-7"
            id="radio_L = 'zep-grid__col--l-1-12'"
          >
            L = 'zep-grid__col--l-1-12'
          </legend>
          <div
            class="zep-radio"
          >
            <input
              checked=""
              class="makeStyles-radio-6"
              name="l1"
              type="radio"
              value="1"
            />
            <label>
              1
            </label>
          </div>
          <div
            class="zep-radio"
          >
            <input
              class="makeStyles-radio-6"
              name="l2"
              type="radio"
              value="2"
            />
            <label>
              2
            </label>
          </div>
          <div
            class="zep-radio"
          >
            <input
              class="makeStyles-radio-6"
              name="l3"
              type="radio"
              value="3"
            />
            <label>
              3
            </label>
          </div>
          <div
            class="zep-radio"
          >
            <input
              class="makeStyles-radio-6"
              name="l4"
              type="radio"
              value="4"
            />
            <label>
              4
            </label>
          </div>
          <div
            class="zep-radio"
          >
            <input
              class="makeStyles-radio-6"
              name="l5"
              type="radio"
              value="5"
            />
            <label>
              5
            </label>
          </div>
          <div
            class="zep-radio"
          >
            <input
              class="makeStyles-radio-6"
              name="l6"
              type="radio"
              value="6"
            />
            <label>
              6
            </label>
          </div>
          <div
            class="zep-radio"
          >
            <input
              class="makeStyles-radio-6"
              name="l7"
              type="radio"
              value="7"
            />
            <label>
              7
            </label>
          </div>
          <div
            class="zep-radio"
          >
            <input
              class="makeStyles-radio-6"
              name="l8"
              type="radio"
              value="8"
            />
            <label>
              8
            </label>
          </div>
          <div
            class="zep-radio"
          >
            <input
              class="makeStyles-radio-6"
              name="l9"
              type="radio"
              value="9"
            />
            <label>
              9
            </label>
          </div>
          <div
            class="zep-radio"
          >
            <input
              class="makeStyles-radio-6"
              name="l10"
              type="radio"
              value="10"
            />
            <label>
              10
            </label>
          </div>
          <div
            class="zep-radio"
          >
            <input
              class="makeStyles-radio-6"
              name="l11"
              type="radio"
              value="11"
            />
            <label>
              11
            </label>
          </div>
          <div
            class="zep-radio"
          >
            <input
              class="makeStyles-radio-6"
              name="l12"
              type="radio"
              value="12"
            />
            <label>
              12
            </label>
          </div>
        </fieldset>
        <fieldset
          aria-labelledby="radio_XL = 'zep-grid__col--x-1-12'"
          class="zep-typo--body-default makeStyles-radioGroup-5"
          role="group"
        >
          <legend
            class="makeStyles-radioGroupLegend-7"
            id="radio_XL = 'zep-grid__col--x-1-12'"
          >
            XL = 'zep-grid__col--x-1-12'
          </legend>
          <div
            class="zep-radio"
          >
            <input
              checked=""
              class="makeStyles-radio-6"
              name="xl1"
              type="radio"
              value="1"
            />
            <label>
              1
            </label>
          </div>
          <div
            class="zep-radio"
          >
            <input
              class="makeStyles-radio-6"
              name="xl2"
              type="radio"
              value="2"
            />
            <label>
              2
            </label>
          </div>
          <div
            class="zep-radio"
          >
            <input
              class="makeStyles-radio-6"
              name="xl3"
              type="radio"
              value="3"
            />
            <label>
              3
            </label>
          </div>
          <div
            class="zep-radio"
          >
            <input
              class="makeStyles-radio-6"
              name="xl4"
              type="radio"
              value="4"
            />
            <label>
              4
            </label>
          </div>
          <div
            class="zep-radio"
          >
            <input
              class="makeStyles-radio-6"
              name="xl5"
              type="radio"
              value="5"
            />
            <label>
              5
            </label>
          </div>
          <div
            class="zep-radio"
          >
            <input
              class="makeStyles-radio-6"
              name="xl6"
              type="radio"
              value="6"
            />
            <label>
              6
            </label>
          </div>
          <div
            class="zep-radio"
          >
            <input
              class="makeStyles-radio-6"
              name="xl7"
              type="radio"
              value="7"
            />
            <label>
              7
            </label>
          </div>
          <div
            class="zep-radio"
          >
            <input
              class="makeStyles-radio-6"
              name="xl8"
              type="radio"
              value="8"
            />
            <label>
              8
            </label>
          </div>
          <div
            class="zep-radio"
          >
            <input
              class="makeStyles-radio-6"
              name="xl9"
              type="radio"
              value="9"
            />
            <label>
              9
            </label>
          </div>
          <div
            class="zep-radio"
          >
            <input
              class="makeStyles-radio-6"
              name="xl10"
              type="radio"
              value="10"
            />
            <label>
              10
            </label>
          </div>
          <div
            class="zep-radio"
          >
            <input
              class="makeStyles-radio-6"
              name="xl11"
              type="radio"
              value="11"
            />
            <label>
              11
            </label>
          </div>
          <div
            class="zep-radio"
          >
            <input
              class="makeStyles-radio-6"
              name="xl12"
              type="radio"
              value="12"
            />
            <label>
              12
            </label>
          </div>
        </fieldset>
      </div>
    </div>
  </div>,
  "debug": [Function],
  "findAllByAltText": [Function],
  "findAllByDisplayValue": [Function],
  "findAllByLabelText": [Function],
  "findAllByPlaceholderText": [Function],
  "findAllByRole": [Function],
  "findAllByTestId": [Function],
  "findAllByText": [Function],
  "findAllByTitle": [Function],
  "findByAltText": [Function],
  "findByDisplayValue": [Function],
  "findByLabelText": [Function],
  "findByPlaceholderText": [Function],
  "findByRole": [Function],
  "findByTestId": [Function],
  "findByText": [Function],
  "findByTitle": [Function],
  "getAllByAltText": [Function],
  "getAllByDisplayValue": [Function],
  "getAllByLabelText": [Function],
  "getAllByPlaceholderText": [Function],
  "getAllByRole": [Function],
  "getAllByTestId": [Function],
  "getAllByText": [Function],
  "getAllByTitle": [Function],
  "getByAltText": [Function],
  "getByDisplayValue": [Function],
  "getByLabelText": [Function],
  "getByPlaceholderText": [Function],
  "getByRole": [Function],
  "getByTestId": [Function],
  "getByText": [Function],
  "getByTitle": [Function],
  "queryAllByAltText": [Function],
  "queryAllByDisplayValue": [Function],
  "queryAllByLabelText": [Function],
  "queryAllByPlaceholderText": [Function],
  "queryAllByRole": [Function],
  "queryAllByTestId": [Function],
  "queryAllByText": [Function],
  "queryAllByTitle": [Function],
  "queryByAltText": [Function],
  "queryByDisplayValue": [Function],
  "queryByLabelText": [Function],
  "queryByPlaceholderText": [Function],
  "queryByRole": [Function],
  "queryByTestId": [Function],
  "queryByText": [Function],
  "queryByTitle": [Function],
  "rerender": [Function],
  "unmount": [Function],
}
`;
