// Jest Snapshot v1, https://goo.gl/fbAQLP

exports[`ElementPreview renders correctly 1`] = `
Object {
  "asFragment": [Function],
  "baseElement": <body>
    <div>
      <p
        class="Headline-text-0-1-4 zep-typo--normal-4"
      >
        primary
      </p>
      <div
        class="ElementPreview-htmlContainer-0-1-1"
      >
        <div
          class="ElementPreview-innerContainer-0-1-2"
        >
          <div
            class="ElementPreview-element-0-1-3"
          >
            <button
              class="zep-button zep-button-primary"
              type="button"
            >
              primary
            </button>
          </div>
          <div
            class="ElementPreview-element-0-1-3"
          >
            <button
              class="zep-button zep-button-primary zep-button-primary--cat"
              type="button"
            >
              primary
            </button>
          </div>
          <div
            class="ElementPreview-element-0-1-3"
          >
            <button
              class="zep-button zep-button-primary zep-button-primary--rental"
              type="button"
            >
              primary
            </button>
          </div>
          <div
            class="ElementPreview-element-0-1-3"
          >
            <button
              class="zep-button zep-button-primary"
              disabled=""
              type="button"
            >
              disabled
            </button>
          </div>
        </div>
      </div>
      <pre
        class="prism-code language-js"
        style="background-color: rgb(55, 61, 63); margin-bottom: 3rem; color: rgb(236, 238, 239); padding: 8px 8px 1.5rem 1.5rem; font-size: 0.875rem; margin-top: 0px; display: flex; justify-content: space-between; overflow-x: auto; white-space: pre-wrap; word-wrap: break-word;"
      >
        <div
          data-testid="codeDiv"
          style="padding-top: 16px;"
        >
          <div
            class="token-line"
            data-testid="code"
            style="padding-bottom: 12px;"
          >
            <span
              class="token operator"
              style="color: rgb(91, 192, 222);"
            >
              &lt;
            </span>
            <span
              class="token plain"
            >
              button type
            </span>
            <span
              class="token operator"
              style="color: rgb(91, 192, 222);"
            >
              =
            </span>
            <span
              class="token string"
              style="color: rgb(255, 101, 98);"
            >
              "button"
            </span>
            <span
              class="token plain"
            >
               
            </span>
            <span
              class="token keyword"
              style="color: rgb(91, 192, 222);"
            >
              class
            </span>
            <span
              class="token operator"
              style="color: rgb(91, 192, 222);"
            >
              =
            </span>
            <span
              class="token string"
              style="color: rgb(255, 101, 98);"
            >
              "zep-button zep-button-primary"
            </span>
            <span
              class="token operator"
              style="color: rgb(91, 192, 222);"
            >
              &gt;
            </span>
            <span
              class="token plain"
            >
              primary
            </span>
            <span
              class="token operator"
              style="color: rgb(91, 192, 222);"
            >
              &lt;
            </span>
            <span
              class="token operator"
              style="color: rgb(91, 192, 222);"
            >
              /
            </span>
            <span
              class="token plain"
            >
              button
            </span>
            <span
              class="token operator"
              style="color: rgb(91, 192, 222);"
            >
              &gt;
            </span>
            <span
              class="token plain"
            />
          </div>
          <div
            class="token-line"
            data-testid="code"
            style="padding-bottom: 12px;"
          >
            <span
              class="token plain"
            />
            <span
              class="token operator"
              style="color: rgb(91, 192, 222);"
            >
              &lt;
            </span>
            <span
              class="token plain"
            >
              button type
            </span>
            <span
              class="token operator"
              style="color: rgb(91, 192, 222);"
            >
              =
            </span>
            <span
              class="token string"
              style="color: rgb(255, 101, 98);"
            >
              "button"
            </span>
            <span
              class="token plain"
            >
               
            </span>
            <span
              class="token keyword"
              style="color: rgb(91, 192, 222);"
            >
              class
            </span>
            <span
              class="token operator"
              style="color: rgb(91, 192, 222);"
            >
              =
            </span>
            <span
              class="token string"
              style="color: rgb(255, 101, 98);"
            >
              "zep-button zep-button-primary zep-button-primary--cat"
            </span>
            <span
              class="token operator"
              style="color: rgb(91, 192, 222);"
            >
              &gt;
            </span>
            <span
              class="token plain"
            >
              primary
            </span>
            <span
              class="token operator"
              style="color: rgb(91, 192, 222);"
            >
              &lt;
            </span>
            <span
              class="token operator"
              style="color: rgb(91, 192, 222);"
            >
              /
            </span>
            <span
              class="token plain"
            >
              button
            </span>
            <span
              class="token operator"
              style="color: rgb(91, 192, 222);"
            >
              &gt;
            </span>
            <span
              class="token plain"
            />
          </div>
          <div
            class="token-line"
            data-testid="code"
            style="padding-bottom: 12px;"
          >
            <span
              class="token plain"
            />
            <span
              class="token operator"
              style="color: rgb(91, 192, 222);"
            >
              &lt;
            </span>
            <span
              class="token plain"
            >
              button type
            </span>
            <span
              class="token operator"
              style="color: rgb(91, 192, 222);"
            >
              =
            </span>
            <span
              class="token string"
              style="color: rgb(255, 101, 98);"
            >
              "button"
            </span>
            <span
              class="token plain"
            >
               
            </span>
            <span
              class="token keyword"
              style="color: rgb(91, 192, 222);"
            >
              class
            </span>
            <span
              class="token operator"
              style="color: rgb(91, 192, 222);"
            >
              =
            </span>
            <span
              class="token string"
              style="color: rgb(255, 101, 98);"
            >
              "zep-button zep-button-primary zep-button-primary--rental"
            </span>
            <span
              class="token operator"
              style="color: rgb(91, 192, 222);"
            >
              &gt;
            </span>
            <span
              class="token plain"
            >
              primary
            </span>
            <span
              class="token operator"
              style="color: rgb(91, 192, 222);"
            >
              &lt;
            </span>
            <span
              class="token operator"
              style="color: rgb(91, 192, 222);"
            >
              /
            </span>
            <span
              class="token plain"
            >
              button
            </span>
            <span
              class="token operator"
              style="color: rgb(91, 192, 222);"
            >
              &gt;
            </span>
            <span
              class="token plain"
            />
          </div>
          <div
            class="token-line"
            data-testid="code"
          >
            <span
              class="token plain"
            />
            <span
              class="token operator"
              style="color: rgb(91, 192, 222);"
            >
              &lt;
            </span>
            <span
              class="token plain"
            >
              button type
            </span>
            <span
              class="token operator"
              style="color: rgb(91, 192, 222);"
            >
              =
            </span>
            <span
              class="token string"
              style="color: rgb(255, 101, 98);"
            >
              "button"
            </span>
            <span
              class="token plain"
            >
               
            </span>
            <span
              class="token keyword"
              style="color: rgb(91, 192, 222);"
            >
              class
            </span>
            <span
              class="token operator"
              style="color: rgb(91, 192, 222);"
            >
              =
            </span>
            <span
              class="token string"
              style="color: rgb(255, 101, 98);"
            >
              "zep-button zep-button-primary"
            </span>
            <span
              class="token plain"
            >
               disabled
            </span>
            <span
              class="token operator"
              style="color: rgb(91, 192, 222);"
            >
              &gt;
            </span>
            <span
              class="token plain"
            >
              disabled
            </span>
            <span
              class="token operator"
              style="color: rgb(91, 192, 222);"
            >
              &lt;
            </span>
            <span
              class="token operator"
              style="color: rgb(91, 192, 222);"
            >
              /
            </span>
            <span
              class="token plain"
            >
              button
            </span>
            <span
              class="token operator"
              style="color: rgb(91, 192, 222);"
            >
              &gt;
            </span>
          </div>
        </div>
        <button
          class="ButtonBase-button-0-1-7 CopyButton-button-0-1-5"
          data-testid="copyButton"
        >
          <svg
            aria-labelledby="title"
            class="CopyButton-icon-0-1-6"
            height="32"
            viewBox="0 0 24 24"
            width="32"
            xmlns="http://www.w3.org/2000/svg"
          >
            <title
              id="title_copy"
            >
              Copy Icon
            </title>
            <path
              d="M0 0h24v24H0V0z"
              fill="none"
            />
            <path
              d="M16 1H4c-1.1 0-2 .9-2 2v14h2V3h12V1zm-1 4H8c-1.1 0-1.99.9-1.99 2L6 21c0 1.1.89 2 1.99 2H19c1.1 0 2-.9 2-2V11l-6-6zM8 21V7h6v5h5v9H8z"
              fill="currentColor"
            />
          </svg>
        </button>
      </pre>
      <p
        class="Headline-text-0-1-4 zep-typo--normal-4"
      >
        secondary
      </p>
      <div
        class="ElementPreview-htmlContainer-0-1-1"
      >
        <div
          class="ElementPreview-innerContainer-0-1-2"
        >
          <div
            class="ElementPreview-element-0-1-3"
          >
            <button
              class="zep-button zep-button-secondary"
              type="button"
            >
              secondary
            </button>
          </div>
          <div
            class="ElementPreview-element-0-1-3"
          >
            <button
              class="zep-button zep-button-secondary zep-button-secondary--cat"
              type="button"
            >
              secondary
            </button>
          </div>
          <div
            class="ElementPreview-element-0-1-3"
          >
            <button
              class="zep-button zep-button-secondary zep-button-secondary--rental"
              type="button"
            >
              secondary
            </button>
          </div>
          <div
            class="ElementPreview-element-0-1-3"
          >
            <button
              class="zep-button zep-button-secondary"
              disabled=""
              type="button"
            >
              
            disabled
          
            </button>
          </div>
        </div>
      </div>
      <pre
        class="prism-code language-js"
        style="background-color: rgb(55, 61, 63); margin-bottom: 3rem; color: rgb(236, 238, 239); padding: 8px 8px 1.5rem 1.5rem; font-size: 0.875rem; margin-top: 0px; display: flex; justify-content: space-between; overflow-x: auto; white-space: pre-wrap; word-wrap: break-word;"
      >
        <div
          data-testid="codeDiv"
          style="padding-top: 16px;"
        >
          <div
            class="token-line"
            data-testid="code"
            style="padding-bottom: 12px;"
          >
            <span
              class="token operator"
              style="color: rgb(91, 192, 222);"
            >
              &lt;
            </span>
            <span
              class="token plain"
            >
              button type
            </span>
            <span
              class="token operator"
              style="color: rgb(91, 192, 222);"
            >
              =
            </span>
            <span
              class="token string"
              style="color: rgb(255, 101, 98);"
            >
              "button"
            </span>
            <span
              class="token plain"
            >
               
            </span>
            <span
              class="token keyword"
              style="color: rgb(91, 192, 222);"
            >
              class
            </span>
            <span
              class="token operator"
              style="color: rgb(91, 192, 222);"
            >
              =
            </span>
            <span
              class="token string"
              style="color: rgb(255, 101, 98);"
            >
              "zep-button zep-button-secondary"
            </span>
            <span
              class="token operator"
              style="color: rgb(91, 192, 222);"
            >
              &gt;
            </span>
            <span
              class="token plain"
            >
              secondary
            </span>
            <span
              class="token operator"
              style="color: rgb(91, 192, 222);"
            >
              &lt;
            </span>
            <span
              class="token operator"
              style="color: rgb(91, 192, 222);"
            >
              /
            </span>
            <span
              class="token plain"
            >
              button
            </span>
            <span
              class="token operator"
              style="color: rgb(91, 192, 222);"
            >
              &gt;
            </span>
            <span
              class="token plain"
            />
          </div>
          <div
            class="token-line"
            data-testid="code"
            style="padding-bottom: 12px;"
          >
            <span
              class="token plain"
            />
            <span
              class="token operator"
              style="color: rgb(91, 192, 222);"
            >
              &lt;
            </span>
            <span
              class="token plain"
            >
              button type
            </span>
            <span
              class="token operator"
              style="color: rgb(91, 192, 222);"
            >
              =
            </span>
            <span
              class="token string"
              style="color: rgb(255, 101, 98);"
            >
              "button"
            </span>
            <span
              class="token plain"
            >
               
            </span>
            <span
              class="token keyword"
              style="color: rgb(91, 192, 222);"
            >
              class
            </span>
            <span
              class="token operator"
              style="color: rgb(91, 192, 222);"
            >
              =
            </span>
            <span
              class="token string"
              style="color: rgb(255, 101, 98);"
            >
              "zep-button zep-button-secondary zep-button-secondary--cat"
            </span>
            <span
              class="token operator"
              style="color: rgb(91, 192, 222);"
            >
              &gt;
            </span>
            <span
              class="token plain"
            >
              secondary
            </span>
            <span
              class="token operator"
              style="color: rgb(91, 192, 222);"
            >
              &lt;
            </span>
            <span
              class="token operator"
              style="color: rgb(91, 192, 222);"
            >
              /
            </span>
            <span
              class="token plain"
            >
              button
            </span>
            <span
              class="token operator"
              style="color: rgb(91, 192, 222);"
            >
              &gt;
            </span>
            <span
              class="token plain"
            />
          </div>
          <div
            class="token-line"
            data-testid="code"
            style="padding-bottom: 12px;"
          >
            <span
              class="token plain"
            />
            <span
              class="token operator"
              style="color: rgb(91, 192, 222);"
            >
              &lt;
            </span>
            <span
              class="token plain"
            >
              button type
            </span>
            <span
              class="token operator"
              style="color: rgb(91, 192, 222);"
            >
              =
            </span>
            <span
              class="token string"
              style="color: rgb(255, 101, 98);"
            >
              "button"
            </span>
            <span
              class="token plain"
            >
               
            </span>
            <span
              class="token keyword"
              style="color: rgb(91, 192, 222);"
            >
              class
            </span>
            <span
              class="token operator"
              style="color: rgb(91, 192, 222);"
            >
              =
            </span>
            <span
              class="token string"
              style="color: rgb(255, 101, 98);"
            >
              "zep-button zep-button-secondary zep-button-secondary--rental"
            </span>
            <span
              class="token operator"
              style="color: rgb(91, 192, 222);"
            >
              &gt;
            </span>
            <span
              class="token plain"
            >
              secondary
            </span>
            <span
              class="token operator"
              style="color: rgb(91, 192, 222);"
            >
              &lt;
            </span>
            <span
              class="token operator"
              style="color: rgb(91, 192, 222);"
            >
              /
            </span>
            <span
              class="token plain"
            >
              button
            </span>
            <span
              class="token operator"
              style="color: rgb(91, 192, 222);"
            >
              &gt;
            </span>
            <span
              class="token plain"
            />
          </div>
          <div
            class="token-line"
            data-testid="code"
            style="padding-bottom: 12px;"
          >
            <span
              class="token plain"
            />
            <span
              class="token operator"
              style="color: rgb(91, 192, 222);"
            >
              &lt;
            </span>
            <span
              class="token plain"
            >
              button type
            </span>
            <span
              class="token operator"
              style="color: rgb(91, 192, 222);"
            >
              =
            </span>
            <span
              class="token string"
              style="color: rgb(255, 101, 98);"
            >
              "button"
            </span>
            <span
              class="token plain"
            >
               
            </span>
            <span
              class="token keyword"
              style="color: rgb(91, 192, 222);"
            >
              class
            </span>
            <span
              class="token operator"
              style="color: rgb(91, 192, 222);"
            >
              =
            </span>
            <span
              class="token string"
              style="color: rgb(255, 101, 98);"
            >
              "zep-button zep-button-secondary"
            </span>
            <span
              class="token plain"
            >
               disabled
            </span>
            <span
              class="token operator"
              style="color: rgb(91, 192, 222);"
            >
              &gt;
            </span>
            <span
              class="token plain"
            />
          </div>
          <div
            class="token-line"
            data-testid="code"
            style="padding-bottom: 12px;"
          >
            <span
              class="token plain"
            >
                          disabled
            </span>
          </div>
          <div
            class="token-line"
            data-testid="code"
          >
            <span
              class="token plain"
            >
                        
            </span>
            <span
              class="token operator"
              style="color: rgb(91, 192, 222);"
            >
              &lt;
            </span>
            <span
              class="token operator"
              style="color: rgb(91, 192, 222);"
            >
              /
            </span>
            <span
              class="token plain"
            >
              button
            </span>
            <span
              class="token operator"
              style="color: rgb(91, 192, 222);"
            >
              &gt;
            </span>
          </div>
        </div>
        <button
          class="ButtonBase-button-0-1-7 CopyButton-button-0-1-5"
          data-testid="copyButton"
        >
          <svg
            aria-labelledby="title"
            class="CopyButton-icon-0-1-6"
            height="32"
            viewBox="0 0 24 24"
            width="32"
            xmlns="http://www.w3.org/2000/svg"
          >
            <title
              id="title_copy"
            >
              Copy Icon
            </title>
            <path
              d="M0 0h24v24H0V0z"
              fill="none"
            />
            <path
              d="M16 1H4c-1.1 0-2 .9-2 2v14h2V3h12V1zm-1 4H8c-1.1 0-1.99.9-1.99 2L6 21c0 1.1.89 2 1.99 2H19c1.1 0 2-.9 2-2V11l-6-6zM8 21V7h6v5h5v9H8z"
              fill="currentColor"
            />
          </svg>
        </button>
      </pre>
    </div>
  </body>,
  "container": <div>
    <p
      class="Headline-text-0-1-4 zep-typo--normal-4"
    >
      primary
    </p>
    <div
      class="ElementPreview-htmlContainer-0-1-1"
    >
      <div
        class="ElementPreview-innerContainer-0-1-2"
      >
        <div
          class="ElementPreview-element-0-1-3"
        >
          <button
            class="zep-button zep-button-primary"
            type="button"
          >
            primary
          </button>
        </div>
        <div
          class="ElementPreview-element-0-1-3"
        >
          <button
            class="zep-button zep-button-primary zep-button-primary--cat"
            type="button"
          >
            primary
          </button>
        </div>
        <div
          class="ElementPreview-element-0-1-3"
        >
          <button
            class="zep-button zep-button-primary zep-button-primary--rental"
            type="button"
          >
            primary
          </button>
        </div>
        <div
          class="ElementPreview-element-0-1-3"
        >
          <button
            class="zep-button zep-button-primary"
            disabled=""
            type="button"
          >
            disabled
          </button>
        </div>
      </div>
    </div>
    <pre
      class="prism-code language-js"
      style="background-color: rgb(55, 61, 63); margin-bottom: 3rem; color: rgb(236, 238, 239); padding: 8px 8px 1.5rem 1.5rem; font-size: 0.875rem; margin-top: 0px; display: flex; justify-content: space-between; overflow-x: auto; white-space: pre-wrap; word-wrap: break-word;"
    >
      <div
        data-testid="codeDiv"
        style="padding-top: 16px;"
      >
        <div
          class="token-line"
          data-testid="code"
          style="padding-bottom: 12px;"
        >
          <span
            class="token operator"
            style="color: rgb(91, 192, 222);"
          >
            &lt;
          </span>
          <span
            class="token plain"
          >
            button type
          </span>
          <span
            class="token operator"
            style="color: rgb(91, 192, 222);"
          >
            =
          </span>
          <span
            class="token string"
            style="color: rgb(255, 101, 98);"
          >
            "button"
          </span>
          <span
            class="token plain"
          >
             
          </span>
          <span
            class="token keyword"
            style="color: rgb(91, 192, 222);"
          >
            class
          </span>
          <span
            class="token operator"
            style="color: rgb(91, 192, 222);"
          >
            =
          </span>
          <span
            class="token string"
            style="color: rgb(255, 101, 98);"
          >
            "zep-button zep-button-primary"
          </span>
          <span
            class="token operator"
            style="color: rgb(91, 192, 222);"
          >
            &gt;
          </span>
          <span
            class="token plain"
          >
            primary
          </span>
          <span
            class="token operator"
            style="color: rgb(91, 192, 222);"
          >
            &lt;
          </span>
          <span
            class="token operator"
            style="color: rgb(91, 192, 222);"
          >
            /
          </span>
          <span
            class="token plain"
          >
            button
          </span>
          <span
            class="token operator"
            style="color: rgb(91, 192, 222);"
          >
            &gt;
          </span>
          <span
            class="token plain"
          />
        </div>
        <div
          class="token-line"
          data-testid="code"
          style="padding-bottom: 12px;"
        >
          <span
            class="token plain"
          />
          <span
            class="token operator"
            style="color: rgb(91, 192, 222);"
          >
            &lt;
          </span>
          <span
            class="token plain"
          >
            button type
          </span>
          <span
            class="token operator"
            style="color: rgb(91, 192, 222);"
          >
            =
          </span>
          <span
            class="token string"
            style="color: rgb(255, 101, 98);"
          >
            "button"
          </span>
          <span
            class="token plain"
          >
             
          </span>
          <span
            class="token keyword"
            style="color: rgb(91, 192, 222);"
          >
            class
          </span>
          <span
            class="token operator"
            style="color: rgb(91, 192, 222);"
          >
            =
          </span>
          <span
            class="token string"
            style="color: rgb(255, 101, 98);"
          >
            "zep-button zep-button-primary zep-button-primary--cat"
          </span>
          <span
            class="token operator"
            style="color: rgb(91, 192, 222);"
          >
            &gt;
          </span>
          <span
            class="token plain"
          >
            primary
          </span>
          <span
            class="token operator"
            style="color: rgb(91, 192, 222);"
          >
            &lt;
          </span>
          <span
            class="token operator"
            style="color: rgb(91, 192, 222);"
          >
            /
          </span>
          <span
            class="token plain"
          >
            button
          </span>
          <span
            class="token operator"
            style="color: rgb(91, 192, 222);"
          >
            &gt;
          </span>
          <span
            class="token plain"
          />
        </div>
        <div
          class="token-line"
          data-testid="code"
          style="padding-bottom: 12px;"
        >
          <span
            class="token plain"
          />
          <span
            class="token operator"
            style="color: rgb(91, 192, 222);"
          >
            &lt;
          </span>
          <span
            class="token plain"
          >
            button type
          </span>
          <span
            class="token operator"
            style="color: rgb(91, 192, 222);"
          >
            =
          </span>
          <span
            class="token string"
            style="color: rgb(255, 101, 98);"
          >
            "button"
          </span>
          <span
            class="token plain"
          >
             
          </span>
          <span
            class="token keyword"
            style="color: rgb(91, 192, 222);"
          >
            class
          </span>
          <span
            class="token operator"
            style="color: rgb(91, 192, 222);"
          >
            =
          </span>
          <span
            class="token string"
            style="color: rgb(255, 101, 98);"
          >
            "zep-button zep-button-primary zep-button-primary--rental"
          </span>
          <span
            class="token operator"
            style="color: rgb(91, 192, 222);"
          >
            &gt;
          </span>
          <span
            class="token plain"
          >
            primary
          </span>
          <span
            class="token operator"
            style="color: rgb(91, 192, 222);"
          >
            &lt;
          </span>
          <span
            class="token operator"
            style="color: rgb(91, 192, 222);"
          >
            /
          </span>
          <span
            class="token plain"
          >
            button
          </span>
          <span
            class="token operator"
            style="color: rgb(91, 192, 222);"
          >
            &gt;
          </span>
          <span
            class="token plain"
          />
        </div>
        <div
          class="token-line"
          data-testid="code"
        >
          <span
            class="token plain"
          />
          <span
            class="token operator"
            style="color: rgb(91, 192, 222);"
          >
            &lt;
          </span>
          <span
            class="token plain"
          >
            button type
          </span>
          <span
            class="token operator"
            style="color: rgb(91, 192, 222);"
          >
            =
          </span>
          <span
            class="token string"
            style="color: rgb(255, 101, 98);"
          >
            "button"
          </span>
          <span
            class="token plain"
          >
             
          </span>
          <span
            class="token keyword"
            style="color: rgb(91, 192, 222);"
          >
            class
          </span>
          <span
            class="token operator"
            style="color: rgb(91, 192, 222);"
          >
            =
          </span>
          <span
            class="token string"
            style="color: rgb(255, 101, 98);"
          >
            "zep-button zep-button-primary"
          </span>
          <span
            class="token plain"
          >
             disabled
          </span>
          <span
            class="token operator"
            style="color: rgb(91, 192, 222);"
          >
            &gt;
          </span>
          <span
            class="token plain"
          >
            disabled
          </span>
          <span
            class="token operator"
            style="color: rgb(91, 192, 222);"
          >
            &lt;
          </span>
          <span
            class="token operator"
            style="color: rgb(91, 192, 222);"
          >
            /
          </span>
          <span
            class="token plain"
          >
            button
          </span>
          <span
            class="token operator"
            style="color: rgb(91, 192, 222);"
          >
            &gt;
          </span>
        </div>
      </div>
      <button
        class="ButtonBase-button-0-1-7 CopyButton-button-0-1-5"
        data-testid="copyButton"
      >
        <svg
          aria-labelledby="title"
          class="CopyButton-icon-0-1-6"
          height="32"
          viewBox="0 0 24 24"
          width="32"
          xmlns="http://www.w3.org/2000/svg"
        >
          <title
            id="title_copy"
          >
            Copy Icon
          </title>
          <path
            d="M0 0h24v24H0V0z"
            fill="none"
          />
          <path
            d="M16 1H4c-1.1 0-2 .9-2 2v14h2V3h12V1zm-1 4H8c-1.1 0-1.99.9-1.99 2L6 21c0 1.1.89 2 1.99 2H19c1.1 0 2-.9 2-2V11l-6-6zM8 21V7h6v5h5v9H8z"
            fill="currentColor"
          />
        </svg>
      </button>
    </pre>
    <p
      class="Headline-text-0-1-4 zep-typo--normal-4"
    >
      secondary
    </p>
    <div
      class="ElementPreview-htmlContainer-0-1-1"
    >
      <div
        class="ElementPreview-innerContainer-0-1-2"
      >
        <div
          class="ElementPreview-element-0-1-3"
        >
          <button
            class="zep-button zep-button-secondary"
            type="button"
          >
            secondary
          </button>
        </div>
        <div
          class="ElementPreview-element-0-1-3"
        >
          <button
            class="zep-button zep-button-secondary zep-button-secondary--cat"
            type="button"
          >
            secondary
          </button>
        </div>
        <div
          class="ElementPreview-element-0-1-3"
        >
          <button
            class="zep-button zep-button-secondary zep-button-secondary--rental"
            type="button"
          >
            secondary
          </button>
        </div>
        <div
          class="ElementPreview-element-0-1-3"
        >
          <button
            class="zep-button zep-button-secondary"
            disabled=""
            type="button"
          >
            
            disabled
          
          </button>
        </div>
      </div>
    </div>
    <pre
      class="prism-code language-js"
      style="background-color: rgb(55, 61, 63); margin-bottom: 3rem; color: rgb(236, 238, 239); padding: 8px 8px 1.5rem 1.5rem; font-size: 0.875rem; margin-top: 0px; display: flex; justify-content: space-between; overflow-x: auto; white-space: pre-wrap; word-wrap: break-word;"
    >
      <div
        data-testid="codeDiv"
        style="padding-top: 16px;"
      >
        <div
          class="token-line"
          data-testid="code"
          style="padding-bottom: 12px;"
        >
          <span
            class="token operator"
            style="color: rgb(91, 192, 222);"
          >
            &lt;
          </span>
          <span
            class="token plain"
          >
            button type
          </span>
          <span
            class="token operator"
            style="color: rgb(91, 192, 222);"
          >
            =
          </span>
          <span
            class="token string"
            style="color: rgb(255, 101, 98);"
          >
            "button"
          </span>
          <span
            class="token plain"
          >
             
          </span>
          <span
            class="token keyword"
            style="color: rgb(91, 192, 222);"
          >
            class
          </span>
          <span
            class="token operator"
            style="color: rgb(91, 192, 222);"
          >
            =
          </span>
          <span
            class="token string"
            style="color: rgb(255, 101, 98);"
          >
            "zep-button zep-button-secondary"
          </span>
          <span
            class="token operator"
            style="color: rgb(91, 192, 222);"
          >
            &gt;
          </span>
          <span
            class="token plain"
          >
            secondary
          </span>
          <span
            class="token operator"
            style="color: rgb(91, 192, 222);"
          >
            &lt;
          </span>
          <span
            class="token operator"
            style="color: rgb(91, 192, 222);"
          >
            /
          </span>
          <span
            class="token plain"
          >
            button
          </span>
          <span
            class="token operator"
            style="color: rgb(91, 192, 222);"
          >
            &gt;
          </span>
          <span
            class="token plain"
          />
        </div>
        <div
          class="token-line"
          data-testid="code"
          style="padding-bottom: 12px;"
        >
          <span
            class="token plain"
          />
          <span
            class="token operator"
            style="color: rgb(91, 192, 222);"
          >
            &lt;
          </span>
          <span
            class="token plain"
          >
            button type
          </span>
          <span
            class="token operator"
            style="color: rgb(91, 192, 222);"
          >
            =
          </span>
          <span
            class="token string"
            style="color: rgb(255, 101, 98);"
          >
            "button"
          </span>
          <span
            class="token plain"
          >
             
          </span>
          <span
            class="token keyword"
            style="color: rgb(91, 192, 222);"
          >
            class
          </span>
          <span
            class="token operator"
            style="color: rgb(91, 192, 222);"
          >
            =
          </span>
          <span
            class="token string"
            style="color: rgb(255, 101, 98);"
          >
            "zep-button zep-button-secondary zep-button-secondary--cat"
          </span>
          <span
            class="token operator"
            style="color: rgb(91, 192, 222);"
          >
            &gt;
          </span>
          <span
            class="token plain"
          >
            secondary
          </span>
          <span
            class="token operator"
            style="color: rgb(91, 192, 222);"
          >
            &lt;
          </span>
          <span
            class="token operator"
            style="color: rgb(91, 192, 222);"
          >
            /
          </span>
          <span
            class="token plain"
          >
            button
          </span>
          <span
            class="token operator"
            style="color: rgb(91, 192, 222);"
          >
            &gt;
          </span>
          <span
            class="token plain"
          />
        </div>
        <div
          class="token-line"
          data-testid="code"
          style="padding-bottom: 12px;"
        >
          <span
            class="token plain"
          />
          <span
            class="token operator"
            style="color: rgb(91, 192, 222);"
          >
            &lt;
          </span>
          <span
            class="token plain"
          >
            button type
          </span>
          <span
            class="token operator"
            style="color: rgb(91, 192, 222);"
          >
            =
          </span>
          <span
            class="token string"
            style="color: rgb(255, 101, 98);"
          >
            "button"
          </span>
          <span
            class="token plain"
          >
             
          </span>
          <span
            class="token keyword"
            style="color: rgb(91, 192, 222);"
          >
            class
          </span>
          <span
            class="token operator"
            style="color: rgb(91, 192, 222);"
          >
            =
          </span>
          <span
            class="token string"
            style="color: rgb(255, 101, 98);"
          >
            "zep-button zep-button-secondary zep-button-secondary--rental"
          </span>
          <span
            class="token operator"
            style="color: rgb(91, 192, 222);"
          >
            &gt;
          </span>
          <span
            class="token plain"
          >
            secondary
          </span>
          <span
            class="token operator"
            style="color: rgb(91, 192, 222);"
          >
            &lt;
          </span>
          <span
            class="token operator"
            style="color: rgb(91, 192, 222);"
          >
            /
          </span>
          <span
            class="token plain"
          >
            button
          </span>
          <span
            class="token operator"
            style="color: rgb(91, 192, 222);"
          >
            &gt;
          </span>
          <span
            class="token plain"
          />
        </div>
        <div
          class="token-line"
          data-testid="code"
          style="padding-bottom: 12px;"
        >
          <span
            class="token plain"
          />
          <span
            class="token operator"
            style="color: rgb(91, 192, 222);"
          >
            &lt;
          </span>
          <span
            class="token plain"
          >
            button type
          </span>
          <span
            class="token operator"
            style="color: rgb(91, 192, 222);"
          >
            =
          </span>
          <span
            class="token string"
            style="color: rgb(255, 101, 98);"
          >
            "button"
          </span>
          <span
            class="token plain"
          >
             
          </span>
          <span
            class="token keyword"
            style="color: rgb(91, 192, 222);"
          >
            class
          </span>
          <span
            class="token operator"
            style="color: rgb(91, 192, 222);"
          >
            =
          </span>
          <span
            class="token string"
            style="color: rgb(255, 101, 98);"
          >
            "zep-button zep-button-secondary"
          </span>
          <span
            class="token plain"
          >
             disabled
          </span>
          <span
            class="token operator"
            style="color: rgb(91, 192, 222);"
          >
            &gt;
          </span>
          <span
            class="token plain"
          />
        </div>
        <div
          class="token-line"
          data-testid="code"
          style="padding-bottom: 12px;"
        >
          <span
            class="token plain"
          >
                        disabled
          </span>
        </div>
        <div
          class="token-line"
          data-testid="code"
        >
          <span
            class="token plain"
          >
                      
          </span>
          <span
            class="token operator"
            style="color: rgb(91, 192, 222);"
          >
            &lt;
          </span>
          <span
            class="token operator"
            style="color: rgb(91, 192, 222);"
          >
            /
          </span>
          <span
            class="token plain"
          >
            button
          </span>
          <span
            class="token operator"
            style="color: rgb(91, 192, 222);"
          >
            &gt;
          </span>
        </div>
      </div>
      <button
        class="ButtonBase-button-0-1-7 CopyButton-button-0-1-5"
        data-testid="copyButton"
      >
        <svg
          aria-labelledby="title"
          class="CopyButton-icon-0-1-6"
          height="32"
          viewBox="0 0 24 24"
          width="32"
          xmlns="http://www.w3.org/2000/svg"
        >
          <title
            id="title_copy"
          >
            Copy Icon
          </title>
          <path
            d="M0 0h24v24H0V0z"
            fill="none"
          />
          <path
            d="M16 1H4c-1.1 0-2 .9-2 2v14h2V3h12V1zm-1 4H8c-1.1 0-1.99.9-1.99 2L6 21c0 1.1.89 2 1.99 2H19c1.1 0 2-.9 2-2V11l-6-6zM8 21V7h6v5h5v9H8z"
            fill="currentColor"
          />
        </svg>
      </button>
    </pre>
  </div>,
  "debug": [Function],
  "findAllByAltText": [Function],
  "findAllByDisplayValue": [Function],
  "findAllByLabelText": [Function],
  "findAllByPlaceholderText": [Function],
  "findAllByRole": [Function],
  "findAllByTestId": [Function],
  "findAllByText": [Function],
  "findAllByTitle": [Function],
  "findByAltText": [Function],
  "findByDisplayValue": [Function],
  "findByLabelText": [Function],
  "findByPlaceholderText": [Function],
  "findByRole": [Function],
  "findByTestId": [Function],
  "findByText": [Function],
  "findByTitle": [Function],
  "getAllByAltText": [Function],
  "getAllByDisplayValue": [Function],
  "getAllByLabelText": [Function],
  "getAllByPlaceholderText": [Function],
  "getAllByRole": [Function],
  "getAllBySelectText": [Function],
  "getAllByTestId": [Function],
  "getAllByText": [Function],
  "getAllByTitle": [Function],
  "getAllByValue": [Function],
  "getByAltText": [Function],
  "getByDisplayValue": [Function],
  "getByLabelText": [Function],
  "getByPlaceholderText": [Function],
  "getByRole": [Function],
  "getBySelectText": [Function],
  "getByTestId": [Function],
  "getByText": [Function],
  "getByTitle": [Function],
  "getByValue": [Function],
  "queryAllByAltText": [Function],
  "queryAllByDisplayValue": [Function],
  "queryAllByLabelText": [Function],
  "queryAllByPlaceholderText": [Function],
  "queryAllByRole": [Function],
  "queryAllBySelectText": [Function],
  "queryAllByTestId": [Function],
  "queryAllByText": [Function],
  "queryAllByTitle": [Function],
  "queryAllByValue": [Function],
  "queryByAltText": [Function],
  "queryByDisplayValue": [Function],
  "queryByLabelText": [Function],
  "queryByPlaceholderText": [Function],
  "queryByRole": [Function],
  "queryBySelectText": [Function],
  "queryByTestId": [Function],
  "queryByText": [Function],
  "queryByTitle": [Function],
  "queryByValue": [Function],
  "rerender": [Function],
  "unmount": [Function],
}
`;
