// Jest Snapshot v1, https://goo.gl/fbAQLP

exports[`CodeBlock renders correctly 1`] = `
Object {
  "asFragment": [Function],
  "baseElement": <body>
    <div>
      <div
        class="CodeBlock-root-0-1-1"
      >
        <div
          class="Tabs-root-0-1-3 CodeBlock-tabs-0-1-2"
        >
          <button
            class="Tab-root-0-1-4 zep-button Tab-selected-0-1-8"
          >
            <p
              class="Tab-label-0-1-5 Tab-selected-0-1-8 Tab-labelSecondary-0-1-7"
            >
              Vanilla JS
            </p>
          </button>
        </div>
        <div
          class="Code-root-0-1-9"
        >
          <script
            class="Code-code-0-1-10"
          />
        </div>
      </div>
    </div>
  </body>,
  "container": <div>
    <div
      class="CodeBlock-root-0-1-1"
    >
      <div
        class="Tabs-root-0-1-3 CodeBlock-tabs-0-1-2"
      >
        <button
          class="Tab-root-0-1-4 zep-button Tab-selected-0-1-8"
        >
          <p
            class="Tab-label-0-1-5 Tab-selected-0-1-8 Tab-labelSecondary-0-1-7"
          >
            Vanilla JS
          </p>
        </button>
      </div>
      <div
        class="Code-root-0-1-9"
      >
        <script
          class="Code-code-0-1-10"
        />
      </div>
    </div>
  </div>,
  "debug": [Function],
  "getAllByAltText": [Function],
  "getAllByDisplayValue": [Function],
  "getAllByLabelText": [Function],
  "getAllByPlaceholderText": [Function],
  "getAllByRole": [Function],
  "getAllBySelectText": [Function],
  "getAllByTestId": [Function],
  "getAllByText": [Function],
  "getAllByTitle": [Function],
  "getAllByValue": [Function],
  "getByAltText": [Function],
  "getByDisplayValue": [Function],
  "getByLabelText": [Function],
  "getByPlaceholderText": [Function],
  "getByRole": [Function],
  "getBySelectText": [Function],
  "getByTestId": [Function],
  "getByText": [Function],
  "getByTitle": [Function],
  "getByValue": [Function],
  "queryAllByAltText": [Function],
  "queryAllByDisplayValue": [Function],
  "queryAllByLabelText": [Function],
  "queryAllByPlaceholderText": [Function],
  "queryAllByRole": [Function],
  "queryAllBySelectText": [Function],
  "queryAllByTestId": [Function],
  "queryAllByText": [Function],
  "queryAllByTitle": [Function],
  "queryAllByValue": [Function],
  "queryByAltText": [Function],
  "queryByDisplayValue": [Function],
  "queryByLabelText": [Function],
  "queryByPlaceholderText": [Function],
  "queryByRole": [Function],
  "queryBySelectText": [Function],
  "queryByTestId": [Function],
  "queryByText": [Function],
  "queryByTitle": [Function],
  "queryByValue": [Function],
  "rerender": [Function],
  "unmount": [Function],
}
`;
