// Jest Snapshot v1, https://goo.gl/fbAQLP

exports[`Spacing renders correctly 1`] = `
Object {
  "asFragment": [Function],
  "baseElement": <body>
    <div>
      <table
        class="Spacing-table-0-1-1"
      >
        <caption
          class="visually-hidden"
        >
          Spacing Scale
        </caption>
        <thead
          class="Spacing-header-0-1-5"
        >
          <tr
            class="Spacing-tr-0-1-3"
          >
            <th
              class="Spacing-th-0-1-2 zep-typo--normal-8 Spacing-capitalize-0-1-7"
              scope="col"
            >
              name
            </th>
            <th
              class="Spacing-th-0-1-2 zep-typo--normal-8 Spacing-lowercase-0-1-6"
              scope="col"
            >
              px
            </th>
            <th
              class="Spacing-th-0-1-2 zep-typo--normal-8 Spacing-lowercase-0-1-6"
              scope="col"
            >
              rem
            </th>
            <th
              class="Spacing-th-0-1-2 zep-typo--normal-8 Spacing-capitalize-0-1-7"
              scope="col"
            >
              actual size
            </th>
          </tr>
        </thead>
        <tbody
          class="Spacing-tbody-0-1-4"
        >
          <tr
            class="Spacing-tr-0-1-3"
          >
            <td
              class="Spacing-th-0-1-2 Spacing-borderBottom-0-1-8 zep-typo--normal-7"
              scope="row"
            >
              zep-spacing--xxs
            </td>
            <td
              class="Spacing-th-0-1-2 Spacing-borderBottom-0-1-8 zep-typo--normal-7"
            >
              4px
            </td>
            <td
              class="Spacing-th-0-1-2 Spacing-borderBottom-0-1-8 zep-typo--normal-7"
            >
              0.25rem
            </td>
            <td
              class="Spacing-th-0-1-2 Spacing-borderBottom-0-1-8 zep-typo--normal-7"
            >
              <div
                class="Spacing-square-0-1-9"
                style="width: 4px; height: 4px; color: green;"
              />
            </td>
          </tr>
          <tr
            class="Spacing-tr-0-1-3"
          >
            <td
              class="Spacing-th-0-1-2 Spacing-borderBottom-0-1-8 zep-typo--normal-7"
              scope="row"
            >
              zep-spacing--xs
            </td>
            <td
              class="Spacing-th-0-1-2 Spacing-borderBottom-0-1-8 zep-typo--normal-7"
            >
              8px
            </td>
            <td
              class="Spacing-th-0-1-2 Spacing-borderBottom-0-1-8 zep-typo--normal-7"
            >
              0.5rem
            </td>
            <td
              class="Spacing-th-0-1-2 Spacing-borderBottom-0-1-8 zep-typo--normal-7"
            >
              <div
                class="Spacing-square-0-1-9"
                style="width: 8px; height: 8px; color: green;"
              />
            </td>
          </tr>
          <tr
            class="Spacing-tr-0-1-3"
          >
            <td
              class="Spacing-th-0-1-2 Spacing-borderBottom-0-1-8 zep-typo--normal-7"
              scope="row"
            >
              zep-spacing--s
            </td>
            <td
              class="Spacing-th-0-1-2 Spacing-borderBottom-0-1-8 zep-typo--normal-7"
            >
              12px
            </td>
            <td
              class="Spacing-th-0-1-2 Spacing-borderBottom-0-1-8 zep-typo--normal-7"
            >
              0.75rem
            </td>
            <td
              class="Spacing-th-0-1-2 Spacing-borderBottom-0-1-8 zep-typo--normal-7"
            >
              <div
                class="Spacing-square-0-1-9"
                style="width: 12px; height: 12px; color: green;"
              />
            </td>
          </tr>
          <tr
            class="Spacing-tr-0-1-3"
          >
            <td
              class="Spacing-th-0-1-2 Spacing-borderBottom-0-1-8 zep-typo--normal-7"
              scope="row"
            >
              zep-spacing--m
            </td>
            <td
              class="Spacing-th-0-1-2 Spacing-borderBottom-0-1-8 zep-typo--normal-7"
            >
              16px
            </td>
            <td
              class="Spacing-th-0-1-2 Spacing-borderBottom-0-1-8 zep-typo--normal-7"
            >
              1rem
            </td>
            <td
              class="Spacing-th-0-1-2 Spacing-borderBottom-0-1-8 zep-typo--normal-7"
            >
              <div
                class="Spacing-square-0-1-9"
                style="width: 16px; height: 16px; color: green;"
              />
            </td>
          </tr>
          <tr
            class="Spacing-tr-0-1-3"
          >
            <td
              class="Spacing-th-0-1-2 Spacing-borderBottom-0-1-8 zep-typo--normal-7"
              scope="row"
            >
              zep-spacing--l
            </td>
            <td
              class="Spacing-th-0-1-2 Spacing-borderBottom-0-1-8 zep-typo--normal-7"
            >
              24px
            </td>
            <td
              class="Spacing-th-0-1-2 Spacing-borderBottom-0-1-8 zep-typo--normal-7"
            >
              1.5rem
            </td>
            <td
              class="Spacing-th-0-1-2 Spacing-borderBottom-0-1-8 zep-typo--normal-7"
            >
              <div
                class="Spacing-square-0-1-9"
                style="width: 24px; height: 24px; color: green;"
              />
            </td>
          </tr>
          <tr
            class="Spacing-tr-0-1-3"
          >
            <td
              class="Spacing-th-0-1-2 Spacing-borderBottom-0-1-8 zep-typo--normal-7"
              scope="row"
            >
              zep-spacing--xl
            </td>
            <td
              class="Spacing-th-0-1-2 Spacing-borderBottom-0-1-8 zep-typo--normal-7"
            >
              32px
            </td>
            <td
              class="Spacing-th-0-1-2 Spacing-borderBottom-0-1-8 zep-typo--normal-7"
            >
              2rem
            </td>
            <td
              class="Spacing-th-0-1-2 Spacing-borderBottom-0-1-8 zep-typo--normal-7"
            >
              <div
                class="Spacing-square-0-1-9"
                style="width: 32px; height: 32px; color: green;"
              />
            </td>
          </tr>
          <tr
            class="Spacing-tr-0-1-3"
          >
            <td
              class="Spacing-th-0-1-2 Spacing-borderBottom-0-1-8 zep-typo--normal-7"
              scope="row"
            >
              zep-spacing--xxl
            </td>
            <td
              class="Spacing-th-0-1-2 Spacing-borderBottom-0-1-8 zep-typo--normal-7"
            >
              48px
            </td>
            <td
              class="Spacing-th-0-1-2 Spacing-borderBottom-0-1-8 zep-typo--normal-7"
            >
              3rem
            </td>
            <td
              class="Spacing-th-0-1-2 Spacing-borderBottom-0-1-8 zep-typo--normal-7"
            >
              <div
                class="Spacing-square-0-1-9"
                style="width: 48px; height: 48px; color: green;"
              />
            </td>
          </tr>
        </tbody>
      </table>
    </div>
  </body>,
  "container": <div>
    <table
      class="Spacing-table-0-1-1"
    >
      <caption
        class="visually-hidden"
      >
        Spacing Scale
      </caption>
      <thead
        class="Spacing-header-0-1-5"
      >
        <tr
          class="Spacing-tr-0-1-3"
        >
          <th
            class="Spacing-th-0-1-2 zep-typo--normal-8 Spacing-capitalize-0-1-7"
            scope="col"
          >
            name
          </th>
          <th
            class="Spacing-th-0-1-2 zep-typo--normal-8 Spacing-lowercase-0-1-6"
            scope="col"
          >
            px
          </th>
          <th
            class="Spacing-th-0-1-2 zep-typo--normal-8 Spacing-lowercase-0-1-6"
            scope="col"
          >
            rem
          </th>
          <th
            class="Spacing-th-0-1-2 zep-typo--normal-8 Spacing-capitalize-0-1-7"
            scope="col"
          >
            actual size
          </th>
        </tr>
      </thead>
      <tbody
        class="Spacing-tbody-0-1-4"
      >
        <tr
          class="Spacing-tr-0-1-3"
        >
          <td
            class="Spacing-th-0-1-2 Spacing-borderBottom-0-1-8 zep-typo--normal-7"
            scope="row"
          >
            zep-spacing--xxs
          </td>
          <td
            class="Spacing-th-0-1-2 Spacing-borderBottom-0-1-8 zep-typo--normal-7"
          >
            4px
          </td>
          <td
            class="Spacing-th-0-1-2 Spacing-borderBottom-0-1-8 zep-typo--normal-7"
          >
            0.25rem
          </td>
          <td
            class="Spacing-th-0-1-2 Spacing-borderBottom-0-1-8 zep-typo--normal-7"
          >
            <div
              class="Spacing-square-0-1-9"
              style="width: 4px; height: 4px; color: green;"
            />
          </td>
        </tr>
        <tr
          class="Spacing-tr-0-1-3"
        >
          <td
            class="Spacing-th-0-1-2 Spacing-borderBottom-0-1-8 zep-typo--normal-7"
            scope="row"
          >
            zep-spacing--xs
          </td>
          <td
            class="Spacing-th-0-1-2 Spacing-borderBottom-0-1-8 zep-typo--normal-7"
          >
            8px
          </td>
          <td
            class="Spacing-th-0-1-2 Spacing-borderBottom-0-1-8 zep-typo--normal-7"
          >
            0.5rem
          </td>
          <td
            class="Spacing-th-0-1-2 Spacing-borderBottom-0-1-8 zep-typo--normal-7"
          >
            <div
              class="Spacing-square-0-1-9"
              style="width: 8px; height: 8px; color: green;"
            />
          </td>
        </tr>
        <tr
          class="Spacing-tr-0-1-3"
        >
          <td
            class="Spacing-th-0-1-2 Spacing-borderBottom-0-1-8 zep-typo--normal-7"
            scope="row"
          >
            zep-spacing--s
          </td>
          <td
            class="Spacing-th-0-1-2 Spacing-borderBottom-0-1-8 zep-typo--normal-7"
          >
            12px
          </td>
          <td
            class="Spacing-th-0-1-2 Spacing-borderBottom-0-1-8 zep-typo--normal-7"
          >
            0.75rem
          </td>
          <td
            class="Spacing-th-0-1-2 Spacing-borderBottom-0-1-8 zep-typo--normal-7"
          >
            <div
              class="Spacing-square-0-1-9"
              style="width: 12px; height: 12px; color: green;"
            />
          </td>
        </tr>
        <tr
          class="Spacing-tr-0-1-3"
        >
          <td
            class="Spacing-th-0-1-2 Spacing-borderBottom-0-1-8 zep-typo--normal-7"
            scope="row"
          >
            zep-spacing--m
          </td>
          <td
            class="Spacing-th-0-1-2 Spacing-borderBottom-0-1-8 zep-typo--normal-7"
          >
            16px
          </td>
          <td
            class="Spacing-th-0-1-2 Spacing-borderBottom-0-1-8 zep-typo--normal-7"
          >
            1rem
          </td>
          <td
            class="Spacing-th-0-1-2 Spacing-borderBottom-0-1-8 zep-typo--normal-7"
          >
            <div
              class="Spacing-square-0-1-9"
              style="width: 16px; height: 16px; color: green;"
            />
          </td>
        </tr>
        <tr
          class="Spacing-tr-0-1-3"
        >
          <td
            class="Spacing-th-0-1-2 Spacing-borderBottom-0-1-8 zep-typo--normal-7"
            scope="row"
          >
            zep-spacing--l
          </td>
          <td
            class="Spacing-th-0-1-2 Spacing-borderBottom-0-1-8 zep-typo--normal-7"
          >
            24px
          </td>
          <td
            class="Spacing-th-0-1-2 Spacing-borderBottom-0-1-8 zep-typo--normal-7"
          >
            1.5rem
          </td>
          <td
            class="Spacing-th-0-1-2 Spacing-borderBottom-0-1-8 zep-typo--normal-7"
          >
            <div
              class="Spacing-square-0-1-9"
              style="width: 24px; height: 24px; color: green;"
            />
          </td>
        </tr>
        <tr
          class="Spacing-tr-0-1-3"
        >
          <td
            class="Spacing-th-0-1-2 Spacing-borderBottom-0-1-8 zep-typo--normal-7"
            scope="row"
          >
            zep-spacing--xl
          </td>
          <td
            class="Spacing-th-0-1-2 Spacing-borderBottom-0-1-8 zep-typo--normal-7"
          >
            32px
          </td>
          <td
            class="Spacing-th-0-1-2 Spacing-borderBottom-0-1-8 zep-typo--normal-7"
          >
            2rem
          </td>
          <td
            class="Spacing-th-0-1-2 Spacing-borderBottom-0-1-8 zep-typo--normal-7"
          >
            <div
              class="Spacing-square-0-1-9"
              style="width: 32px; height: 32px; color: green;"
            />
          </td>
        </tr>
        <tr
          class="Spacing-tr-0-1-3"
        >
          <td
            class="Spacing-th-0-1-2 Spacing-borderBottom-0-1-8 zep-typo--normal-7"
            scope="row"
          >
            zep-spacing--xxl
          </td>
          <td
            class="Spacing-th-0-1-2 Spacing-borderBottom-0-1-8 zep-typo--normal-7"
          >
            48px
          </td>
          <td
            class="Spacing-th-0-1-2 Spacing-borderBottom-0-1-8 zep-typo--normal-7"
          >
            3rem
          </td>
          <td
            class="Spacing-th-0-1-2 Spacing-borderBottom-0-1-8 zep-typo--normal-7"
          >
            <div
              class="Spacing-square-0-1-9"
              style="width: 48px; height: 48px; color: green;"
            />
          </td>
        </tr>
      </tbody>
    </table>
  </div>,
  "debug": [Function],
  "getAllByAltText": [Function],
  "getAllByDisplayValue": [Function],
  "getAllByLabelText": [Function],
  "getAllByPlaceholderText": [Function],
  "getAllByRole": [Function],
  "getAllBySelectText": [Function],
  "getAllByTestId": [Function],
  "getAllByText": [Function],
  "getAllByTitle": [Function],
  "getAllByValue": [Function],
  "getByAltText": [Function],
  "getByDisplayValue": [Function],
  "getByLabelText": [Function],
  "getByPlaceholderText": [Function],
  "getByRole": [Function],
  "getBySelectText": [Function],
  "getByTestId": [Function],
  "getByText": [Function],
  "getByTitle": [Function],
  "getByValue": [Function],
  "queryAllByAltText": [Function],
  "queryAllByDisplayValue": [Function],
  "queryAllByLabelText": [Function],
  "queryAllByPlaceholderText": [Function],
  "queryAllByRole": [Function],
  "queryAllBySelectText": [Function],
  "queryAllByTestId": [Function],
  "queryAllByText": [Function],
  "queryAllByTitle": [Function],
  "queryAllByValue": [Function],
  "queryByAltText": [Function],
  "queryByDisplayValue": [Function],
  "queryByLabelText": [Function],
  "queryByPlaceholderText": [Function],
  "queryByRole": [Function],
  "queryBySelectText": [Function],
  "queryByTestId": [Function],
  "queryByText": [Function],
  "queryByTitle": [Function],
  "queryByValue": [Function],
  "rerender": [Function],
  "unmount": [Function],
}
`;
