// Jest Snapshot v1, https://goo.gl/fbAQLP

exports[`Typefaces renders correctly 1`] = `
Object {
  "asFragment": [Function],
  "baseElement": <body>
    <div>
      <div
        class="Typefaces-root-0-1-1"
      >
        <div
          class="Typefaces-container-0-1-2"
        >
          <div
            class="Typefaces-titleContainer-0-1-3"
          >
            <p
              class="Typefaces-title-0-1-4"
              style="font-family: roboto;"
            >
              Lorem Ipsum
            </p>
          </div>
          <div
            class="Typefaces-buttonContainer-0-1-5"
          >
            <p
              class="Typefaces-text-0-1-6"
            >
              roboto
               Font Family
            </p>
            <a
              aria-label="Launch"
              class="Typefaces-link-0-1-7"
              href="https://fonts.google.com/specimen/Roboto"
              rel="noopener"
              target="_blank"
            >
              <svg
                aria-labelledby="title"
                height="24"
                viewBox="0 0 24 24"
                width="24"
                xmlns="http://www.w3.org/2000/svg"
              >
                <title
                  id="title_launch"
                >
                  Launch Icon
                </title>
                <path
                  d="M0 0h24v24H0z"
                  fill="none"
                />
                <path
                  d="M19 19H5V5h7V3H5c-1.11 0-2 .9-2 2v14c0 1.1.89 2 2 2h14c1.1 0 2-.9 2-2v-7h-2v7zM14 3v2h3.59l-9.83 9.83 1.41 1.41L19 6.41V10h2V3h-7z"
                  fill="currentColor"
                />
              </svg>
            </a>
          </div>
        </div>
        <div
          class="Typefaces-container-0-1-2"
        >
          <div
            class="Typefaces-titleContainer-0-1-3"
          >
            <p
              class="Typefaces-title-0-1-4"
              style="font-family: teko;"
            >
              Lorem Ipsum
            </p>
          </div>
          <div
            class="Typefaces-buttonContainer-0-1-5"
          >
            <p
              class="Typefaces-text-0-1-6"
            >
              teko
               Font Family
            </p>
            <a
              aria-label="Launch"
              class="Typefaces-link-0-1-7"
              href="https://fonts.google.com/specimen/Teko"
              rel="noopener"
              target="_blank"
            >
              <svg
                aria-labelledby="title"
                height="24"
                viewBox="0 0 24 24"
                width="24"
                xmlns="http://www.w3.org/2000/svg"
              >
                <title
                  id="title_launch"
                >
                  Launch Icon
                </title>
                <path
                  d="M0 0h24v24H0z"
                  fill="none"
                />
                <path
                  d="M19 19H5V5h7V3H5c-1.11 0-2 .9-2 2v14c0 1.1.89 2 2 2h14c1.1 0 2-.9 2-2v-7h-2v7zM14 3v2h3.59l-9.83 9.83 1.41 1.41L19 6.41V10h2V3h-7z"
                  fill="currentColor"
                />
              </svg>
            </a>
          </div>
        </div>
      </div>
    </div>
  </body>,
  "container": <div>
    <div
      class="Typefaces-root-0-1-1"
    >
      <div
        class="Typefaces-container-0-1-2"
      >
        <div
          class="Typefaces-titleContainer-0-1-3"
        >
          <p
            class="Typefaces-title-0-1-4"
            style="font-family: roboto;"
          >
            Lorem Ipsum
          </p>
        </div>
        <div
          class="Typefaces-buttonContainer-0-1-5"
        >
          <p
            class="Typefaces-text-0-1-6"
          >
            roboto
             Font Family
          </p>
          <a
            aria-label="Launch"
            class="Typefaces-link-0-1-7"
            href="https://fonts.google.com/specimen/Roboto"
            rel="noopener"
            target="_blank"
          >
            <svg
              aria-labelledby="title"
              height="24"
              viewBox="0 0 24 24"
              width="24"
              xmlns="http://www.w3.org/2000/svg"
            >
              <title
                id="title_launch"
              >
                Launch Icon
              </title>
              <path
                d="M0 0h24v24H0z"
                fill="none"
              />
              <path
                d="M19 19H5V5h7V3H5c-1.11 0-2 .9-2 2v14c0 1.1.89 2 2 2h14c1.1 0 2-.9 2-2v-7h-2v7zM14 3v2h3.59l-9.83 9.83 1.41 1.41L19 6.41V10h2V3h-7z"
                fill="currentColor"
              />
            </svg>
          </a>
        </div>
      </div>
      <div
        class="Typefaces-container-0-1-2"
      >
        <div
          class="Typefaces-titleContainer-0-1-3"
        >
          <p
            class="Typefaces-title-0-1-4"
            style="font-family: teko;"
          >
            Lorem Ipsum
          </p>
        </div>
        <div
          class="Typefaces-buttonContainer-0-1-5"
        >
          <p
            class="Typefaces-text-0-1-6"
          >
            teko
             Font Family
          </p>
          <a
            aria-label="Launch"
            class="Typefaces-link-0-1-7"
            href="https://fonts.google.com/specimen/Teko"
            rel="noopener"
            target="_blank"
          >
            <svg
              aria-labelledby="title"
              height="24"
              viewBox="0 0 24 24"
              width="24"
              xmlns="http://www.w3.org/2000/svg"
            >
              <title
                id="title_launch"
              >
                Launch Icon
              </title>
              <path
                d="M0 0h24v24H0z"
                fill="none"
              />
              <path
                d="M19 19H5V5h7V3H5c-1.11 0-2 .9-2 2v14c0 1.1.89 2 2 2h14c1.1 0 2-.9 2-2v-7h-2v7zM14 3v2h3.59l-9.83 9.83 1.41 1.41L19 6.41V10h2V3h-7z"
                fill="currentColor"
              />
            </svg>
          </a>
        </div>
      </div>
    </div>
  </div>,
  "debug": [Function],
  "findAllByAltText": [Function],
  "findAllByDisplayValue": [Function],
  "findAllByLabelText": [Function],
  "findAllByPlaceholderText": [Function],
  "findAllByRole": [Function],
  "findAllByTestId": [Function],
  "findAllByText": [Function],
  "findAllByTitle": [Function],
  "findByAltText": [Function],
  "findByDisplayValue": [Function],
  "findByLabelText": [Function],
  "findByPlaceholderText": [Function],
  "findByRole": [Function],
  "findByTestId": [Function],
  "findByText": [Function],
  "findByTitle": [Function],
  "getAllByAltText": [Function],
  "getAllByDisplayValue": [Function],
  "getAllByLabelText": [Function],
  "getAllByPlaceholderText": [Function],
  "getAllByRole": [Function],
  "getAllBySelectText": [Function],
  "getAllByTestId": [Function],
  "getAllByText": [Function],
  "getAllByTitle": [Function],
  "getAllByValue": [Function],
  "getByAltText": [Function],
  "getByDisplayValue": [Function],
  "getByLabelText": [Function],
  "getByPlaceholderText": [Function],
  "getByRole": [Function],
  "getBySelectText": [Function],
  "getByTestId": [Function],
  "getByText": [Function],
  "getByTitle": [Function],
  "getByValue": [Function],
  "queryAllByAltText": [Function],
  "queryAllByDisplayValue": [Function],
  "queryAllByLabelText": [Function],
  "queryAllByPlaceholderText": [Function],
  "queryAllByRole": [Function],
  "queryAllBySelectText": [Function],
  "queryAllByTestId": [Function],
  "queryAllByText": [Function],
  "queryAllByTitle": [Function],
  "queryAllByValue": [Function],
  "queryByAltText": [Function],
  "queryByDisplayValue": [Function],
  "queryByLabelText": [Function],
  "queryByPlaceholderText": [Function],
  "queryByRole": [Function],
  "queryBySelectText": [Function],
  "queryByTestId": [Function],
  "queryByText": [Function],
  "queryByTitle": [Function],
  "queryByValue": [Function],
  "rerender": [Function],
  "unmount": [Function],
}
`;
