// Jest Snapshot v1, https://goo.gl/fbAQLP

exports[`ThemeSelect renders correctly 1`] = `
Object {
  "asFragment": [Function],
  "baseElement": <body>
    <div>
      <button
        aria-expanded="false"
        aria-haspopup="menu"
        class="ThemeSelect-menuButton-0-1-9 zep-select__button"
        data-reach-menu-button="true"
        id="button-vo0upt29"
        type="button"
      >
        <span
          class="ThemeSelect-circleContainer-0-1-10"
        >
          <span
            class="ThemeSelect-circle-0-1-1 ThemeSelect-zeppelin-0-1-3"
          />
        </span>
        <svg
          aria-labelledby="title_launch"
          class="ThemeSelect-icon-0-1-11"
          height="32"
          viewBox="0 0 24 24"
          width="32"
          xmlns="http://www.w3.org/2000/svg"
        >
          <title
            id="title_launch"
          >
            Navigation Dropdown
          </title>
          <path
            d="M7,14 L17,14 L12,19 L7,14 Z M17,10 L7,10 L12,5 L17,10 Z"
            fill="currentColor"
          />
        </svg>
      </button>
    </div>
  </body>,
  "container": <div>
    <button
      aria-expanded="false"
      aria-haspopup="menu"
      class="ThemeSelect-menuButton-0-1-9 zep-select__button"
      data-reach-menu-button="true"
      id="button-vo0upt29"
      type="button"
    >
      <span
        class="ThemeSelect-circleContainer-0-1-10"
      >
        <span
          class="ThemeSelect-circle-0-1-1 ThemeSelect-zeppelin-0-1-3"
        />
      </span>
      <svg
        aria-labelledby="title_launch"
        class="ThemeSelect-icon-0-1-11"
        height="32"
        viewBox="0 0 24 24"
        width="32"
        xmlns="http://www.w3.org/2000/svg"
      >
        <title
          id="title_launch"
        >
          Navigation Dropdown
        </title>
        <path
          d="M7,14 L17,14 L12,19 L7,14 Z M17,10 L7,10 L12,5 L17,10 Z"
          fill="currentColor"
        />
      </svg>
    </button>
  </div>,
  "debug": [Function],
  "findAllByAltText": [Function],
  "findAllByDisplayValue": [Function],
  "findAllByLabelText": [Function],
  "findAllByPlaceholderText": [Function],
  "findAllByRole": [Function],
  "findAllByTestId": [Function],
  "findAllByText": [Function],
  "findAllByTitle": [Function],
  "findByAltText": [Function],
  "findByDisplayValue": [Function],
  "findByLabelText": [Function],
  "findByPlaceholderText": [Function],
  "findByRole": [Function],
  "findByTestId": [Function],
  "findByText": [Function],
  "findByTitle": [Function],
  "getAllByAltText": [Function],
  "getAllByDisplayValue": [Function],
  "getAllByLabelText": [Function],
  "getAllByPlaceholderText": [Function],
  "getAllByRole": [Function],
  "getAllByTestId": [Function],
  "getAllByText": [Function],
  "getAllByTitle": [Function],
  "getByAltText": [Function],
  "getByDisplayValue": [Function],
  "getByLabelText": [Function],
  "getByPlaceholderText": [Function],
  "getByRole": [Function],
  "getByTestId": [Function],
  "getByText": [Function],
  "getByTitle": [Function],
  "queryAllByAltText": [Function],
  "queryAllByDisplayValue": [Function],
  "queryAllByLabelText": [Function],
  "queryAllByPlaceholderText": [Function],
  "queryAllByRole": [Function],
  "queryAllByTestId": [Function],
  "queryAllByText": [Function],
  "queryAllByTitle": [Function],
  "queryByAltText": [Function],
  "queryByDisplayValue": [Function],
  "queryByLabelText": [Function],
  "queryByPlaceholderText": [Function],
  "queryByRole": [Function],
  "queryByTestId": [Function],
  "queryByText": [Function],
  "queryByTitle": [Function],
  "rerender": [Function],
  "unmount": [Function],
}
`;
